Archive member included because of file (symbol)

contiki-sky.a(rimeaddr.o)     obj_sky/contiki-sky-main.o (rimeaddr_copy)
contiki-sky.a(rime.o)         obj_sky/contiki-sky-main.o (rime_driver)
contiki-sky.a(rimestats.o)    contiki-sky.a(rime.o) (rimestats)
contiki-sky.a(announcement.o)
                              contiki-sky.a(rime.o) (announcement_init)
contiki-sky.a(broadcast-annou)
                              contiki-sky.a(rime.o) (broadcast_announcement_init)
contiki-sky.a(broadcast.o)    contiki-sky.a(broadcast-annou) (broadcast_open)
contiki-sky.a(abc.o)          contiki-sky.a(broadcast.o) (abc_open)
contiki-sky.a(chameleon.o)    contiki-sky.a(rime.o) (chameleon_init)
contiki-sky.a(channel.o)      contiki-sky.a(chameleon.o) (channel_init)
contiki-sky.a(chameleon-bitop)
                              contiki-sky.a(chameleon.o) (chameleon_bitopt)
contiki-sky.a(csma.o)         obj_sky/contiki-sky-main.o (csma_driver)
contiki-sky.a(contikimac.o)   obj_sky/contiki-sky-main.o (contikimac_driver)
contiki-sky.a(phase.o)        contiki-sky.a(contikimac.o) (phase_update)
contiki-sky.a(process.o)      obj_sky/contiki-sky-main.o (process_init)
contiki-sky.a(autostart.o)    obj_sky/contiki-sky-main.o (autostart_start)
contiki-sky.a(compower.o)     contiki-sky.a(contikimac.o) (compower_idle_activity)
contiki-sky.a(serial-line.o)  obj_sky/contiki-sky-main.o (serial_line_input_byte)
contiki-sky.a(memb.o)         contiki-sky.a(csma.o) (memb_init)
contiki-sky.a(timer.o)        obj_sky/contiki-sky-main.o (timer_set)
contiki-sky.a(list.o)         contiki-sky.a(announcement.o) (list_init)
contiki-sky.a(etimer.o)       obj_sky/contiki-sky-main.o (etimer_process)
contiki-sky.a(ctimer.o)       obj_sky/contiki-sky-main.o (ctimer_init)
contiki-sky.a(energest.o)     obj_sky/contiki-sky-main.o (energest_init)
contiki-sky.a(rtimer.o)       obj_sky/contiki-sky-main.o (rtimer_init)
contiki-sky.a(random.o)       obj_sky/contiki-sky-main.o (random_init)
contiki-sky.a(ringbuf.o)      contiki-sky.a(serial-line.o) (ringbuf_init)
contiki-sky.a(packetbuf.o)    contiki-sky.a(contikimac.o) (packetbuf_hdr_remove)
contiki-sky.a(queuebuf.o)     contiki-sky.a(rime.o) (queuebuf_init)
contiki-sky.a(contiki-sky-pla)
                              obj_sky/contiki-sky-main.o (init_platform)
contiki-sky.a(sht11.o)        humidity.co (sht11_init)
contiki-sky.a(button-sensor.o)
                              contiki-sky.a(contiki-sky-pla) (button_sensor)
contiki-sky.a(ds2411.o)       obj_sky/contiki-sky-main.o (ds2411_init)
contiki-sky.a(xmem.o)         obj_sky/contiki-sky-main.o (xmem_init)
contiki-sky.a(node-id.o)      obj_sky/contiki-sky-main.o (node_id_restore)
contiki-sky.a(sensors.o)      contiki-sky.a(button-sensor.o) (sensors_changed)
contiki-sky.a(cc2420.o)       obj_sky/contiki-sky-main.o (cc2420_set_channel)
contiki-sky.a(cc2420-arch.o)  contiki-sky.a(cc2420.o) (cc2420_arch_init)
contiki-sky.a(uart1.o)        obj_sky/contiki-sky-main.o (uart1_active)
contiki-sky.a(uart1-putchar.o)
                              obj_sky/contiki-sky-main.o (putchar)
contiki-sky.a(msp430.o)       contiki-sky.a(uart1.o) (msp430_add_lpm_req)
contiki-sky.a(clock.o)        contiki-sky.a(timer.o) (clock_time)
contiki-sky.a(leds.o)         obj_sky/contiki-sky-main.o (leds_init)
contiki-sky.a(leds-arch.o)    contiki-sky.a(leds.o) (leds_arch_init)
contiki-sky.a(watchdog.o)     obj_sky/contiki-sky-main.o (watchdog_start)
contiki-sky.a(rtimer-arch.o)  contiki-sky.a(rtimer.o) (rtimer_arch_init)
contiki-sky.a(mac.o)          contiki-sky.a(csma.o) (mac_call_sent_callback)
contiki-sky.a(framer-802154.o)
                              contiki-sky.a(contikimac.o) (framer_802154)
contiki-sky.a(spi.o)          contiki-sky.a(xmem.o) (spi_init)
contiki-sky.a(frame802154.o)  contiki-sky.a(framer-802154.o) (frame802154_hdrlen)
/usr/bin/../lib/gcc/msp430/4.5.3/mmpy-16/libgcc.a(_mulsi3.o)
                              contiki-sky.a(csma.o) (__mulsi3)
/usr/bin/../lib/gcc/msp430/4.5.3/mmpy-16/libgcc.a(_udivmodhi4.o)
                              contiki-sky.a(phase.o) (__udivmodhi4)
/usr/bin/../lib/gcc/msp430/4.5.3/mmpy-16/libgcc.a(_udivmodsi4.o)
                              obj_sky/contiki-sky-main.o (__udivmodsi4)
/usr/bin/../lib/gcc/msp430/4.5.3/mmpy-16/libgcc.a(_fixunssfsi.o)
                              humidity.co (__fixunssfsi)
/usr/bin/../lib/gcc/msp430/4.5.3/mmpy-16/libgcc.a(_addsub_sf.o)
                              humidity.co (__subsf3)
/usr/bin/../lib/gcc/msp430/4.5.3/mmpy-16/libgcc.a(_mul_sf.o)
                              humidity.co (__mulsf3)
/usr/bin/../lib/gcc/msp430/4.5.3/mmpy-16/libgcc.a(_ge_sf.o)
                              /usr/bin/../lib/gcc/msp430/4.5.3/mmpy-16/libgcc.a(_fixunssfsi.o) (__gesf2)
/usr/bin/../lib/gcc/msp430/4.5.3/mmpy-16/libgcc.a(_sf_to_si.o)
                              /usr/bin/../lib/gcc/msp430/4.5.3/mmpy-16/libgcc.a(_fixunssfsi.o) (__fixsfsi)
/usr/bin/../lib/gcc/msp430/4.5.3/mmpy-16/libgcc.a(_thenan_sf.o)
[...]
Memory Configuration

Name             Origin             Length             Attributes
sfr              0x00000000         0x00000010
peripheral_8bit  0x00000010         0x000000f0
peripheral_16bit 0x00000100         0x00000100
infomem          0x00001000         0x00000100
infob            0x00001000         0x00000080
infoa            0x00001080         0x00000080
ram              0x00001100         0x00002800         xw
rom              0x00004000         0x0000bfe0         xr
vectors          0x0000ffe0         0x00000020
bsl              0x00000000         0x00000000
infoc            0x00000000         0x00000000
infod            0x00000000         0x00000000
far_rom          0x00000000         0x00000000
*default*        0x00000000         0xffffffff

Linker script and memory map

LOAD /usr/bin/../lib/gcc/msp430/4.5.3/mmpy-16/crt0ivtbl16.o
LOAD humidity.co
LOAD obj_sky/contiki-sky-main.o
LOAD contiki-sky.a
LOAD /usr/bin/../lib/gcc/msp430/4.5.3/mmpy-16/libgcc.a
LOAD /usr/bin/../lib/gcc/msp430/4.5.3/../../../../msp430/lib/mmpy-16/libc.a
LOAD /usr/bin/../lib/gcc/msp430/4.5.3/mmpy-16/libgcc.a
LOAD /usr/bin/../lib/gcc/msp430/4.5.3/mmpy-16/libcrt0.a
                0x00000000                __IE1 = 0x0
                0x00000002                __IFG1 = 0x2
                0x00000004                __ME1 = 0x4
                0x00000001                __IE2 = 0x1
                0x00000003                __IFG2 = 0x3
                0x00000005                __ME2 = 0x5
                0x00000120                __WDTCTL = 0x120
                0x00000130                __MPY = 0x130
                0x00000132                __MPYS = 0x132
                0x00000134                __MAC = 0x134
                0x00000136                __MACS = 0x136
                0x00000138                __OP2 = 0x138
                0x0000013a                __RESLO = 0x13a
                0x0000013c                __RESHI = 0x13c
                0x0000013e                __SUMEXT = 0x13e
                0x00000020                __P1IN = 0x20
                0x00000021                __P1OUT = 0x21
                0x00000022                __P1DIR = 0x22
                0x00000023                __P1IFG = 0x23
                0x00000024                __P1IES = 0x24
                0x00000025                __P1IE = 0x25
                0x00000026                __P1SEL = 0x26
                0x00000028                __P2IN = 0x28
                0x00000029                __P2OUT = 0x29
                0x0000002a                __P2DIR = 0x2a
                0x0000002b                __P2IFG = 0x2b
                0x0000002c                __P2IES = 0x2c
                0x0000002d                __P2IE = 0x2d
                0x0000002e                __P2SEL = 0x2e
                0x00000018                __P3IN = 0x18
                0x00000019                __P3OUT = 0x19
                0x0000001a                __P3DIR = 0x1a
                0x0000001b                __P3SEL = 0x1b
                0x0000001c                __P4IN = 0x1c
                0x0000001d                __P4OUT = 0x1d
                0x0000001e                __P4DIR = 0x1e
                0x0000001f                __P4SEL = 0x1f
                0x00000030                __P5IN = 0x30
                0x00000031                __P5OUT = 0x31
                0x00000032                __P5DIR = 0x32
                0x00000033                __P5SEL = 0x33
                0x00000034                __P6IN = 0x34
                0x00000035                __P6OUT = 0x35
                0x00000036                __P6DIR = 0x36
                0x00000037                __P6SEL = 0x37
                0x00000070                __U0CTL = 0x70
                0x00000071                __U0TCTL = 0x71
                0x00000072                __U0RCTL = 0x72
                0x00000073                __U0MCTL = 0x73
                0x00000074                __U0BR0 = 0x74
                0x00000075                __U0BR1 = 0x75
                0x00000076                __U0RXBUF = 0x76
                0x00000077                __U0TXBUF = 0x77
                0x00000078                __U1CTL = 0x78
                0x00000079                __U1TCTL = 0x79
                0x0000007a                __U1RCTL = 0x7a
                0x0000007b                __U1MCTL = 0x7b
                0x0000007c                __U1BR0 = 0x7c
                0x0000007d                __U1BR1 = 0x7d
                0x0000007e                __U1RXBUF = 0x7e
                0x0000007f                __U1TXBUF = 0x7f
                0x00000050                __I2CIE = 0x50
                0x00000051                __I2CIFG = 0x51
                0x00000052                __I2CNDAT = 0x52
                0x00000071                __I2CTCTL = 0x71
                0x00000072                __I2CDCTL = 0x72
                0x00000073                __I2CPSC = 0x73
                0x00000074                __I2CSCLH = 0x74
                0x00000075                __I2CSCLL = 0x75
                0x00000076                __I2CDRB = 0x76
                0x00000076                __I2CDRW = 0x76
                0x00000118                __I2COA = 0x118
                0x0000011a                __I2CSA = 0x11a
                0x0000011c                __I2CIV = 0x11c
                0x0000012e                __TAIV = 0x12e
                0x00000160                __TACTL = 0x160
                0x00000162                __TACCTL0 = 0x162
                0x00000164                __TACCTL1 = 0x164
                0x00000166                __TACCTL2 = 0x166
                0x00000170                __TAR = 0x170
                0x00000172                __TACCR0 = 0x172
                0x00000174                __TACCR1 = 0x174
                0x00000176                __TACCR2 = 0x176
                0x0000011e                __TBIV = 0x11e
                0x00000180                __TBCTL = 0x180
                0x00000182                __TBCCTL0 = 0x182
                0x00000184                __TBCCTL1 = 0x184
                0x00000186                __TBCCTL2 = 0x186
                0x00000188                __TBCCTL3 = 0x188
                0x0000018a                __TBCCTL4 = 0x18a
                0x0000018c                __TBCCTL5 = 0x18c
                0x0000018e                __TBCCTL6 = 0x18e
                0x00000190                __TBR = 0x190
                0x00000192                __TBCCR0 = 0x192
                0x00000194                __TBCCR1 = 0x194
                0x00000196                __TBCCR2 = 0x196
                0x00000198                __TBCCR3 = 0x198
                0x0000019a                __TBCCR4 = 0x19a
                0x0000019c                __TBCCR5 = 0x19c
                0x0000019e                __TBCCR6 = 0x19e
                0x00000056                __DCOCTL = 0x56
                0x00000057                __BCSCTL1 = 0x57
                0x00000058                __BCSCTL2 = 0x58
                0x00000055                __SVSCTL = 0x55
                0x00000128                __FCTL1 = 0x128
                0x0000012a                __FCTL2 = 0x12a
                0x0000012c                __FCTL3 = 0x12c
                0x00000059                __CACTL1 = 0x59
                0x0000005a                __CACTL2 = 0x5a
                0x0000005b                __CAPD = 0x5b
                0x000001a0                __ADC12CTL0 = 0x1a0
                0x000001a2                __ADC12CTL1 = 0x1a2
                0x000001a4                __ADC12IFG = 0x1a4
                0x000001a6                __ADC12IE = 0x1a6
                0x000001a8                __ADC12IV = 0x1a8
                0x00000140                __ADC12MEM0 = 0x140
                0x00000142                __ADC12MEM1 = 0x142
                0x00000144                __ADC12MEM2 = 0x144
                0x00000146                __ADC12MEM3 = 0x146
                0x00000148                __ADC12MEM4 = 0x148
                0x0000014a                __ADC12MEM5 = 0x14a
                0x0000014c                __ADC12MEM6 = 0x14c
                0x0000014e                __ADC12MEM7 = 0x14e
                0x00000150                __ADC12MEM8 = 0x150
                0x00000152                __ADC12MEM9 = 0x152
                0x00000154                __ADC12MEM10 = 0x154
                0x00000156                __ADC12MEM11 = 0x156
                0x00000158                __ADC12MEM12 = 0x158
                0x0000015a                __ADC12MEM13 = 0x15a
                0x0000015c                __ADC12MEM14 = 0x15c
                0x0000015e                __ADC12MEM15 = 0x15e
                0x00000080                __ADC12MCTL0 = 0x80
                0x00000081                __ADC12MCTL1 = 0x81
                0x00000082                __ADC12MCTL2 = 0x82
                0x00000083                __ADC12MCTL3 = 0x83
                0x00000084                __ADC12MCTL4 = 0x84
                0x00000085                __ADC12MCTL5 = 0x85
                0x00000086                __ADC12MCTL6 = 0x86
                0x00000087                __ADC12MCTL7 = 0x87
                0x00000088                __ADC12MCTL8 = 0x88
                0x00000089                __ADC12MCTL9 = 0x89
                0x0000008a                __ADC12MCTL10 = 0x8a
                0x0000008b                __ADC12MCTL11 = 0x8b
                0x0000008c                __ADC12MCTL12 = 0x8c
                0x0000008d                __ADC12MCTL13 = 0x8d
                0x0000008e                __ADC12MCTL14 = 0x8e
                0x0000008f                __ADC12MCTL15 = 0x8f
                0x000001c0                __DAC12_0CTL = 0x1c0
                0x000001c2                __DAC12_1CTL = 0x1c2
                0x000001c8                __DAC12_0DAT = 0x1c8
                0x000001ca                __DAC12_1DAT = 0x1ca
                0x00000122                __DMACTL0 = 0x122
                0x00000124                __DMACTL1 = 0x124
                0x000001e0                __DMA0CTL = 0x1e0
                0x000001e8                __DMA1CTL = 0x1e8
                0x000001f0                __DMA2CTL = 0x1f0
                0x000001e2                __DMA0SA = 0x1e2
                0x000001e4                __DMA0DA = 0x1e4
                0x000001e6                __DMA0SZ = 0x1e6
                0x000001ea                __DMA1SA = 0x1ea
                0x000001ec                __DMA1DA = 0x1ec
                0x000001ee                __DMA1SZ = 0x1ee
                0x000001f2                __DMA2SA = 0x1f2
                0x000001f4                __DMA2DA = 0x1f4
                0x000001f6                __DMA2SZ = 0x1f6

.hash
 *(.hash)

.dynsym
 *(.dynsym)

.dynstr
 *(.dynstr)

.gnu.version
 *(.gnu.version)

.gnu.version_d
 *(.gnu.version_d)

.gnu.version_r
 *(.gnu.version_r)

.rel.init
 *(.rel.init)

.rela.init
 *(.rela.init)

.rel.text
 *(.rel.text)
 *(.rel.text.*)
 *(.rel.gnu.linkonce.t*)

.rela.text
 *(.rela.text)
 *(.rela.text.*)
 *(.rela.gnu.linkonce.t*)

.rel.fini
 *(.rel.fini)

.rela.fini
 *(.rela.fini)

.rel.rodata
 *(.rel.rodata)
 *(.rel.rodata.*)
 *(.rel.gnu.linkonce.r*)

.rela.rodata
 *(.rela.rodata)
 *(.rela.rodata.*)
 *(.rela.gnu.linkonce.r*)

.rel.data
 *(.rel.data)
 *(.rel.data.*)
 *(.rel.gnu.linkonce.d*)

.rela.data
 *(.rela.data)
 *(.rela.data.*)
 *(.rela.gnu.linkonce.d*)

.rel.ctors
 *(.rel.ctors)

.rela.ctors
 *(.rela.ctors)

.rel.dtors
 *(.rel.dtors)

.rela.dtors
 *(.rela.dtors)

.rel.got
 *(.rel.got)

.rela.got
 *(.rela.got)

.rel.bss
 *(.rel.bss)

.rela.bss
 *(.rela.bss)

.rel.plt
 *(.rel.plt)

.rela.plt
 *(.rela.plt)

.text           0x00004000     0x5c72
                0x00004000                . = ALIGN (0x2)
 *(.init)
 *(.init0)
 .init0         0x00004000        0x0 /usr/bin/../lib/gcc/msp430/4.5.3/mmpy-16/libcrt0.a(_reset_vector__.o)
                0x00004000                _reset_vector__
 *(.init1)
 *(.init2)
 .init2         0x00004000        0x4 /usr/bin/../lib/gcc/msp430/4.5.3/mmpy-16/libcrt0.a(__init_stack.o)
                0x00004000                __init_stack
 *(.init3)
 .init3         0x00004004        0xa /usr/bin/../lib/gcc/msp430/4.5.3/mmpy-16/libcrt0.a(__low_level_init.o)
                0x00004004                __low_level_init
 *(.init4)
 .init4         0x0000400e       0x16 /usr/bin/../lib/gcc/msp430/4.5.3/mmpy-16/libcrt0.a(_copy_data.o)
                0x0000400e                __do_copy_data
 .init4         0x00004024       0x14 /usr/bin/../lib/gcc/msp430/4.5.3/mmpy-16/libcrt0.a(_clear_bss.o)
                0x00004024                __do_clear_bss
 *(.init5)
 *(.init6)
 *(.init7)
 *(.init8)
 *(.init9)
 .init9         0x00004038      0x302 obj_sky/contiki-sky-main.o
                0x00004038                main
 *(.fini9)
 .fini9         0x0000433a        0x0 /usr/bin/../lib/gcc/msp430/4.5.3/mmpy-16/libcrt0.a(__stop_progExec__.o)
                0x0000433a                __stop_progExec__
 *(.fini8)
 *(.fini7)
 *(.fini6)
 *(.fini5)
 *(.fini4)
 *(.fini3)
 *(.fini2)
 *(.fini1)
 *(.fini0)
 .fini0         0x0000433a        0x6 /usr/bin/../lib/gcc/msp430/4.5.3/mmpy-16/libcrt0.a(_endless_loop__.o)
                0x0000433a                _endless_loop__
 *(.fini)
                0x00004340                . = ALIGN (0x2)
                0x00004340                __ctors_start = .
 *(.ctors)
                0x00004340                __ctors_end = .
                0x00004340                __dtors_start = .
 *(.dtors)
                0x00004340                __dtors_end = .
                0x00004340                . = ALIGN (0x2)
 *(.text)
 .text          0x00004340        0x4 /usr/bin/../lib/gcc/msp430/4.5.3/mmpy-16/crt0ivtbl16.o
                0x00004340                __isr_14
                0x00004340                __isr_11
                0x00004340                __isr_2
                0x00004340                __isr_7
                0x00004340                __isr_0
                0x00004340                __isr_8
                0x00004340                __isr_3
                0x00004340                __isr_12
                0x00004340                __isr_13
                0x00004340                __isr_9
 .text          0x00004344       0x24 humidity.co
                0x00004364                autostart_processes
 .text          0x00004368       0xd4 obj_sky/contiki-sky-main.o
 .text          0x0000443c        0x2 contiki-sky.a(rimeaddr.o)
                0x0000443c                rimeaddr_null
 .text          0x0000443e        0xc contiki-sky.a(rime.o)
                0x00004444                rime_driver
 .text          0x0000444a        0x4 contiki-sky.a(broadcast-annou)
 .text          0x0000444e        0x8 contiki-sky.a(broadcast.o)
 .text          0x00004456        0x2 contiki-sky.a(abc.o)
 .text          0x00004458       0x10 contiki-sky.a(chameleon-bitop)
                0x00004458                chameleon_bitopt
 .text          0x00004468       0x14 contiki-sky.a(csma.o)
                0x0000446e                csma_driver
 .text          0x0000447c       0x46 contiki-sky.a(contikimac.o)
                0x000044b2                contikimac_driver
 .text          0x000044c2        0xe contiki-sky.a(serial-line.o)
 .text          0x000044d0        0xc contiki-sky.a(etimer.o)
 .text          0x000044dc        0xf contiki-sky.a(ctimer.o)
 *fill*         0x000044eb        0x1 00
 .text          0x000044ec       0x10 contiki-sky.a(button-sensor.o)
                0x000044f4                button_sensor
 .text          0x000044fc        0x8 contiki-sky.a(sensors.o)
 .text          0x00004504       0x22 contiki-sky.a(cc2420.o)
                0x00004512                cc2420_driver
 .text          0x00004526        0x4 contiki-sky.a(framer-802154.o)
                0x00004526                framer_802154
 .text          0x0000452a        0x2 contiki-sky.a(frame802154.o)
 .text          0x0000452c       0x42 /usr/bin/../lib/gcc/msp430/4.5.3/mmpy-16/libgcc.a(_fixunssfsi.o)
                0x0000452c                __fixunssfsi
 .text          0x0000456e      0x352 /usr/bin/../lib/gcc/msp430/4.5.3/mmpy-16/libgcc.a(_addsub_sf.o)
                0x0000481c                __addsf3
                0x0000486c                __subsf3
 .text          0x000048c0      0x1fe /usr/bin/../lib/gcc/msp430/4.5.3/mmpy-16/libgcc.a(_mul_sf.o)
                0x000048c0                __mulsf3
 .text          0x00004abe       0x58 /usr/bin/../lib/gcc/msp430/4.5.3/mmpy-16/libgcc.a(_ge_sf.o)
                0x00004abe                __gesf2
 .text          0x00004b16       0x8a /usr/bin/../lib/gcc/msp430/4.5.3/mmpy-16/libgcc.a(_sf_to_si.o)
                0x00004b16                __fixsfsi
 .text          0x00004ba0        0x8 /usr/bin/../lib/gcc/msp430/4.5.3/mmpy-16/libgcc.a(_thenan_sf.o)
                0x00004ba0                __thenan_sf
 .text          0x00004ba8       0xd8 /usr/bin/../lib/gcc/msp430/4.5.3/mmpy-16/libgcc.a(_usi_to_sf.o)
                0x00004ba8                __floatunsisf
 .text          0x00004c80       0x58 /usr/bin/../lib/gcc/msp430/4.5.3/mmpy-16/libgcc.a(_clzsi2.o)
                0x00004c80                __clzsi2
 .text          0x00004cd8      0x1d6 /usr/bin/../lib/gcc/msp430/4.5.3/mmpy-16/libgcc.a(_pack_sf.o)
                0x00004cd8                __pack_f
 .text          0x00004eae      0x132 /usr/bin/../lib/gcc/msp430/4.5.3/mmpy-16/libgcc.a(_unpack_sf.o)
                0x00004eae                __unpack_f
 .text          0x00004fe0       0xa2 /usr/bin/../lib/gcc/msp430/4.5.3/mmpy-16/libgcc.a(_fpcmp_parts_sf.o)
                0x00004fe0                __fpcmp_parts_f
 .text          0x00005082      0x100 /usr/bin/../lib/gcc/msp430/4.5.3/mmpy-16/libgcc.a(_clz.o)
                0x00005082                __clz_tab
 .text          0x00005182      0x104 /usr/bin/../lib/gcc/msp430/4.5.3/../../../../msp430/lib/mmpy-16/libc.a(memcpy.o)
                0x00005182                memcpy
 .text          0x00005286       0x66 /usr/bin/../lib/gcc/msp430/4.5.3/../../../../msp430/lib/mmpy-16/libc.a(memset.o)
                0x00005286                memset
 .text          0x000052ec       0x20 /usr/bin/../lib/gcc/msp430/4.5.3/../../../../msp430/lib/mmpy-16/libc.a(printf.o)
                0x000052ec                printf
                0x000052fe                vprintf
 .text          0x0000530c      0x476 /usr/bin/../lib/gcc/msp430/4.5.3/../../../../msp430/lib/mmpy-16/libc.a(vuprintf.o)
                0x00005418                vuprintf
 .text          0x00005782       0x2c /usr/bin/../lib/gcc/msp430/4.5.3/../../../../msp430/lib/mmpy-16/libc.a(puts.o)
                0x00005782                puts
 .text          0x000057ae      0x134 /usr/bin/../lib/gcc/msp430/4.5.3/../../../../msp430/lib/mmpy-16/libc.a(rand.o)
                0x000057ae                rand_r
                0x00005842                rand
                0x000058d8                srand
                0x000058e2                . = ALIGN (0x2)
 *(.text.*)
 .text.process_thread_test_sht11_process
                0x000058e2       0xbe humidity.co
 .text.rimeaddr_copy
                0x000059a0        0xc contiki-sky.a(rimeaddr.o)
                0x000059a0                rimeaddr_copy
 .text.rimeaddr_cmp
                0x000059ac       0x1a contiki-sky.a(rimeaddr.o)
                0x000059ac                rimeaddr_cmp
 .text.rimeaddr_set_node_addr
                0x000059c6       0x10 contiki-sky.a(rimeaddr.o)
                0x000059c6                rimeaddr_set_node_addr
 .text.input    0x000059d6       0x42 contiki-sky.a(rime.o)
 .text.init     0x00005a18       0x2e contiki-sky.a(rime.o)
 .text.packet_sent
                0x00005a46       0x44 contiki-sky.a(rime.o)
 .text.rime_output
                0x00005a8a       0x28 contiki-sky.a(rime.o)
                0x00005a8a                rime_output
 .text.announcement_init
                0x00005ab2        0xa contiki-sky.a(announcement.o)
                0x00005ab2                announcement_init
 .text.announcement_register_observer_callback
                0x00005abc        0x6 contiki-sky.a(announcement.o)
                0x00005abc                announcement_register_observer_callback
 .text.announcement_list
                0x00005ac2        0xa contiki-sky.a(announcement.o)
                0x00005ac2                announcement_list
 .text.announcement_heard
                0x00005acc       0x42 contiki-sky.a(announcement.o)
                0x00005acc                announcement_heard
 .text.adv_packet_sent
                0x00005b0e        0x2 contiki-sky.a(broadcast-annou)
 .text.adv_packet_received
                0x00005b10       0x6c contiki-sky.a(broadcast-annou)
 .text.set_timers
                0x00005b7c       0x60 contiki-sky.a(broadcast-annou)
 .text.new_announcement
                0x00005bdc       0x18 contiki-sky.a(broadcast-annou)
 .text.send_timer
                0x00005bf4       0x38 contiki-sky.a(broadcast-annou)
 .text.send_adv
                0x00005c2c       0x66 contiki-sky.a(broadcast-annou)
 .text.broadcast_announcement_init
                0x00005c92       0x48 contiki-sky.a(broadcast-annou)
                0x00005c92                broadcast_announcement_init
 .text.sent_by_abc
                0x00005cda       0x10 contiki-sky.a(broadcast.o)
 .text.recv_from_abc
                0x00005cea       0x20 contiki-sky.a(broadcast.o)
 .text.broadcast_open
                0x00005d0a       0x2a contiki-sky.a(broadcast.o)
                0x00005d0a                broadcast_open
 .text.broadcast_send
                0x00005d34       0x1a contiki-sky.a(broadcast.o)
                0x00005d34                broadcast_send
 .text.abc_open
                0x00005d4e       0x26 contiki-sky.a(abc.o)
                0x00005d4e                abc_open
 .text.abc_send
                0x00005d74        0x6 contiki-sky.a(abc.o)
                0x00005d74                abc_send
 .text.abc_input
                0x00005d7a        0x8 contiki-sky.a(abc.o)
                0x00005d7a                abc_input
 .text.abc_sent
                0x00005d82       0x10 contiki-sky.a(abc.o)
                0x00005d82                abc_sent
 .text.chameleon_init
                0x00005d92        0x6 contiki-sky.a(chameleon.o)
                0x00005d92                chameleon_init
 .text.chameleon_parse
                0x00005d98       0x10 contiki-sky.a(chameleon.o)
                0x00005d98                chameleon_parse
 .text.chameleon_create
                0x00005da8       0x1c contiki-sky.a(chameleon.o)
                0x00005da8                chameleon_create
 .text.chameleon_hdrsize
                0x00005dc4        0x6 contiki-sky.a(chameleon.o)
                0x00005dc4                chameleon_hdrsize
 .text.channel_init
                0x00005dca        0xa contiki-sky.a(channel.o)
                0x00005dca                channel_init
 .text.channel_open
                0x00005dd4       0x10 contiki-sky.a(channel.o)
                0x00005dd4                channel_open
 .text.channel_lookup
                0x00005de4       0x20 contiki-sky.a(channel.o)
                0x00005de4                channel_lookup
 .text.channel_set_attributes
                0x00005e04       0x24 contiki-sky.a(channel.o)
                0x00005e04                channel_set_attributes
 .text.header_size
                0x00005e28       0x16 contiki-sky.a(chameleon-bitop)
 .text.get_bits_in_byte
                0x00005e3e       0x30 contiki-sky.a(chameleon-bitop)
                0x00005e3e                get_bits_in_byte
 .text.get_bits
                0x00005e6e       0xaa contiki-sky.a(chameleon-bitop)
                0x00005e6e                get_bits
 .text.unpack_header
                0x00005f18       0xde contiki-sky.a(chameleon-bitop)
 .text.set_bits_in_byte
                0x00005ff6       0x26 contiki-sky.a(chameleon-bitop)
                0x00005ff6                set_bits_in_byte
 .text.set_bits
                0x0000601c       0xb0 contiki-sky.a(chameleon-bitop)
                0x0000601c                set_bits
 .text.pack_header
                0x000060cc       0xb8 contiki-sky.a(chameleon-bitop)
 .text.input_packet
                0x00006184        0x6 contiki-sky.a(csma.o)
 .text.on       0x0000618a        0x6 contiki-sky.a(csma.o)
 .text.off      0x00006190        0x6 contiki-sky.a(csma.o)
 .text.channel_check_interval
                0x00006196        0xc contiki-sky.a(csma.o)
 .text.transmit_packet_list
                0x000061a2       0x24 contiki-sky.a(csma.o)
 .text.send_packet
                0x000061c6      0x172 contiki-sky.a(csma.o)
 .text.free_first_packet
                0x00006338       0x98 contiki-sky.a(csma.o)
 .text.packet_sent
                0x000063d0       0xfe contiki-sky.a(csma.o)
 .text.init     0x000064ce       0x1a contiki-sky.a(csma.o)
 .text.on       0x000064e8       0x16 contiki-sky.a(contikimac.o)
 .text.off      0x000064fe       0x1e contiki-sky.a(contikimac.o)
 .text.recv_burst_off
                0x0000651c        0xa contiki-sky.a(contikimac.o)
 .text.turn_off
                0x00006526       0x20 contiki-sky.a(contikimac.o)
 .text.duty_cycle
                0x00006546        0x6 contiki-sky.a(contikimac.o)
 .text.turn_on  0x0000654c       0x30 contiki-sky.a(contikimac.o)
 .text.schedule_powercycle_fixed
                0x0000657c       0x4c contiki-sky.a(contikimac.o)
 .text.powercycle_turn_radio_off
                0x000065c8       0x2c contiki-sky.a(contikimac.o)
 .text.powercycle
                0x000065f4      0x1cc contiki-sky.a(contikimac.o)
 .text.input_packet
                0x000067c0      0x118 contiki-sky.a(contikimac.o)
 .text.send_packet
                0x000068d8      0x2de contiki-sky.a(contikimac.o)
 .text.qsend_list
                0x00006bb6       0x88 contiki-sky.a(contikimac.o)
 .text.qsend_packet
                0x00006c3e       0x26 contiki-sky.a(contikimac.o)
 .text.init     0x00006c64       0x32 contiki-sky.a(contikimac.o)
 .text.send_packet
                0x00006c96       0x44 contiki-sky.a(phase.o)
 .text.find_neighbor
                0x00006cda       0x32 contiki-sky.a(phase.o)
                0x00006cda                find_neighbor
 .text.phase_update
                0x00006d0c       0xb8 contiki-sky.a(phase.o)
                0x00006d0c                phase_update
 .text.phase_wait
                0x00006dc4      0x114 contiki-sky.a(phase.o)
                0x00006dc4                phase_wait
 .text.phase_init
                0x00006ed8       0x20 contiki-sky.a(phase.o)
                0x00006ed8                phase_init
 .text.call_process
                0x00006ef8       0x4c contiki-sky.a(process.o)
 .text.exit_process
                0x00006f44       0x94 contiki-sky.a(process.o)
 .text.do_poll  0x00006fd8       0x30 contiki-sky.a(process.o)
 .text.process_alloc_event
                0x00007008        0xe contiki-sky.a(process.o)
                0x00007008                process_alloc_event
 .text.process_init
                0x00007016       0x1c contiki-sky.a(process.o)
                0x00007016                process_init
 .text.process_run
                0x00007032       0x9c contiki-sky.a(process.o)
                0x00007032                process_run
 .text.process_nevents
                0x000070ce        0xc contiki-sky.a(process.o)
                0x000070ce                process_nevents
 .text.process_post
                0x000070da       0x54 contiki-sky.a(process.o)
                0x000070da                process_post
 .text.process_post_synch
                0x0000712e       0x12 contiki-sky.a(process.o)
                0x0000712e                process_post_synch
 .text.process_start
                0x00007140       0x32 contiki-sky.a(process.o)
                0x00007140                process_start
 .text.process_poll
                0x00007172       0x1a contiki-sky.a(process.o)
                0x00007172                process_poll
 .text.autostart_start
                0x0000718c       0x18 contiki-sky.a(autostart.o)
                0x0000718c                autostart_start
 .text.compower_accumulate
                0x000071a4       0x72 contiki-sky.a(compower.o)
                0x000071a4                compower_accumulate
 .text.compower_clear
                0x00007216       0x12 contiki-sky.a(compower.o)
                0x00007216                compower_clear
 .text.compower_attrconv
                0x00007228       0x10 contiki-sky.a(compower.o)
                0x00007228                compower_attrconv
 .text.process_thread_serial_line_process
                0x00007238       0xa6 contiki-sky.a(serial-line.o)
 .text.serial_line_input_byte
                0x000072de       0x46 contiki-sky.a(serial-line.o)
                0x000072de                serial_line_input_byte
 .text.serial_line_init
                0x00007324       0x1c contiki-sky.a(serial-line.o)
                0x00007324                serial_line_init
 .text.memb_init
                0x00007340       0x36 contiki-sky.a(memb.o)
                0x00007340                memb_init
 .text.memb_alloc
                0x00007376       0x3e contiki-sky.a(memb.o)
                0x00007376                memb_alloc
 .text.memb_free
                0x000073b4       0x3a contiki-sky.a(memb.o)
                0x000073b4                memb_free
 .text.memb_inmemb
                0x000073ee       0x2e contiki-sky.a(memb.o)
                0x000073ee                memb_inmemb
 .text.timer_set
                0x0000741c       0x1c contiki-sky.a(timer.o)
                0x0000741c                timer_set
 .text.timer_reset
                0x00007438        0xe contiki-sky.a(timer.o)
                0x00007438                timer_reset
 .text.timer_expired
                0x00007446       0x2e contiki-sky.a(timer.o)
                0x00007446                timer_expired
 .text.list_init
                0x00007474        0x6 contiki-sky.a(list.o)
                0x00007474                list_init
 .text.list_head
                0x0000747a        0x4 contiki-sky.a(list.o)
                0x0000747a                list_head
 .text.list_tail
                0x0000747e       0x14 contiki-sky.a(list.o)
                0x0000747e                list_tail
 .text.list_chop
                0x00007492       0x2a contiki-sky.a(list.o)
                0x00007492                list_chop
 .text.list_pop
                0x000074bc        0xe contiki-sky.a(list.o)
                0x000074bc                list_pop
 .text.list_remove
                0x000074ca       0x2e contiki-sky.a(list.o)
                0x000074ca                list_remove
 .text.list_push
                0x000074f8       0x1a contiki-sky.a(list.o)
                0x000074f8                list_push
 .text.list_add
                0x00007512       0x2a contiki-sky.a(list.o)
                0x00007512                list_add
 .text.list_length
                0x0000753c       0x10 contiki-sky.a(list.o)
                0x0000753c                list_length
 .text.list_item_next
                0x0000754c        0x8 contiki-sky.a(list.o)
                0x0000754c                list_item_next
 .text.update_time
                0x00007554       0x78 contiki-sky.a(etimer.o)
 .text.etimer_request_poll
                0x000075cc        0xa contiki-sky.a(etimer.o)
                0x000075cc                etimer_request_poll
 .text.process_thread_etimer_process
                0x000075d6       0xce contiki-sky.a(etimer.o)
 .text.add_timer
                0x000076a4       0x38 contiki-sky.a(etimer.o)
 .text.etimer_set
                0x000076dc       0x12 contiki-sky.a(etimer.o)
                0x000076dc                etimer_set
 .text.etimer_reset
                0x000076ee       0x12 contiki-sky.a(etimer.o)
                0x000076ee                etimer_reset
 .text.etimer_pending
                0x00007700        0xe contiki-sky.a(etimer.o)
                0x00007700                etimer_pending
 .text.etimer_next_expiration_time
                0x0000770e       0x16 contiki-sky.a(etimer.o)
                0x0000770e                etimer_next_expiration_time
 .text.etimer_stop
                0x00007724       0x3c contiki-sky.a(etimer.o)
                0x00007724                etimer_stop
 .text.process_thread_ctimer_process
                0x00007760       0xa4 contiki-sky.a(ctimer.o)
 .text.ctimer_init
                0x00007804       0x18 contiki-sky.a(ctimer.o)
                0x00007804                ctimer_init
 .text.ctimer_set
                0x0000781c       0x5a contiki-sky.a(ctimer.o)
                0x0000781c                ctimer_set
 .text.ctimer_reset
                0x00007876       0x3a contiki-sky.a(ctimer.o)
                0x00007876                ctimer_reset
 .text.ctimer_stop
                0x000078b0       0x28 contiki-sky.a(ctimer.o)
                0x000078b0                ctimer_stop
 .text.energest_init
                0x000078d8       0x2a contiki-sky.a(energest.o)
                0x000078d8                energest_init
 .text.energest_type_time
                0x00007902       0x44 contiki-sky.a(energest.o)
                0x00007902                energest_type_time
 .text.energest_type_set
                0x00007946        0xe contiki-sky.a(energest.o)
                0x00007946                energest_type_set
 .text.energest_flush
                0x00007954       0x4a contiki-sky.a(energest.o)
                0x00007954                energest_flush
 .text.rtimer_init
                0x0000799e        0x6 contiki-sky.a(rtimer.o)
                0x0000799e                rtimer_init
 .text.rtimer_set
                0x000079a4       0x24 contiki-sky.a(rtimer.o)
                0x000079a4                rtimer_set
 .text.rtimer_run_next
                0x000079c8       0x26 contiki-sky.a(rtimer.o)
                0x000079c8                rtimer_run_next
 .text.random_init
                0x000079ee        0x6 contiki-sky.a(random.o)
                0x000079ee                random_init
 .text.random_rand
                0x000079f4        0x6 contiki-sky.a(random.o)
                0x000079f4                random_rand
 .text.ringbuf_init
                0x000079fa       0x14 contiki-sky.a(ringbuf.o)
                0x000079fa                ringbuf_init
 .text.ringbuf_put
                0x00007a0e       0x3c contiki-sky.a(ringbuf.o)
                0x00007a0e                ringbuf_put
 .text.ringbuf_get
                0x00007a4a       0x32 contiki-sky.a(ringbuf.o)
                0x00007a4a                ringbuf_get
 .text.packetbuf_copyto_hdr
                0x00007a7c       0x1c contiki-sky.a(packetbuf.o)
                0x00007a7c                packetbuf_copyto_hdr
 .text.packetbuf_copyto
                0x00007a98       0x52 contiki-sky.a(packetbuf.o)
                0x00007a98                packetbuf_copyto
 .text.packetbuf_hdr_remove
                0x00007aea        0x6 contiki-sky.a(packetbuf.o)
                0x00007aea                packetbuf_hdr_remove
 .text.packetbuf_hdrreduce
                0x00007af0       0x1a contiki-sky.a(packetbuf.o)
                0x00007af0                packetbuf_hdrreduce
 .text.packetbuf_set_datalen
                0x00007b0a        0x6 contiki-sky.a(packetbuf.o)
                0x00007b0a                packetbuf_set_datalen
 .text.packetbuf_dataptr
                0x00007b10        0xa contiki-sky.a(packetbuf.o)
                0x00007b10                packetbuf_dataptr
 .text.packetbuf_hdrptr
                0x00007b1a        0xa contiki-sky.a(packetbuf.o)
                0x00007b1a                packetbuf_hdrptr
 .text.packetbuf_is_reference
                0x00007b24        0xe contiki-sky.a(packetbuf.o)
                0x00007b24                packetbuf_is_reference
 .text.packetbuf_compact
                0x00007b32       0x48 contiki-sky.a(packetbuf.o)
                0x00007b32                packetbuf_compact
 .text.packetbuf_reference_ptr
                0x00007b7a        0x6 contiki-sky.a(packetbuf.o)
                0x00007b7a                packetbuf_reference_ptr
 .text.packetbuf_datalen
                0x00007b80        0x6 contiki-sky.a(packetbuf.o)
                0x00007b80                packetbuf_datalen
 .text.packetbuf_totlen
                0x00007b86       0x10 contiki-sky.a(packetbuf.o)
                0x00007b86                packetbuf_totlen
 .text.packetbuf_hdralloc
                0x00007b96       0x2e contiki-sky.a(packetbuf.o)
                0x00007b96                packetbuf_hdralloc
 .text.packetbuf_attr_clear
                0x00007bc4       0x2e contiki-sky.a(packetbuf.o)
                0x00007bc4                packetbuf_attr_clear
 .text.packetbuf_clear
                0x00007bf2       0x20 contiki-sky.a(packetbuf.o)
                0x00007bf2                packetbuf_clear
 .text.packetbuf_copyfrom
                0x00007c12       0x2e contiki-sky.a(packetbuf.o)
                0x00007c12                packetbuf_copyfrom
 .text.packetbuf_attr_copyto
                0x00007c40       0x20 contiki-sky.a(packetbuf.o)
                0x00007c40                packetbuf_attr_copyto
 .text.packetbuf_attr_copyfrom
                0x00007c60       0x2c contiki-sky.a(packetbuf.o)
                0x00007c60                packetbuf_attr_copyfrom
 .text.queuebuf_init
                0x00007c8c       0x1a contiki-sky.a(queuebuf.o)
                0x00007c8c                queuebuf_init
 .text.queuebuf_new_from_packetbuf
                0x00007ca6       0x80 contiki-sky.a(queuebuf.o)
                0x00007ca6                queuebuf_new_from_packetbuf
 .text.queuebuf_update_attr_from_packetbuf
                0x00007d26       0x12 contiki-sky.a(queuebuf.o)
                0x00007d26                queuebuf_update_attr_from_packetbuf
 .text.queuebuf_free
                0x00007d38       0x46 contiki-sky.a(queuebuf.o)
                0x00007d38                queuebuf_free
 .text.queuebuf_to_packetbuf
                0x00007d7e       0x70 contiki-sky.a(queuebuf.o)
                0x00007d7e                queuebuf_to_packetbuf
 .text.init_platform
                0x00007dee        0xc contiki-sky.a(contiki-sky-pla)
                0x00007dee                init_platform
 .text.rev8bits
                0x00007dfa       0x2c contiki-sky.a(sht11.o)
 .text.crc8_add
                0x00007e26       0x1c contiki-sky.a(sht11.o)
 .text.sstart   0x00007e42       0x3e contiki-sky.a(sht11.o)
 .text.swrite   0x00007e80       0x52 contiki-sky.a(sht11.o)
 .text.sread    0x00007ed2       0x4e contiki-sky.a(sht11.o)
 .text.sreset   0x00007f20       0x2a contiki-sky.a(sht11.o)
 .text.scmd     0x00007f4a       0x98 contiki-sky.a(sht11.o)
 .text.sht11_init
                0x00007fe2       0x1a contiki-sky.a(sht11.o)
                0x00007fe2                sht11_init
 .text.sht11_humidity
                0x00007ffc        0xa contiki-sky.a(sht11.o)
                0x00007ffc                sht11_humidity
 .text.status   0x00008006       0x16 contiki-sky.a(button-sensor.o)
 .text.configure
                0x0000801c       0x4a contiki-sky.a(button-sensor.o)
 .text.value    0x00008066       0x26 contiki-sky.a(button-sensor.o)
 .text.irq_p2   0x0000808c       0x92 contiki-sky.a(button-sensor.o)
                0x0000808c                irq_p2
                0x0000808c                __isr_1
 .text.crc8_add
                0x0000811e       0x1a contiki-sky.a(ds2411.o)
 .text.owreadb  0x00008138       0x56 contiki-sky.a(ds2411.o)
 .text.ds2411_init
                0x0000818e      0x10a contiki-sky.a(ds2411.o)
                0x0000818e                ds2411_init
 .text.wait_ready
                0x00008298       0x4e contiki-sky.a(xmem.o)
 .text.xmem_init
                0x000082e6       0x3c contiki-sky.a(xmem.o)
                0x000082e6                xmem_init
 .text.xmem_pread
                0x00008322       0xdc contiki-sky.a(xmem.o)
                0x00008322                xmem_pread
 .text.node_id_restore
                0x000083fe       0x38 contiki-sky.a(node-id.o)
                0x000083fe                node_id_restore
 .text.get_sensor_index
                0x00008436       0x22 contiki-sky.a(sensors.o)
 .text.process_thread_sensors_process
                0x00008458       0xc2 contiki-sky.a(sensors.o)
 .text.sensors_changed
                0x0000851a       0x14 contiki-sky.a(sensors.o)
                0x0000851a                sensors_changed
 .text.strobe   0x0000852e       0x1e contiki-sky.a(cc2420.o)
 .text.status   0x0000854c       0x24 contiki-sky.a(cc2420.o)
 .text.getreg   0x00008570       0x50 contiki-sky.a(cc2420.o)
 .text.setreg   0x000085c0       0x48 contiki-sky.a(cc2420.o)
 .text.set_txpower
                0x00008608       0x2a contiki-sky.a(cc2420.o)
 .text.cc2420_receiving_packet
                0x00008632       0x10 contiki-sky.a(cc2420.o)
 .text.pending_packet
                0x00008642        0x8 contiki-sky.a(cc2420.o)
 .text.on       0x0000864a       0x46 contiki-sky.a(cc2420.o)
 .text.flushrx  0x00008690       0x74 contiki-sky.a(cc2420.o)
 .text.off      0x00008704       0x78 contiki-sky.a(cc2420.o)
 .text.RELEASE_LOCK
                0x0000877c       0x28 contiki-sky.a(cc2420.o)
 .text.cc2420_prepare
                0x000087a4       0x8a contiki-sky.a(cc2420.o)
 .text.cc2420_on
                0x0000882e       0x22 contiki-sky.a(cc2420.o)
                0x0000882e                cc2420_on
 .text.cc2420_off
                0x00008850       0x30 contiki-sky.a(cc2420.o)
                0x00008850                cc2420_off
 .text.cc2420_cca
                0x00008880       0x7a contiki-sky.a(cc2420.o)
 .text.getrxdata
                0x000088fa       0x4e contiki-sky.a(cc2420.o)
 .text.cc2420_read
                0x00008948      0x11a contiki-sky.a(cc2420.o)
 .text.process_thread_cc2420_process
                0x00008a62       0x50 contiki-sky.a(cc2420.o)
 .text.cc2420_set_channel
                0x00008ab2       0x7a contiki-sky.a(cc2420.o)
                0x00008ab2                cc2420_set_channel
 .text.cc2420_set_pan_addr
                0x00008b2c      0x13a contiki-sky.a(cc2420.o)
                0x00008b2c                cc2420_set_pan_addr
 .text.cc2420_init
                0x00008c66       0xd4 contiki-sky.a(cc2420.o)
                0x00008c66                cc2420_init
 .text.cc2420_interrupt
                0x00008d3a       0x20 contiki-sky.a(cc2420.o)
                0x00008d3a                cc2420_interrupt
 .text.cc2420_get_txpower
                0x00008d5a       0x1e contiki-sky.a(cc2420.o)
                0x00008d5a                cc2420_get_txpower
 .text.cc2420_transmit
                0x00008d78      0x1ac contiki-sky.a(cc2420.o)
 .text.cc2420_send
                0x00008f24       0x12 contiki-sky.a(cc2420.o)
 .text.cc2420_port1_interrupt
                0x00008f36       0x6a contiki-sky.a(cc2420-arch.o)
                0x00008f36                __isr_4
                0x00008f36                cc2420_port1_interrupt
 .text.cc2420_arch_init
                0x00008fa0       0x1a contiki-sky.a(cc2420-arch.o)
                0x00008fa0                cc2420_arch_init
 .text.handle_rxdma_timer
                0x00008fba       0x42 contiki-sky.a(uart1.o)
 .text.uart1_active
                0x00008ffc       0x18 contiki-sky.a(uart1.o)
                0x00008ffc                uart1_active
 .text.uart1_set_input
                0x00009014       0x20 contiki-sky.a(uart1.o)
                0x00009014                uart1_set_input
 .text.uart1_writeb
                0x00009034       0x1a contiki-sky.a(uart1.o)
                0x00009034                uart1_writeb
 .text.uart1_init
                0x0000904e       0xee contiki-sky.a(uart1.o)
                0x0000904e                uart1_init
 .text.putchar  0x0000913c        0xe contiki-sky.a(uart1-putchar.o)
                0x0000913c                putchar
 .text.msp430_init_dco
                0x0000914a       0x74 contiki-sky.a(msp430.o)
                0x0000914a                msp430_init_dco
 .text.msp430_add_lpm_req
                0x000091be        0xa contiki-sky.a(msp430.o)
                0x000091be                msp430_add_lpm_req
 .text.msp430_cpu_init
                0x000091c8       0x2a contiki-sky.a(msp430.o)
                0x000091c8                msp430_cpu_init
 .text.splhigh_
                0x000091f2        0x8 contiki-sky.a(msp430.o)
                0x000091f2                splhigh_
 .text.msp430_sync_dco
                0x000091fa       0x60 contiki-sky.a(msp430.o)
                0x000091fa                msp430_sync_dco
 .text.timera1  0x0000925a       0xee contiki-sky.a(clock.o)
                0x0000925a                __isr_5
                0x0000925a                timera1
 .text.clock_time
                0x00009348       0x1a contiki-sky.a(clock.o)
                0x00009348                clock_time
 .text.clock_init
                0x00009362       0x28 contiki-sky.a(clock.o)
                0x00009362                clock_init
 .text.clock_delay
                0x0000938a        0xc contiki-sky.a(clock.o)
                0x0000938a                clock_delay
 .text.clock_wait
                0x00009396       0x36 contiki-sky.a(clock.o)
                0x00009396                clock_wait
 .text.show_leds
                0x000093cc      0x10c contiki-sky.a(leds.o)
 .text.leds_init
                0x000094d8        0xe contiki-sky.a(leds.o)
                0x000094d8                leds_init
 .text.leds_on  0x000094e6       0x14 contiki-sky.a(leds.o)
                0x000094e6                leds_on
 .text.leds_off
                0x000094fa       0x14 contiki-sky.a(leds.o)
                0x000094fa                leds_off
 .text.leds_arch_init
                0x0000950e        0xe contiki-sky.a(leds-arch.o)
                0x0000950e                leds_arch_init
 .text.leds_arch_set
                0x0000951c       0x3a contiki-sky.a(leds-arch.o)
                0x0000951c                leds_arch_set
 .text.watchdog_interrupt
                0x00009556        0x6 contiki-sky.a(watchdog.o)
                0x00009556                __isr_10
                0x00009556                watchdog_interrupt
 .text.watchdog_start
                0x0000955c       0x14 contiki-sky.a(watchdog.o)
                0x0000955c                watchdog_start
 .text.watchdog_periodic
                0x00009570       0x12 contiki-sky.a(watchdog.o)
                0x00009570                watchdog_periodic
 .text.watchdog_stop
                0x00009582       0x16 contiki-sky.a(watchdog.o)
                0x00009582                watchdog_stop
 .text.watchdog_init
                0x00009598       0x14 contiki-sky.a(watchdog.o)
                0x00009598                watchdog_init
 .text.rtimer_arch_init
                0x000095ac        0xe contiki-sky.a(rtimer-arch.o)
                0x000095ac                rtimer_arch_init
 .text.rtimer_arch_now
                0x000095ba        0xe contiki-sky.a(rtimer-arch.o)
                0x000095ba                rtimer_arch_now
 .text.timera0  0x000095c8       0x76 contiki-sky.a(rtimer-arch.o)
                0x000095c8                __isr_6
                0x000095c8                timera0
 .text.rtimer_arch_schedule
                0x0000963e        0x6 contiki-sky.a(rtimer-arch.o)
                0x0000963e                rtimer_arch_schedule
 .text.mac_call_sent_callback
                0x00009644       0x14 contiki-sky.a(mac.o)
                0x00009644                mac_call_sent_callback
 .text.parse    0x00009658       0xa8 contiki-sky.a(framer-802154.o)
 .text.create   0x00009700      0x10e contiki-sky.a(framer-802154.o)
 .text.spi_init
                0x0000980e       0x32 contiki-sky.a(spi.o)
                0x0000980e                spi_init
 .text.field_len
                0x00009840       0x98 contiki-sky.a(frame802154.o)
 .text.frame802154_hdrlen
                0x000098d8       0x26 contiki-sky.a(frame802154.o)
                0x000098d8                frame802154_hdrlen
 .text.frame802154_create
                0x000098fe      0x16c contiki-sky.a(frame802154.o)
                0x000098fe                frame802154_create
 .text.frame802154_parse
                0x00009a6a      0x1a0 contiki-sky.a(frame802154.o)
                0x00009a6a                frame802154_parse
 .text.libgcc   0x00009c0a       0x20 /usr/bin/../lib/gcc/msp430/4.5.3/mmpy-16/libgcc.a(_mulsi3.o)
                0x00009c0a                __mulsi3
 .text.libgcc   0x00009c2a       0x1c /usr/bin/../lib/gcc/msp430/4.5.3/mmpy-16/libgcc.a(_udivmodhi4.o)
                0x00009c2a                __udivmodhi4
 .text.libgcc   0x00009c46       0x2a /usr/bin/../lib/gcc/msp430/4.5.3/mmpy-16/libgcc.a(_udivmodsi4.o)
                0x00009c46                __udivmodsi4
 .text.crt0     0x00009c70        0x2 /usr/bin/../lib/gcc/msp430/4.5.3/mmpy-16/libcrt0.a(_unexpected_.o)
                0x00009c70                _unexpected_
                0x00009c72                _etext = .

.data           0x00001100       0x8c load address 0x00009c72
                0x00001100                . = ALIGN (0x2)
                0x00001100                PROVIDE (__data_start, .)
 *(.data)
 .data          0x00001100        0xa humidity.co
                0x00001100                test_sht11_process
 .data          0x0000110a       0x18 contiki-sky.a(csma.o)
 .data          0x00001122        0xe contiki-sky.a(contikimac.o)
                0x00001122                phase_list
 .data          0x00001130        0x8 contiki-sky.a(phase.o)
 .data          0x00001138        0xa contiki-sky.a(serial-line.o)
                0x00001138                serial_line_process
 .data          0x00001142        0xa contiki-sky.a(etimer.o)
                0x00001142                etimer_process
 .data          0x0000114c        0xa contiki-sky.a(ctimer.o)
                0x0000114c                ctimer_process
 .data          0x00001156       0x18 contiki-sky.a(queuebuf.o)
 .data          0x0000116e        0x4 contiki-sky.a(contiki-sky-pla)
                0x0000116e                sensors
 .data          0x00001172        0xa contiki-sky.a(sensors.o)
                0x00001172                sensors_process
 .data          0x0000117c        0xa contiki-sky.a(cc2420.o)
                0x0000117c                cc2420_process
 .data          0x00001186        0x2 contiki-sky.a(msp430.o)
 .data          0x00001188        0x4 /usr/bin/../lib/gcc/msp430/4.5.3/../../../../msp430/lib/mmpy-16/libc.a(rand.o)
 *(SORT(.data.*))
                0x0000118c                . = ALIGN (0x2)
 *(.gnu.linkonce.d*)
                0x0000118c                . = ALIGN (0x2)
                0x0000118c                _edata = .
                0x00009c72                PROVIDE (__data_load_start, LOADADDR (.data))
                0x0000008c                PROVIDE (__data_size, SIZEOF (.data))

.bss            0x0000118c     0x1524 load address 0x00009cfe
                0x0000118c                PROVIDE (__bss_start, .)
 *(.bss)
 .bss           0x0000118c        0xe humidity.co
 .bss           0x0000119a        0xc obj_sky/contiki-sky-main.o
 .bss           0x000011a6        0x2 contiki-sky.a(rime.o)
 .bss           0x000011a8        0x6 contiki-sky.a(announcement.o)
 .bss           0x000011ae       0x46 contiki-sky.a(broadcast-annou)
 .bss           0x000011f4        0x2 contiki-sky.a(channel.o)
 .bss           0x000011f6      0x126 contiki-sky.a(csma.o)
 .bss           0x0000131c      0x27a contiki-sky.a(contikimac.o)
 .bss           0x00001596       0xe8 contiki-sky.a(phase.o)
 .bss           0x0000167e       0x42 contiki-sky.a(process.o)
                0x0000167e                process_list
                0x00001680                process_current
 .bss           0x000016c0        0x8 contiki-sky.a(compower.o)
 .bss           0x000016c8      0x10a contiki-sky.a(serial-line.o)
 .bss           0x000017d2        0x6 contiki-sky.a(etimer.o)
 .bss           0x000017d8        0x4 contiki-sky.a(ctimer.o)
 .bss           0x000017dc        0x2 contiki-sky.a(rtimer.o)
 .bss           0x000017de       0xba contiki-sky.a(packetbuf.o)
 .bss           0x00001898      0xc4e contiki-sky.a(queuebuf.o)
 .bss           0x000024e6        0x8 contiki-sky.a(button-sensor.o)
 .bss           0x000024ee        0x2 contiki-sky.a(node-id.o)
                0x000024ee                node_id
 .bss           0x000024f0        0x6 contiki-sky.a(sensors.o)
 .bss           0x000024f6        0xa contiki-sky.a(cc2420.o)
 .bss           0x00002500       0x9a contiki-sky.a(uart1.o)
 .bss           0x0000259a        0xa contiki-sky.a(clock.o)
 .bss           0x000025a4        0x2 contiki-sky.a(leds.o)
 .bss           0x000025a6        0x2 contiki-sky.a(watchdog.o)
 .bss           0x000025a8        0x2 contiki-sky.a(framer-802154.o)
 *(SORT(.bss.*))
 *(COMMON)
 COMMON         0x000025aa        0x2 contiki-sky.a(rimeaddr.o)
                0x000025aa                rimeaddr_node_addr
 COMMON         0x000025ac       0x48 contiki-sky.a(rimestats.o)
                0x000025ac                rimestats
 COMMON         0x000025f4        0x1 contiki-sky.a(process.o)
                0x000025f4                process_maxevents
 *fill*         0x000025f5        0x1 00
 COMMON         0x000025f6        0x8 contiki-sky.a(compower.o)
                0x000025f6                compower_idle_activity
 COMMON         0x000025fe        0x1 contiki-sky.a(serial-line.o)
                0x000025fe                serial_line_event_message
 *fill*         0x000025ff        0x1 00
 COMMON         0x00002600       0x56 contiki-sky.a(energest.o)
                0x00002600                energest_total_time
                0x00002630                energest_total_count
                0x00002632                energest_current_mode
                0x0000263e                energest_current_time
 COMMON         0x00002656       0x38 contiki-sky.a(packetbuf.o)
                0x00002656                packetbuf_addrs
                0x0000265e                packetbuf_attrs
 COMMON         0x0000268e        0x2 contiki-sky.a(contiki-sky-pla)
                0x0000268e                sensors_flags
 COMMON         0x00002690        0x8 contiki-sky.a(ds2411.o)
                0x00002690                ds2411_id
 COMMON         0x00002698        0x1 contiki-sky.a(sensors.o)
                0x00002698                sensors_event
 *fill*         0x00002699        0x1 00
 COMMON         0x0000269a       0x14 contiki-sky.a(cc2420.o)
                0x0000269a                cc2420_last_rssi
                0x0000269c                cc2420_packets_read
                0x0000269e                cc2420_packets_seen
                0x000026a0                cc2420_sfd_start_time
                0x000026a2                cc2420_time_of_departure
                0x000026a4                cc2420_time_of_arrival
                0x000026a6                cc2420_last_correlation
                0x000026a8                cc2420_authority_level_of_sender
                0x000026aa                cc2420_sfd_counter
                0x000026ac                cc2420_sfd_end_time
 COMMON         0x000026ae        0x2 contiki-sky.a(msp430.o)
                0x000026ae                msp430_dco_required
                0x000026b0                PROVIDE (__bss_end, .)
                0x000026b0                _end = .
                0x00001524                PROVIDE (__bss_size, SIZEOF (.bss))

.noinit         0x000026b0        0x0 load address 0x00009cfe
                0x000026b0                PROVIDE (__noinit_start, .)
 *(.noinit)
 *(.noinit.*)
 *(COMMON)
                0x000026b0                PROVIDE (__noinit_end, .)
                0x000026b0                _end = .

.infomem        0x00001000        0x0
 *(.infomem)
                0x00001000                . = ALIGN (0x2)
 *(.infomem.*)

.vectors        0x0000ffe0       0x20
                0x0000ffe0                PROVIDE (__vectors_start, .)
 *(.vectors*)
 .vectors       0x0000ffe0       0x20 /usr/bin/../lib/gcc/msp430/4.5.3/mmpy-16/crt0ivtbl16.o
                0x0000ffe0                __ivtbl_16
                0x00010000                _vectors_end = .

.fartext        0x00000000        0x0
                0x00000000                . = ALIGN (0x2)
 *(.fartext)
                0x00000000                . = ALIGN (0x2)
 *(.fartext.*)
                0x00000000                _efartext = .

.profiler
 *(.profiler)

.stab
 *(.stab)

.stabstr
 *(.stabstr)

.stab.excl
 *(.stab.excl)

.stab.exclstr
 *(.stab.exclstr)

.stab.index
 *(.stab.index)

.stab.indexstr
 *(.stab.indexstr)

.comment
 *(.comment)

.debug
 *(.debug)

.line
 *(.line)

.debug_srcinfo
 *(.debug_srcinfo)

.debug_sfnames
 *(.debug_sfnames)

.debug_aranges  0x00000000      0x96c
 *(.debug_aranges)
 .debug_aranges
                0x00000000       0x14 humidity.co
 .debug_aranges
                0x00000014       0x18 obj_sky/contiki-sky-main.o
 .debug_aranges
                0x0000002c       0x1c contiki-sky.a(rimeaddr.o)
 .debug_aranges
                0x00000048       0x28 contiki-sky.a(rime.o)
 .debug_aranges
                0x00000070       0x3c contiki-sky.a(announcement.o)
 .debug_aranges
                0x000000ac       0x34 contiki-sky.a(broadcast-annou)
 .debug_aranges
                0x000000e0       0x24 contiki-sky.a(broadcast.o)
 .debug_aranges
                0x00000104       0x24 contiki-sky.a(abc.o)
 .debug_aranges
                0x00000128       0x20 contiki-sky.a(chameleon.o)
 .debug_aranges
                0x00000148       0x24 contiki-sky.a(channel.o)
 .debug_aranges
                0x0000016c       0x2c contiki-sky.a(chameleon-bitop)
 .debug_aranges
                0x00000198       0x34 contiki-sky.a(csma.o)
 .debug_aranges
                0x000001cc       0x4c contiki-sky.a(contikimac.o)
 .debug_aranges
                0x00000218       0x28 contiki-sky.a(phase.o)
 .debug_aranges
                0x00000240       0x44 contiki-sky.a(process.o)
 .debug_aranges
                0x00000284       0x18 contiki-sky.a(autostart.o)
 .debug_aranges
                0x0000029c       0x24 contiki-sky.a(compower.o)
 .debug_aranges
                0x000002c0       0x1c contiki-sky.a(serial-line.o)
 .debug_aranges
                0x000002dc       0x20 contiki-sky.a(memb.o)
 .debug_aranges
                0x000002fc       0x24 contiki-sky.a(timer.o)
 .debug_aranges
                0x00000320       0x40 contiki-sky.a(list.o)
 .debug_aranges
                0x00000360       0x48 contiki-sky.a(etimer.o)
 .debug_aranges
                0x000003a8       0x2c contiki-sky.a(ctimer.o)
 .debug_aranges
                0x000003d4       0x24 contiki-sky.a(energest.o)
 .debug_aranges
                0x000003f8       0x1c contiki-sky.a(rtimer.o)
 .debug_aranges
                0x00000414       0x18 contiki-sky.a(random.o)
 .debug_aranges
                0x0000042c       0x24 contiki-sky.a(ringbuf.o)
 .debug_aranges
                0x00000450       0x64 contiki-sky.a(packetbuf.o)
 .debug_aranges
                0x000004b4       0x38 contiki-sky.a(queuebuf.o)
 .debug_aranges
                0x000004ec       0x14 contiki-sky.a(contiki-sky-pla)
 .debug_aranges
                0x00000500       0x40 contiki-sky.a(sht11.o)
 .debug_aranges
                0x00000540       0x20 contiki-sky.a(button-sensor.o)
 .debug_aranges
                0x00000560       0x1c contiki-sky.a(ds2411.o)
 .debug_aranges
                0x0000057c       0x28 contiki-sky.a(xmem.o)
 .debug_aranges
                0x000005a4       0x18 contiki-sky.a(node-id.o)
 .debug_aranges
                0x000005bc       0x28 contiki-sky.a(sensors.o)
 .debug_aranges
                0x000005e4       0x88 contiki-sky.a(cc2420.o)
 .debug_aranges
                0x0000066c       0x18 contiki-sky.a(cc2420-arch.o)
 .debug_aranges
                0x00000684       0x24 contiki-sky.a(uart1.o)
 .debug_aranges
                0x000006a8       0x14 contiki-sky.a(uart1-putchar.o)
 .debug_aranges
                0x000006bc       0x2c contiki-sky.a(msp430.o)
 .debug_aranges
                0x000006e8       0x3c contiki-sky.a(clock.o)
 .debug_aranges
                0x00000724       0x30 contiki-sky.a(leds.o)
 .debug_aranges
                0x00000754       0x1c contiki-sky.a(leds-arch.o)
 .debug_aranges
                0x00000770       0x28 contiki-sky.a(watchdog.o)
 .debug_aranges
                0x00000798       0x20 contiki-sky.a(rtimer-arch.o)
 .debug_aranges
                0x000007b8       0x14 contiki-sky.a(mac.o)
 .debug_aranges
                0x000007cc       0x18 contiki-sky.a(framer-802154.o)
 .debug_aranges
                0x000007e4       0x14 contiki-sky.a(spi.o)
 .debug_aranges
                0x000007f8       0x20 contiki-sky.a(frame802154.o)
 .debug_aranges
                0x00000818       0x14 /usr/bin/../lib/gcc/msp430/4.5.3/mmpy-16/libgcc.a(_fixunssfsi.o)
 .debug_aranges
                0x0000082c       0x14 /usr/bin/../lib/gcc/msp430/4.5.3/mmpy-16/libgcc.a(_addsub_sf.o)
 .debug_aranges
                0x00000840       0x14 /usr/bin/../lib/gcc/msp430/4.5.3/mmpy-16/libgcc.a(_mul_sf.o)
 .debug_aranges
                0x00000854       0x14 /usr/bin/../lib/gcc/msp430/4.5.3/mmpy-16/libgcc.a(_ge_sf.o)
 .debug_aranges
                0x00000868       0x14 /usr/bin/../lib/gcc/msp430/4.5.3/mmpy-16/libgcc.a(_sf_to_si.o)
 .debug_aranges
                0x0000087c       0x14 /usr/bin/../lib/gcc/msp430/4.5.3/mmpy-16/libgcc.a(_usi_to_sf.o)
 .debug_aranges
                0x00000890       0x14 /usr/bin/../lib/gcc/msp430/4.5.3/mmpy-16/libgcc.a(_clzsi2.o)
 .debug_aranges
                0x000008a4       0x14 /usr/bin/../lib/gcc/msp430/4.5.3/mmpy-16/libgcc.a(_pack_sf.o)
 .debug_aranges
                0x000008b8       0x14 /usr/bin/../lib/gcc/msp430/4.5.3/mmpy-16/libgcc.a(_unpack_sf.o)
 .debug_aranges
                0x000008cc       0x14 /usr/bin/../lib/gcc/msp430/4.5.3/mmpy-16/libgcc.a(_fpcmp_parts_sf.o)
 .debug_aranges
                0x000008e0       0x14 /usr/bin/../lib/gcc/msp430/4.5.3/../../../../msp430/lib/mmpy-16/libc.a(strncmp.o)
 .debug_aranges
                0x000008f4       0x14 /usr/bin/../lib/gcc/msp430/4.5.3/../../../../msp430/lib/mmpy-16/libc.a(memcpy.o)
 .debug_aranges
                0x00000908       0x14 /usr/bin/../lib/gcc/msp430/4.5.3/../../../../msp430/lib/mmpy-16/libc.a(memset.o)
 .debug_aranges
                0x0000091c       0x14 /usr/bin/../lib/gcc/msp430/4.5.3/../../../../msp430/lib/mmpy-16/libc.a(printf.o)
 .debug_aranges
                0x00000930       0x14 /usr/bin/../lib/gcc/msp430/4.5.3/../../../../msp430/lib/mmpy-16/libc.a(vuprintf.o)
 .debug_aranges
                0x00000944       0x14 /usr/bin/../lib/gcc/msp430/4.5.3/../../../../msp430/lib/mmpy-16/libc.a(puts.o)
 .debug_aranges
                0x00000958       0x14 /usr/bin/../lib/gcc/msp430/4.5.3/../../../../msp430/lib/mmpy-16/libc.a(rand.o)

.debug_pubnames
                0x00000000     0x1baa
 *(.debug_pubnames)
 .debug_pubnames
                0x00000000       0x41 humidity.co
 .debug_pubnames
                0x00000041       0x27 obj_sky/contiki-sky-main.o
 .debug_pubnames
                0x00000068       0x79 contiki-sky.a(rimeaddr.o)
 .debug_pubnames
                0x000000e1       0x5f contiki-sky.a(rime.o)
 .debug_pubnames
                0x00000140       0x20 contiki-sky.a(rimestats.o)
 .debug_pubnames
                0x00000160      0x144 contiki-sky.a(announcement.o)
 .debug_pubnames
                0x000002a4       0x7d contiki-sky.a(broadcast-annou)
 .debug_pubnames
                0x00000321       0x4c contiki-sky.a(broadcast.o)
 .debug_pubnames
                0x0000036d       0x55 contiki-sky.a(abc.o)
 .debug_pubnames
                0x000003c2       0x64 contiki-sky.a(chameleon.o)
 .debug_pubnames
                0x00000426       0x74 contiki-sky.a(channel.o)
 .debug_pubnames
                0x0000049a       0x6b contiki-sky.a(chameleon-bitop)
 .debug_pubnames
                0x00000505       0x22 contiki-sky.a(csma.o)
 .debug_pubnames
                0x00000527       0x52 contiki-sky.a(contikimac.o)
 .debug_pubnames
                0x00000579       0x64 contiki-sky.a(phase.o)
 .debug_pubnames
                0x000005dd      0x10d contiki-sky.a(process.o)
 .debug_pubnames
                0x000006ea       0x39 contiki-sky.a(autostart.o)
 .debug_pubnames
                0x00000723       0x9e contiki-sky.a(compower.o)
 .debug_pubnames
                0x000007c1       0x78 contiki-sky.a(serial-line.o)
 .debug_pubnames
                0x00000839       0x4d contiki-sky.a(memb.o)
 .debug_pubnames
                0x00000886       0x68 contiki-sky.a(timer.o)
 .debug_pubnames
                0x000008ee       0xc3 contiki-sky.a(list.o)
 .debug_pubnames
                0x000009b1      0x109 contiki-sky.a(etimer.o)
 .debug_pubnames
                0x00000aba       0x8b contiki-sky.a(ctimer.o)
 .debug_pubnames
                0x00000b45       0xec contiki-sky.a(energest.o)
 .debug_pubnames
                0x00000c31       0x45 contiki-sky.a(rtimer.o)
 .debug_pubnames
                0x00000c76       0x32 contiki-sky.a(random.o)
 .debug_pubnames
                0x00000ca8       0x69 contiki-sky.a(ringbuf.o)
 .debug_pubnames
                0x00000d11      0x22c contiki-sky.a(packetbuf.o)
 .debug_pubnames
                0x00000f3d       0xff contiki-sky.a(queuebuf.o)
 .debug_pubnames
                0x0000103c       0x42 contiki-sky.a(contiki-sky-pla)
 .debug_pubnames
                0x0000107e       0x60 contiki-sky.a(sht11.o)
 .debug_pubnames
                0x000010de       0x2f contiki-sky.a(button-sensor.o)
 .debug_pubnames
                0x0000110d       0x30 contiki-sky.a(ds2411.o)
 .debug_pubnames
                0x0000113d       0x4e contiki-sky.a(xmem.o)
 .debug_pubnames
                0x0000118b       0x43 contiki-sky.a(node-id.o)
 .debug_pubnames
                0x000011ce       0x80 contiki-sky.a(sensors.o)
 .debug_pubnames
                0x0000124e      0x236 contiki-sky.a(cc2420.o)
 .debug_pubnames
                0x00001484       0x42 contiki-sky.a(cc2420-arch.o)
 .debug_pubnames
                0x000014c6       0x57 contiki-sky.a(uart1.o)
 .debug_pubnames
                0x0000151d       0x1e contiki-sky.a(uart1-putchar.o)
 .debug_pubnames
                0x0000153b       0xad contiki-sky.a(msp430.o)
 .debug_pubnames
                0x000015e8       0xc5 contiki-sky.a(clock.o)
 .debug_pubnames
                0x000016ad       0x75 contiki-sky.a(leds.o)
 .debug_pubnames
                0x00001722       0x49 contiki-sky.a(leds-arch.o)
 .debug_pubnames
                0x0000176b       0x8a contiki-sky.a(watchdog.o)
 .debug_pubnames
                0x000017f5       0x60 contiki-sky.a(rtimer-arch.o)
 .debug_pubnames
                0x00001855       0x2d contiki-sky.a(mac.o)
 .debug_pubnames
                0x00001882       0x24 contiki-sky.a(framer-802154.o)
 .debug_pubnames
                0x000018a6       0x2c contiki-sky.a(spi.o)
 .debug_pubnames
                0x000018d2       0x56 contiki-sky.a(frame802154.o)
 .debug_pubnames
                0x00001928       0x23 /usr/bin/../lib/gcc/msp430/4.5.3/mmpy-16/libgcc.a(_fixunssfsi.o)
 .debug_pubnames
                0x0000194b       0x2c /usr/bin/../lib/gcc/msp430/4.5.3/mmpy-16/libgcc.a(_addsub_sf.o)
 .debug_pubnames
                0x00001977       0x1f /usr/bin/../lib/gcc/msp430/4.5.3/mmpy-16/libgcc.a(_mul_sf.o)
 .debug_pubnames
                0x00001996       0x1e /usr/bin/../lib/gcc/msp430/4.5.3/mmpy-16/libgcc.a(_ge_sf.o)
 .debug_pubnames
                0x000019b4       0x20 /usr/bin/../lib/gcc/msp430/4.5.3/mmpy-16/libgcc.a(_sf_to_si.o)
 .debug_pubnames
                0x000019d4       0x22 /usr/bin/../lib/gcc/msp430/4.5.3/mmpy-16/libgcc.a(_thenan_sf.o)
 .debug_pubnames
                0x000019f6       0x24 /usr/bin/../lib/gcc/msp430/4.5.3/mmpy-16/libgcc.a(_usi_to_sf.o)
 .debug_pubnames
                0x00001a1a       0x1f /usr/bin/../lib/gcc/msp430/4.5.3/mmpy-16/libgcc.a(_clzsi2.o)
 .debug_pubnames
                0x00001a39       0x1f /usr/bin/../lib/gcc/msp430/4.5.3/mmpy-16/libgcc.a(_pack_sf.o)
 .debug_pubnames
                0x00001a58       0x21 /usr/bin/../lib/gcc/msp430/4.5.3/mmpy-16/libgcc.a(_unpack_sf.o)
 .debug_pubnames
                0x00001a79       0x26 /usr/bin/../lib/gcc/msp430/4.5.3/mmpy-16/libgcc.a(_fpcmp_parts_sf.o)
 .debug_pubnames
                0x00001a9f       0x20 /usr/bin/../lib/gcc/msp430/4.5.3/mmpy-16/libgcc.a(_clz.o)
 .debug_pubnames
                0x00001abf       0x1e /usr/bin/../lib/gcc/msp430/4.5.3/../../../../msp430/lib/mmpy-16/libc.a(strncmp.o)
 .debug_pubnames
                0x00001add       0x1d /usr/bin/../lib/gcc/msp430/4.5.3/../../../../msp430/lib/mmpy-16/libc.a(memcpy.o)
 .debug_pubnames
                0x00001afa       0x1d /usr/bin/../lib/gcc/msp430/4.5.3/../../../../msp430/lib/mmpy-16/libc.a(memset.o)
 .debug_pubnames
                0x00001b17       0x29 /usr/bin/../lib/gcc/msp430/4.5.3/../../../../msp430/lib/mmpy-16/libc.a(printf.o)
 .debug_pubnames
                0x00001b40       0x1f /usr/bin/../lib/gcc/msp430/4.5.3/../../../../msp430/lib/mmpy-16/libc.a(vuprintf.o)
 .debug_pubnames
                0x00001b5f       0x1b /usr/bin/../lib/gcc/msp430/4.5.3/../../../../msp430/lib/mmpy-16/libc.a(puts.o)
 .debug_pubnames
                0x00001b7a       0x30 /usr/bin/../lib/gcc/msp430/4.5.3/../../../../msp430/lib/mmpy-16/libc.a(rand.o)

.debug_info     0x00000000    0x1045c
 *(.debug_info)
 .debug_info    0x00000000      0x2c8 humidity.co
 .debug_info    0x000002c8      0x7dc obj_sky/contiki-sky-main.o
 .debug_info    0x00000aa4      0x1bc contiki-sky.a(rimeaddr.o)
 .debug_info    0x00000c60      0x5ef contiki-sky.a(rime.o)
 .debug_info    0x0000124f      0x13c contiki-sky.a(rimestats.o)
 .debug_info    0x0000138b      0x3a5 contiki-sky.a(announcement.o)
 .debug_info    0x00001730      0x88b contiki-sky.a(broadcast-annou)
 .debug_info    0x00001fbb      0x5c2 contiki-sky.a(broadcast.o)
 .debug_info    0x0000257d      0x491 contiki-sky.a(abc.o)
 .debug_info    0x00002a0e      0x405 contiki-sky.a(chameleon.o)
 .debug_info    0x00002e13      0x2d3 contiki-sky.a(channel.o)
 .debug_info    0x000030e6      0x781 contiki-sky.a(chameleon-bitop)
 .debug_info    0x00003867      0xbc4 contiki-sky.a(csma.o)
 .debug_info    0x0000442b     0x1108 contiki-sky.a(contikimac.o)
 .debug_info    0x00005533      0x89a contiki-sky.a(phase.o)
 .debug_info    0x00005dcd      0x51b contiki-sky.a(process.o)
 .debug_info    0x000062e8      0x1ad contiki-sky.a(autostart.o)
 .debug_info    0x00006495      0x41f contiki-sky.a(compower.o)
 .debug_info    0x000068b4      0x357 contiki-sky.a(serial-line.o)
 .debug_info    0x00006c0b      0x194 contiki-sky.a(memb.o)
 .debug_info    0x00006d9f      0x169 contiki-sky.a(timer.o)
 .debug_info    0x00006f08      0x2ef contiki-sky.a(list.o)
 .debug_info    0x000071f7      0x494 contiki-sky.a(etimer.o)
 .debug_info    0x0000768b      0x4a3 contiki-sky.a(ctimer.o)
 .debug_info    0x00007b2e      0x26e contiki-sky.a(energest.o)
 .debug_info    0x00007d9c      0x203 contiki-sky.a(rtimer.o)
 .debug_info    0x00007f9f       0xa0 contiki-sky.a(random.o)
 .debug_info    0x0000803f      0x1a9 contiki-sky.a(ringbuf.o)
 .debug_info    0x000081e8      0x5fb contiki-sky.a(packetbuf.o)
 .debug_info    0x000087e3      0x6df contiki-sky.a(queuebuf.o)
 .debug_info    0x00008ec2      0x2b5 contiki-sky.a(contiki-sky-pla)
 .debug_info    0x00009177      0x36e contiki-sky.a(sht11.o)
 .debug_info    0x000094e5      0x492 contiki-sky.a(button-sensor.o)
 .debug_info    0x00009977      0x2cb contiki-sky.a(ds2411.o)
 .debug_info    0x00009c42      0x527 contiki-sky.a(xmem.o)
 .debug_info    0x0000a169       0xe4 contiki-sky.a(node-id.o)
 .debug_info    0x0000a24d      0x401 contiki-sky.a(sensors.o)
 .debug_info    0x0000a64e     0x1420 contiki-sky.a(cc2420.o)
 .debug_info    0x0000ba6e      0x2a9 contiki-sky.a(cc2420-arch.o)
 .debug_info    0x0000bd17      0x62e contiki-sky.a(uart1.o)
 .debug_info    0x0000c345       0x8b contiki-sky.a(uart1-putchar.o)
 .debug_info    0x0000c3d0      0x407 contiki-sky.a(msp430.o)
 .debug_info    0x0000c7d7      0x436 contiki-sky.a(clock.o)
 .debug_info    0x0000cc0d      0x29c contiki-sky.a(leds.o)
 .debug_info    0x0000cea9      0x10d contiki-sky.a(leds-arch.o)
 .debug_info    0x0000cfb6      0x1b8 contiki-sky.a(watchdog.o)
 .debug_info    0x0000d16e      0x251 contiki-sky.a(rtimer-arch.o)
 .debug_info    0x0000d3bf      0x10c contiki-sky.a(mac.o)
 .debug_info    0x0000d4cb      0x63c contiki-sky.a(framer-802154.o)
 .debug_info    0x0000db07      0x1a4 contiki-sky.a(spi.o)
 .debug_info    0x0000dcab      0x490 contiki-sky.a(frame802154.o)
 .debug_info    0x0000e13b       0xae /usr/bin/../lib/gcc/msp430/4.5.3/mmpy-16/libgcc.a(_fixunssfsi.o)
 .debug_info    0x0000e1e9      0x432 /usr/bin/../lib/gcc/msp430/4.5.3/mmpy-16/libgcc.a(_addsub_sf.o)
 .debug_info    0x0000e61b      0x3d6 /usr/bin/../lib/gcc/msp430/4.5.3/mmpy-16/libgcc.a(_mul_sf.o)
 .debug_info    0x0000e9f1      0x27b /usr/bin/../lib/gcc/msp430/4.5.3/mmpy-16/libgcc.a(_ge_sf.o)
 .debug_info    0x0000ec6c      0x296 /usr/bin/../lib/gcc/msp430/4.5.3/mmpy-16/libgcc.a(_sf_to_si.o)
 .debug_info    0x0000ef02      0x151 /usr/bin/../lib/gcc/msp430/4.5.3/mmpy-16/libgcc.a(_thenan_sf.o)
 .debug_info    0x0000f053      0x217 /usr/bin/../lib/gcc/msp430/4.5.3/mmpy-16/libgcc.a(_usi_to_sf.o)
 .debug_info    0x0000f26a      0x115 /usr/bin/../lib/gcc/msp430/4.5.3/mmpy-16/libgcc.a(_clzsi2.o)
 .debug_info    0x0000f37f      0x2c2 /usr/bin/../lib/gcc/msp430/4.5.3/mmpy-16/libgcc.a(_pack_sf.o)
 .debug_info    0x0000f641      0x24d /usr/bin/../lib/gcc/msp430/4.5.3/mmpy-16/libgcc.a(_unpack_sf.o)
 .debug_info    0x0000f88e      0x1e2 /usr/bin/../lib/gcc/msp430/4.5.3/mmpy-16/libgcc.a(_fpcmp_parts_sf.o)
 .debug_info    0x0000fa70       0x99 /usr/bin/../lib/gcc/msp430/4.5.3/mmpy-16/libgcc.a(_clz.o)
 .debug_info    0x0000fb09       0xbd /usr/bin/../lib/gcc/msp430/4.5.3/../../../../msp430/lib/mmpy-16/libc.a(strncmp.o)
 .debug_info    0x0000fbc6      0x113 /usr/bin/../lib/gcc/msp430/4.5.3/../../../../msp430/lib/mmpy-16/libc.a(memcpy.o)
 .debug_info    0x0000fcd9       0xfe /usr/bin/../lib/gcc/msp430/4.5.3/../../../../msp430/lib/mmpy-16/libc.a(memset.o)
 .debug_info    0x0000fdd7      0x103 /usr/bin/../lib/gcc/msp430/4.5.3/../../../../msp430/lib/mmpy-16/libc.a(printf.o)
 .debug_info    0x0000feda      0x3b5 /usr/bin/../lib/gcc/msp430/4.5.3/../../../../msp430/lib/mmpy-16/libc.a(vuprintf.o)
 .debug_info    0x0001028f       0x96 /usr/bin/../lib/gcc/msp430/4.5.3/../../../../msp430/lib/mmpy-16/libc.a(puts.o)
 .debug_info    0x00010325      0x137 /usr/bin/../lib/gcc/msp430/4.5.3/../../../../msp430/lib/mmpy-16/libc.a(rand.o)
 *(.gnu.linkonce.wi.*)

.debug_abbrev   0x00000000     0x66c5
 *(.debug_abbrev)
 .debug_abbrev  0x00000000      0x173 humidity.co
 .debug_abbrev  0x00000173      0x272 obj_sky/contiki-sky-main.o
 .debug_abbrev  0x000003e5      0x174 contiki-sky.a(rimeaddr.o)
 .debug_abbrev  0x00000559      0x1ee contiki-sky.a(rime.o)
 .debug_abbrev  0x00000747       0x5b contiki-sky.a(rimestats.o)
 .debug_abbrev  0x000007a2      0x181 contiki-sky.a(announcement.o)
 .debug_abbrev  0x00000923      0x252 contiki-sky.a(broadcast-annou)
 .debug_abbrev  0x00000b75      0x222 contiki-sky.a(broadcast.o)
 .debug_abbrev  0x00000d97      0x1a8 contiki-sky.a(abc.o)
 .debug_abbrev  0x00000f3f      0x1e5 contiki-sky.a(chameleon.o)
 .debug_abbrev  0x00001124      0x180 contiki-sky.a(channel.o)
 .debug_abbrev  0x000012a4      0x28c contiki-sky.a(chameleon-bitop)
 .debug_abbrev  0x00001530      0x36c contiki-sky.a(csma.o)
 .debug_abbrev  0x0000189c      0x3aa contiki-sky.a(contikimac.o)
 .debug_abbrev  0x00001c46      0x22f contiki-sky.a(phase.o)
 .debug_abbrev  0x00001e75      0x2f6 contiki-sky.a(process.o)
 .debug_abbrev  0x0000216b       0xf5 contiki-sky.a(autostart.o)
 .debug_abbrev  0x00002260      0x20f contiki-sky.a(compower.o)
 .debug_abbrev  0x0000246f      0x1d5 contiki-sky.a(serial-line.o)
 .debug_abbrev  0x00002644       0xea contiki-sky.a(memb.o)
 .debug_abbrev  0x0000272e       0xf8 contiki-sky.a(timer.o)
 .debug_abbrev  0x00002826      0x151 contiki-sky.a(list.o)
 .debug_abbrev  0x00002977      0x229 contiki-sky.a(etimer.o)
 .debug_abbrev  0x00002ba0      0x1dc contiki-sky.a(ctimer.o)
 .debug_abbrev  0x00002d7c      0x144 contiki-sky.a(energest.o)
 .debug_abbrev  0x00002ec0      0x139 contiki-sky.a(rtimer.o)
 .debug_abbrev  0x00002ff9       0x67 contiki-sky.a(random.o)
 .debug_abbrev  0x00003060      0x109 contiki-sky.a(ringbuf.o)
 .debug_abbrev  0x00003169      0x25b contiki-sky.a(packetbuf.o)
 .debug_abbrev  0x000033c4      0x232 contiki-sky.a(queuebuf.o)
 .debug_abbrev  0x000035f6      0x12a contiki-sky.a(contiki-sky-pla)
 .debug_abbrev  0x00003720      0x155 contiki-sky.a(sht11.o)
 .debug_abbrev  0x00003875      0x188 contiki-sky.a(button-sensor.o)
 .debug_abbrev  0x000039fd      0x1b3 contiki-sky.a(ds2411.o)
 .debug_abbrev  0x00003bb0      0x204 contiki-sky.a(xmem.o)
 .debug_abbrev  0x00003db4       0x93 contiki-sky.a(node-id.o)
 .debug_abbrev  0x00003e47      0x1eb contiki-sky.a(sensors.o)
 .debug_abbrev  0x00004032      0x410 contiki-sky.a(cc2420.o)
 .debug_abbrev  0x00004442      0x13d contiki-sky.a(cc2420-arch.o)
 .debug_abbrev  0x0000457f      0x1d5 contiki-sky.a(uart1.o)
 .debug_abbrev  0x00004754       0x50 contiki-sky.a(uart1-putchar.o)
 .debug_abbrev  0x000047a4      0x190 contiki-sky.a(msp430.o)
 .debug_abbrev  0x00004934      0x1b3 contiki-sky.a(clock.o)
 .debug_abbrev  0x00004ae7      0x137 contiki-sky.a(leds.o)
 .debug_abbrev  0x00004c1e       0xa6 contiki-sky.a(leds-arch.o)
 .debug_abbrev  0x00004cc4       0xd9 contiki-sky.a(watchdog.o)
 .debug_abbrev  0x00004d9d      0x135 contiki-sky.a(rtimer-arch.o)
 .debug_abbrev  0x00004ed2       0xa0 contiki-sky.a(mac.o)
 .debug_abbrev  0x00004f72      0x220 contiki-sky.a(framer-802154.o)
 .debug_abbrev  0x00005192       0x7f contiki-sky.a(spi.o)
 .debug_abbrev  0x00005211      0x18d contiki-sky.a(frame802154.o)
 .debug_abbrev  0x0000539e       0x5d /usr/bin/../lib/gcc/msp430/4.5.3/mmpy-16/libgcc.a(_fixunssfsi.o)
 .debug_abbrev  0x000053fb      0x1ab /usr/bin/../lib/gcc/msp430/4.5.3/mmpy-16/libgcc.a(_addsub_sf.o)
 .debug_abbrev  0x000055a6      0x1d9 /usr/bin/../lib/gcc/msp430/4.5.3/mmpy-16/libgcc.a(_mul_sf.o)
 .debug_abbrev  0x0000577f      0x151 /usr/bin/../lib/gcc/msp430/4.5.3/mmpy-16/libgcc.a(_ge_sf.o)
 .debug_abbrev  0x000058d0      0x160 /usr/bin/../lib/gcc/msp430/4.5.3/mmpy-16/libgcc.a(_sf_to_si.o)
 .debug_abbrev  0x00005a30       0xcb /usr/bin/../lib/gcc/msp430/4.5.3/mmpy-16/libgcc.a(_thenan_sf.o)
 .debug_abbrev  0x00005afb      0x16d /usr/bin/../lib/gcc/msp430/4.5.3/mmpy-16/libgcc.a(_usi_to_sf.o)
 .debug_abbrev  0x00005c68       0xbd /usr/bin/../lib/gcc/msp430/4.5.3/mmpy-16/libgcc.a(_clzsi2.o)
 .debug_abbrev  0x00005d25      0x183 /usr/bin/../lib/gcc/msp430/4.5.3/mmpy-16/libgcc.a(_pack_sf.o)
 .debug_abbrev  0x00005ea8      0x14b /usr/bin/../lib/gcc/msp430/4.5.3/mmpy-16/libgcc.a(_unpack_sf.o)
 .debug_abbrev  0x00005ff3      0x10b /usr/bin/../lib/gcc/msp430/4.5.3/mmpy-16/libgcc.a(_fpcmp_parts_sf.o)
 .debug_abbrev  0x000060fe       0x61 /usr/bin/../lib/gcc/msp430/4.5.3/mmpy-16/libgcc.a(_clz.o)
 .debug_abbrev  0x0000615f       0x6d /usr/bin/../lib/gcc/msp430/4.5.3/../../../../msp430/lib/mmpy-16/libc.a(strncmp.o)
 .debug_abbrev  0x000061cc       0x97 /usr/bin/../lib/gcc/msp430/4.5.3/../../../../msp430/lib/mmpy-16/libc.a(memcpy.o)
 .debug_abbrev  0x00006263       0x8d /usr/bin/../lib/gcc/msp430/4.5.3/../../../../msp430/lib/mmpy-16/libc.a(memset.o)
 .debug_abbrev  0x000062f0       0xce /usr/bin/../lib/gcc/msp430/4.5.3/../../../../msp430/lib/mmpy-16/libc.a(printf.o)
 .debug_abbrev  0x000063be      0x1cb /usr/bin/../lib/gcc/msp430/4.5.3/../../../../msp430/lib/mmpy-16/libc.a(vuprintf.o)
 .debug_abbrev  0x00006589       0x60 /usr/bin/../lib/gcc/msp430/4.5.3/../../../../msp430/lib/mmpy-16/libc.a(puts.o)
 .debug_abbrev  0x000065e9       0xdc /usr/bin/../lib/gcc/msp430/4.5.3/../../../../msp430/lib/mmpy-16/libc.a(rand.o)

.debug_line     0x00000000     0xa3d3
 *(.debug_line)
 .debug_line    0x00000000      0x136 humidity.co
 .debug_line    0x00000136      0x4a2 obj_sky/contiki-sky-main.o
 .debug_line    0x000005d8      0x13a contiki-sky.a(rimeaddr.o)
 .debug_line    0x00000712      0x2dc contiki-sky.a(rime.o)
 .debug_line    0x000009ee       0x9e contiki-sky.a(rimestats.o)
 .debug_line    0x00000a8c      0x2b3 contiki-sky.a(announcement.o)
 .debug_line    0x00000d3f      0x3e2 contiki-sky.a(broadcast-annou)
 .debug_line    0x00001121      0x235 contiki-sky.a(broadcast.o)
 .debug_line    0x00001356      0x205 contiki-sky.a(abc.o)
 .debug_line    0x0000155b      0x1de contiki-sky.a(chameleon.o)
 .debug_line    0x00001739      0x215 contiki-sky.a(channel.o)
 .debug_line    0x0000194e      0x434 contiki-sky.a(chameleon-bitop)
 .debug_line    0x00001d82      0x571 contiki-sky.a(csma.o)
 .debug_line    0x000022f3      0xabf contiki-sky.a(contikimac.o)
 .debug_line    0x00002db2      0x47b contiki-sky.a(phase.o)
 .debug_line    0x0000322d      0x3e9 contiki-sky.a(process.o)
 .debug_line    0x00003616       0xf5 contiki-sky.a(autostart.o)
 .debug_line    0x0000370b      0x239 contiki-sky.a(compower.o)
 .debug_line    0x00003944      0x26d contiki-sky.a(serial-line.o)
 .debug_line    0x00003bb1      0x166 contiki-sky.a(memb.o)
 .debug_line    0x00003d17      0x15c contiki-sky.a(timer.o)
 .debug_line    0x00003e73      0x2a8 contiki-sky.a(list.o)
 .debug_line    0x0000411b      0x3d2 contiki-sky.a(etimer.o)
 .debug_line    0x000044ed      0x338 contiki-sky.a(ctimer.o)
 .debug_line    0x00004825      0x16e contiki-sky.a(energest.o)
 .debug_line    0x00004993      0x120 contiki-sky.a(rtimer.o)
 .debug_line    0x00004ab3       0x8b contiki-sky.a(random.o)
 .debug_line    0x00004b3e      0x19c contiki-sky.a(ringbuf.o)
 .debug_line    0x00004cda      0x455 contiki-sky.a(packetbuf.o)
 .debug_line    0x0000512f      0x362 contiki-sky.a(queuebuf.o)
 .debug_line    0x00005491      0x158 contiki-sky.a(contiki-sky-pla)
 .debug_line    0x000055e9      0x40a contiki-sky.a(sht11.o)
 .debug_line    0x000059f3      0x2b9 contiki-sky.a(button-sensor.o)
 .debug_line    0x00005cac      0x2b7 contiki-sky.a(ds2411.o)
 .debug_line    0x00005f63      0x3bd contiki-sky.a(xmem.o)
 .debug_line    0x00006320       0xd5 contiki-sky.a(node-id.o)
 .debug_line    0x000063f5      0x237 contiki-sky.a(sensors.o)
 .debug_line    0x0000662c      0xd51 contiki-sky.a(cc2420.o)
 .debug_line    0x0000737d      0x1df contiki-sky.a(cc2420-arch.o)
 .debug_line    0x0000755c      0x2fd contiki-sky.a(uart1.o)
 .debug_line    0x00007859       0xc5 contiki-sky.a(uart1-putchar.o)
 .debug_line    0x0000791e      0x2ea contiki-sky.a(msp430.o)
 .debug_line    0x00007c08      0x33c contiki-sky.a(clock.o)
 .debug_line    0x00007f44      0x1fa contiki-sky.a(leds.o)
 .debug_line    0x0000813e      0x153 contiki-sky.a(leds-arch.o)
 .debug_line    0x00008291      0x19f contiki-sky.a(watchdog.o)
 .debug_line    0x00008430      0x1a0 contiki-sky.a(rtimer-arch.o)
 .debug_line    0x000085d0       0xb0 contiki-sky.a(mac.o)
 .debug_line    0x00008680      0x2f7 contiki-sky.a(framer-802154.o)
 .debug_line    0x00008977       0xf3 contiki-sky.a(spi.o)
 .debug_line    0x00008a6a      0x3f7 contiki-sky.a(frame802154.o)
 .debug_line    0x00008e61       0x7d /usr/bin/../lib/gcc/msp430/4.5.3/mmpy-16/libgcc.a(_fixunssfsi.o)
 .debug_line    0x00008ede      0x25e /usr/bin/../lib/gcc/msp430/4.5.3/mmpy-16/libgcc.a(_addsub_sf.o)
 .debug_line    0x0000913c      0x237 /usr/bin/../lib/gcc/msp430/4.5.3/mmpy-16/libgcc.a(_mul_sf.o)
 .debug_line    0x00009373       0xa9 /usr/bin/../lib/gcc/msp430/4.5.3/mmpy-16/libgcc.a(_ge_sf.o)
 .debug_line    0x0000941c       0xe1 /usr/bin/../lib/gcc/msp430/4.5.3/mmpy-16/libgcc.a(_sf_to_si.o)
 .debug_line    0x000094fd       0x6a /usr/bin/../lib/gcc/msp430/4.5.3/mmpy-16/libgcc.a(_thenan_sf.o)
 .debug_line    0x00009567       0xf9 /usr/bin/../lib/gcc/msp430/4.5.3/mmpy-16/libgcc.a(_usi_to_sf.o)
 .debug_line    0x00009660       0xa3 /usr/bin/../lib/gcc/msp430/4.5.3/mmpy-16/libgcc.a(_clzsi2.o)
 .debug_line    0x00009703      0x191 /usr/bin/../lib/gcc/msp430/4.5.3/mmpy-16/libgcc.a(_pack_sf.o)
 .debug_line    0x00009894      0x129 /usr/bin/../lib/gcc/msp430/4.5.3/mmpy-16/libgcc.a(_unpack_sf.o)
 .debug_line    0x000099bd      0x115 /usr/bin/../lib/gcc/msp430/4.5.3/mmpy-16/libgcc.a(_fpcmp_parts_sf.o)
 .debug_line    0x00009ad2       0x56 /usr/bin/../lib/gcc/msp430/4.5.3/mmpy-16/libgcc.a(_clz.o)
 .debug_line    0x00009b28       0xcf /usr/bin/../lib/gcc/msp430/4.5.3/../../../../msp430/lib/mmpy-16/libc.a(strncmp.o)
 .debug_line    0x00009bf7      0x197 /usr/bin/../lib/gcc/msp430/4.5.3/../../../../msp430/lib/mmpy-16/libc.a(memcpy.o)
 .debug_line    0x00009d8e      0x133 /usr/bin/../lib/gcc/msp430/4.5.3/../../../../msp430/lib/mmpy-16/libc.a(memset.o)
 .debug_line    0x00009ec1       0xbc /usr/bin/../lib/gcc/msp430/4.5.3/../../../../msp430/lib/mmpy-16/libc.a(printf.o)
 .debug_line    0x00009f7d      0x382 /usr/bin/../lib/gcc/msp430/4.5.3/../../../../msp430/lib/mmpy-16/libc.a(vuprintf.o)
 .debug_line    0x0000a2ff       0x5d /usr/bin/../lib/gcc/msp430/4.5.3/../../../../msp430/lib/mmpy-16/libc.a(puts.o)
 .debug_line    0x0000a35c       0x77 /usr/bin/../lib/gcc/msp430/4.5.3/../../../../msp430/lib/mmpy-16/libc.a(rand.o)

.debug_frame    0x00000000     0x1f6a
 *(.debug_frame)
 .debug_frame   0x00000000       0x48 humidity.co
 .debug_frame   0x00000048       0xb6 obj_sky/contiki-sky-main.o
 .debug_frame   0x000000fe       0x36 contiki-sky.a(rimeaddr.o)
 .debug_frame   0x00000134       0x8a contiki-sky.a(rime.o)
 .debug_frame   0x000001be       0xe8 contiki-sky.a(announcement.o)
 .debug_frame   0x000002a6       0xea contiki-sky.a(broadcast-annou)
 .debug_frame   0x00000390       0x6c contiki-sky.a(broadcast.o)
 .debug_frame   0x000003fc       0x5e contiki-sky.a(abc.o)
 .debug_frame   0x0000045a       0x48 contiki-sky.a(chameleon.o)
 .debug_frame   0x000004a2       0x5e contiki-sky.a(channel.o)
 .debug_frame   0x00000500       0xea contiki-sky.a(chameleon-bitop)
 .debug_frame   0x000005ea       0xf6 contiki-sky.a(csma.o)
 .debug_frame   0x000006e0      0x182 contiki-sky.a(contikimac.o)
 .debug_frame   0x00000862       0xc4 contiki-sky.a(phase.o)
 .debug_frame   0x00000926       0xe8 contiki-sky.a(process.o)
 .debug_frame   0x00000a0e       0x36 contiki-sky.a(autostart.o)
 .debug_frame   0x00000a44       0x5e contiki-sky.a(compower.o)
 .debug_frame   0x00000aa2       0x40 contiki-sky.a(serial-line.o)
 .debug_frame   0x00000ae2       0x60 contiki-sky.a(memb.o)
 .debug_frame   0x00000b42       0x6a contiki-sky.a(timer.o)
 .debug_frame   0x00000bac       0xb6 contiki-sky.a(list.o)
 .debug_frame   0x00000c62       0xf8 contiki-sky.a(etimer.o)
 .debug_frame   0x00000d5a       0xaa contiki-sky.a(ctimer.o)
 .debug_frame   0x00000e04       0x72 contiki-sky.a(energest.o)
 .debug_frame   0x00000e76       0x36 contiki-sky.a(rtimer.o)
 .debug_frame   0x00000eac       0x2a contiki-sky.a(random.o)
 .debug_frame   0x00000ed6       0x62 contiki-sky.a(ringbuf.o)
 .debug_frame   0x00000f38      0x158 contiki-sky.a(packetbuf.o)
 .debug_frame   0x00001090       0xb2 contiki-sky.a(queuebuf.o)
 .debug_frame   0x00001142       0x1e contiki-sky.a(contiki-sky-pla)
 .debug_frame   0x00001160       0xcc contiki-sky.a(sht11.o)
 .debug_frame   0x0000122c       0x70 contiki-sky.a(button-sensor.o)
 .debug_frame   0x0000129c       0x54 contiki-sky.a(ds2411.o)
 .debug_frame   0x000012f0       0xc4 contiki-sky.a(xmem.o)
 .debug_frame   0x000013b4       0x32 contiki-sky.a(node-id.o)
 .debug_frame   0x000013e6       0x84 contiki-sky.a(sensors.o)
 .debug_frame   0x0000146a      0x24e contiki-sky.a(cc2420.o)
 .debug_frame   0x000016b8       0x52 contiki-sky.a(cc2420-arch.o)
 .debug_frame   0x0000170a       0x6c contiki-sky.a(uart1.o)
 .debug_frame   0x00001776       0x24 contiki-sky.a(uart1-putchar.o)
 .debug_frame   0x0000179a       0x76 contiki-sky.a(msp430.o)
 .debug_frame   0x00001810       0xdc contiki-sky.a(clock.o)
 .debug_frame   0x000018ec       0x96 contiki-sky.a(leds.o)
 .debug_frame   0x00001982       0x36 contiki-sky.a(leds-arch.o)
 .debug_frame   0x000019b8       0x5a contiki-sky.a(watchdog.o)
 .debug_frame   0x00001a12       0x6a contiki-sky.a(rtimer-arch.o)
 .debug_frame   0x00001a7c       0x24 contiki-sky.a(mac.o)
 .debug_frame   0x00001aa0       0x40 contiki-sky.a(framer-802154.o)
 .debug_frame   0x00001ae0       0x1e contiki-sky.a(spi.o)
 .debug_frame   0x00001afe       0x9a contiki-sky.a(frame802154.o)
 .debug_frame   0x00001b98       0x28 /usr/bin/../lib/gcc/msp430/4.5.3/mmpy-16/libgcc.a(_fixunssfsi.o)
 .debug_frame   0x00001bc0       0x7e /usr/bin/../lib/gcc/msp430/4.5.3/mmpy-16/libgcc.a(_addsub_sf.o)
 .debug_frame   0x00001c3e       0x4a /usr/bin/../lib/gcc/msp430/4.5.3/mmpy-16/libgcc.a(_mul_sf.o)
 .debug_frame   0x00001c88       0x2c /usr/bin/../lib/gcc/msp430/4.5.3/mmpy-16/libgcc.a(_ge_sf.o)
 .debug_frame   0x00001cb4       0x22 /usr/bin/../lib/gcc/msp430/4.5.3/mmpy-16/libgcc.a(_sf_to_si.o)
 .debug_frame   0x00001cd6       0x3a /usr/bin/../lib/gcc/msp430/4.5.3/mmpy-16/libgcc.a(_usi_to_sf.o)
 .debug_frame   0x00001d10       0x24 /usr/bin/../lib/gcc/msp430/4.5.3/mmpy-16/libgcc.a(_clzsi2.o)
 .debug_frame   0x00001d34       0x3c /usr/bin/../lib/gcc/msp430/4.5.3/mmpy-16/libgcc.a(_pack_sf.o)
 .debug_frame   0x00001d70       0x2e /usr/bin/../lib/gcc/msp430/4.5.3/mmpy-16/libgcc.a(_unpack_sf.o)
 .debug_frame   0x00001d9e       0x24 /usr/bin/../lib/gcc/msp430/4.5.3/mmpy-16/libgcc.a(_fpcmp_parts_sf.o)
 .debug_frame   0x00001dc2       0x24 /usr/bin/../lib/gcc/msp430/4.5.3/../../../../msp430/lib/mmpy-16/libc.a(strncmp.o)
 .debug_frame   0x00001de6       0x32 /usr/bin/../lib/gcc/msp430/4.5.3/../../../../msp430/lib/mmpy-16/libc.a(memcpy.o)
 .debug_frame   0x00001e18       0x32 /usr/bin/../lib/gcc/msp430/4.5.3/../../../../msp430/lib/mmpy-16/libc.a(memset.o)
 .debug_frame   0x00001e4a       0x2a /usr/bin/../lib/gcc/msp430/4.5.3/../../../../msp430/lib/mmpy-16/libc.a(printf.o)
 .debug_frame   0x00001e74       0x82 /usr/bin/../lib/gcc/msp430/4.5.3/../../../../msp430/lib/mmpy-16/libc.a(vuprintf.o)
 .debug_frame   0x00001ef6       0x24 /usr/bin/../lib/gcc/msp430/4.5.3/../../../../msp430/lib/mmpy-16/libc.a(puts.o)
 .debug_frame   0x00001f1a       0x50 /usr/bin/../lib/gcc/msp430/4.5.3/../../../../msp430/lib/mmpy-16/libc.a(rand.o)

.debug_str      0x00000000     0x3fa7
 *(.debug_str)
 .debug_str     0x00000000      0x243 humidity.co
                                0x2c8 (size before relaxing)
 .debug_str     0x00000243      0x21f obj_sky/contiki-sky-main.o
                                0x49f (size before relaxing)
 .debug_str     0x00000462       0x8a contiki-sky.a(rimeaddr.o)
                                0x136 (size before relaxing)
 .debug_str     0x000004ec      0x1af contiki-sky.a(rime.o)
                                0x359 (size before relaxing)
 .debug_str     0x0000069b       0x3a contiki-sky.a(rimestats.o)
                                 0xeb (size before relaxing)
 .debug_str     0x000006d5      0x1b9 contiki-sky.a(announcement.o)
                                0x2c1 (size before relaxing)
 .debug_str     0x0000088e      0x1e1 contiki-sky.a(broadcast-annou)
                                0x540 (size before relaxing)
 .debug_str     0x00000a6f      0x361 contiki-sky.a(broadcast.o)
                                0x644 (size before relaxing)
 .debug_str     0x00000dd0       0x63 contiki-sky.a(abc.o)
                                0x5d5 (size before relaxing)
 .debug_str     0x00000e33       0xb1 contiki-sky.a(chameleon.o)
                                0x4c5 (size before relaxing)
 .debug_str     0x00000ee4       0xa5 contiki-sky.a(channel.o)
                                0x1e7 (size before relaxing)
 .debug_str     0x00000f89       0xde contiki-sky.a(chameleon-bitop)
                                0x55c (size before relaxing)
 .debug_str     0x00001067      0x218 contiki-sky.a(csma.o)
                                0x7e7 (size before relaxing)
 .debug_str     0x0000127f      0x406 contiki-sky.a(contikimac.o)
                                0xa6b (size before relaxing)
 .debug_str     0x00001685      0x11b contiki-sky.a(phase.o)
                                0x41c (size before relaxing)
 .debug_str     0x000017a0      0x189 contiki-sky.a(process.o)
                                0x27e (size before relaxing)
 .debug_str     0x00001929       0x54 contiki-sky.a(autostart.o)
                                0x136 (size before relaxing)
 .debug_str     0x0000197d       0xab contiki-sky.a(compower.o)
                                0x5ee (size before relaxing)
 .debug_str     0x00001a28       0xce contiki-sky.a(serial-line.o)
                                0x31c (size before relaxing)
 .debug_str     0x00001af6       0x60 contiki-sky.a(memb.o)
                                 0xfb (size before relaxing)
 .debug_str     0x00001b56       0x41 contiki-sky.a(timer.o)
                                0x120 (size before relaxing)
 .debug_str     0x00001b97       0xc2 contiki-sky.a(list.o)
                                 0xe9 (size before relaxing)
 .debug_str     0x00001c59      0x14d contiki-sky.a(etimer.o)
                                0x28b (size before relaxing)
 .debug_str     0x00001da6       0xd3 contiki-sky.a(ctimer.o)
                                0x346 (size before relaxing)
 .debug_str     0x00001e79       0xb5 contiki-sky.a(energest.o)
                                0x2c9 (size before relaxing)
 .debug_str     0x00001f2e       0x6e contiki-sky.a(rtimer.o)
                                0x29f (size before relaxing)
 .debug_str     0x00001f9c       0x4f contiki-sky.a(random.o)
                                 0xda (size before relaxing)
 .debug_str     0x00001feb       0x76 contiki-sky.a(ringbuf.o)
                                0x133 (size before relaxing)
 .debug_str     0x00002061      0x1f9 contiki-sky.a(packetbuf.o)
                                0x723 (size before relaxing)
 .debug_str     0x0000225a      0x1a4 contiki-sky.a(queuebuf.o)
                                0x6f1 (size before relaxing)
 .debug_str     0x000023fe       0x89 contiki-sky.a(contiki-sky-pla)
                                0x2b2 (size before relaxing)