Archive member included because of file (symbol)

contiki-sky.a(rimeaddr.o)     obj_sky/contiki-sky-main.o (rimeaddr_copy)
contiki-sky.a(rime.o)         obj_sky/contiki-sky-main.o (rime_driver)
contiki-sky.a(rimestats.o)    contiki-sky.a(rime.o) (rimestats)
contiki-sky.a(announcement.o)
                              contiki-sky.a(rime.o) (announcement_init)
contiki-sky.a(broadcast-annou)
                              contiki-sky.a(rime.o) (broadcast_announcement_init)
contiki-sky.a(broadcast.o)    contiki-sky.a(broadcast-annou) (broadcast_open)
contiki-sky.a(abc.o)          contiki-sky.a(broadcast.o) (abc_open)
contiki-sky.a(chameleon.o)    contiki-sky.a(rime.o) (chameleon_init)
contiki-sky.a(channel.o)      contiki-sky.a(chameleon.o) (channel_init)
contiki-sky.a(chameleon-bitop)
                              contiki-sky.a(chameleon.o) (chameleon_bitopt)
contiki-sky.a(csma.o)         obj_sky/contiki-sky-main.o (csma_driver)
contiki-sky.a(contikimac.o)   obj_sky/contiki-sky-main.o (contikimac_driver)
contiki-sky.a(phase.o)        contiki-sky.a(contikimac.o) (phase_update)
contiki-sky.a(process.o)      obj_sky/contiki-sky-main.o (process_init)
contiki-sky.a(autostart.o)    obj_sky/contiki-sky-main.o (autostart_start)
contiki-sky.a(compower.o)     contiki-sky.a(contikimac.o) (compower_idle_activity)
contiki-sky.a(serial-line.o)  obj_sky/contiki-sky-main.o (serial_line_input_byte)
contiki-sky.a(memb.o)         contiki-sky.a(csma.o) (memb_init)
contiki-sky.a(timer.o)        obj_sky/contiki-sky-main.o (timer_set)
contiki-sky.a(list.o)         contiki-sky.a(announcement.o) (list_init)
contiki-sky.a(etimer.o)       obj_sky/contiki-sky-main.o (etimer_process)
contiki-sky.a(ctimer.o)       obj_sky/contiki-sky-main.o (ctimer_init)
contiki-sky.a(energest.o)     obj_sky/contiki-sky-main.o (energest_init)
contiki-sky.a(rtimer.o)       obj_sky/contiki-sky-main.o (rtimer_init)
contiki-sky.a(random.o)       obj_sky/contiki-sky-main.o (random_init)
contiki-sky.a(ringbuf.o)      contiki-sky.a(serial-line.o) (ringbuf_init)
contiki-sky.a(packetbuf.o)    contiki-sky.a(contikimac.o) (packetbuf_hdr_remove)
contiki-sky.a(queuebuf.o)     contiki-sky.a(rime.o) (queuebuf_init)
contiki-sky.a(contiki-sky-pla)
                              obj_sky/contiki-sky-main.o (init_platform)
contiki-sky.a(button-sensor.o)
                              contiki-sky.a(contiki-sky-pla) (button_sensor)
contiki-sky.a(ds2411.o)       obj_sky/contiki-sky-main.o (ds2411_init)
contiki-sky.a(xmem.o)         obj_sky/contiki-sky-main.o (xmem_init)
contiki-sky.a(node-id.o)      obj_sky/contiki-sky-main.o (node_id_restore)
contiki-sky.a(sensors.o)      contiki-sky.a(button-sensor.o) (sensors_changed)
contiki-sky.a(cc2420.o)       obj_sky/contiki-sky-main.o (cc2420_set_channel)
contiki-sky.a(cc2420-arch.o)  contiki-sky.a(cc2420.o) (cc2420_arch_init)
contiki-sky.a(uart1.o)        obj_sky/contiki-sky-main.o (uart1_active)
contiki-sky.a(uart1-putchar.o)
                              obj_sky/contiki-sky-main.o (putchar)
contiki-sky.a(msp430.o)       contiki-sky.a(uart1.o) (msp430_add_lpm_req)
contiki-sky.a(clock.o)        contiki-sky.a(timer.o) (clock_time)
contiki-sky.a(leds.o)         obj_sky/contiki-sky-main.o (leds_init)
contiki-sky.a(leds-arch.o)    contiki-sky.a(leds.o) (leds_arch_init)
contiki-sky.a(watchdog.o)     obj_sky/contiki-sky-main.o (watchdog_start)
contiki-sky.a(rtimer-arch.o)  contiki-sky.a(rtimer.o) (rtimer_arch_init)
contiki-sky.a(mac.o)          contiki-sky.a(csma.o) (mac_call_sent_callback)
contiki-sky.a(framer-802154.o)
                              contiki-sky.a(contikimac.o) (framer_802154)
contiki-sky.a(spi.o)          contiki-sky.a(xmem.o) (spi_init)
contiki-sky.a(frame802154.o)  contiki-sky.a(framer-802154.o) (frame802154_hdrlen)
/usr/bin/../lib/gcc/msp430/4.5.3/mmpy-16/libgcc.a(_mulsi3.o)
                              contiki-sky.a(csma.o) (__mulsi3)
/usr/bin/../lib/gcc/msp430/4.5.3/mmpy-16/libgcc.a(_udivmodhi4.o)
                              contiki-sky.a(phase.o) (__udivmodhi4)
/usr/bin/../lib/gcc/msp430/4.5.3/mmpy-16/libgcc.a(_udivmodsi4.o)
                              obj_sky/contiki-sky-main.o (__udivmodsi4)
/usr/bin/../lib/gcc/msp430/4.5.3/../../../../msp430/lib/mmpy-16/libc.a(strncmp.o)
                              contiki-sky.a(sensors.o) (strncmp)
/usr/bin/../lib/gcc/msp430/4.5.3/../../../../msp430/lib/mmpy-16/libc.a(memcpy.o)
                              contiki-sky.a(broadcast-annou) (memcpy)
/usr/bin/../lib/gcc/msp430/4.5.3/../../../../msp430/lib/mmpy-16/libc.a(memset.o)
                              obj_sky/contiki-sky-main.o (memset)
/usr/bin/../lib/gcc/msp430/4.5.3/../../../../msp430/lib/mmpy-16/libc.a(printf.o)
                              obj_sky/contiki-sky-main.o (printf)
/usr/bin/../lib/gcc/msp430/4.5.3/../../../../msp430/lib/mmpy-16/libc.a(vuprintf.o)
                              /usr/bin/../lib/gcc/msp430/4.5.3/../../../../msp430/lib/mmpy-16/libc.a(printf.o) (vuprintf)
[...]
Memory Configuration

Name             Origin             Length             Attributes
sfr              0x00000000         0x00000010
peripheral_8bit  0x00000010         0x000000f0
peripheral_16bit 0x00000100         0x00000100
infomem          0x00001000         0x00000100
infob            0x00001000         0x00000080
infoa            0x00001080         0x00000080
ram              0x00001100         0x00002800         xw
rom              0x00004000         0x0000bfe0         xr
vectors          0x0000ffe0         0x00000020
bsl              0x00000000         0x00000000
infoc            0x00000000         0x00000000
infod            0x00000000         0x00000000
far_rom          0x00000000         0x00000000
*default*        0x00000000         0xffffffff

Linker script and memory map

LOAD /usr/bin/../lib/gcc/msp430/4.5.3/mmpy-16/crt0ivtbl16.o
LOAD blink.co
LOAD obj_sky/contiki-sky-main.o
LOAD contiki-sky.a
LOAD /usr/bin/../lib/gcc/msp430/4.5.3/mmpy-16/libgcc.a
LOAD /usr/bin/../lib/gcc/msp430/4.5.3/../../../../msp430/lib/mmpy-16/libc.a
LOAD /usr/bin/../lib/gcc/msp430/4.5.3/mmpy-16/libgcc.a
LOAD /usr/bin/../lib/gcc/msp430/4.5.3/mmpy-16/libcrt0.a
                0x00000000                __IE1 = 0x0
                0x00000002                __IFG1 = 0x2
                0x00000004                __ME1 = 0x4
                0x00000001                __IE2 = 0x1
                0x00000003                __IFG2 = 0x3
                0x00000005                __ME2 = 0x5
                0x00000120                __WDTCTL = 0x120
                0x00000130                __MPY = 0x130
                0x00000132                __MPYS = 0x132
                0x00000134                __MAC = 0x134
                0x00000136                __MACS = 0x136
                0x00000138                __OP2 = 0x138
                0x0000013a                __RESLO = 0x13a
                0x0000013c                __RESHI = 0x13c
                0x0000013e                __SUMEXT = 0x13e
                0x00000020                __P1IN = 0x20
                0x00000021                __P1OUT = 0x21
                0x00000022                __P1DIR = 0x22
                0x00000023                __P1IFG = 0x23
                0x00000024                __P1IES = 0x24
                0x00000025                __P1IE = 0x25
                0x00000026                __P1SEL = 0x26
                0x00000028                __P2IN = 0x28
                0x00000029                __P2OUT = 0x29
                0x0000002a                __P2DIR = 0x2a
                0x0000002b                __P2IFG = 0x2b
                0x0000002c                __P2IES = 0x2c
                0x0000002d                __P2IE = 0x2d
                0x0000002e                __P2SEL = 0x2e
                0x00000018                __P3IN = 0x18
                0x00000019                __P3OUT = 0x19
                0x0000001a                __P3DIR = 0x1a
                0x0000001b                __P3SEL = 0x1b
                0x0000001c                __P4IN = 0x1c
                0x0000001d                __P4OUT = 0x1d
                0x0000001e                __P4DIR = 0x1e
                0x0000001f                __P4SEL = 0x1f
                0x00000030                __P5IN = 0x30
                0x00000031                __P5OUT = 0x31
                0x00000032                __P5DIR = 0x32
                0x00000033                __P5SEL = 0x33
                0x00000034                __P6IN = 0x34
                0x00000035                __P6OUT = 0x35
                0x00000036                __P6DIR = 0x36
                0x00000037                __P6SEL = 0x37
                0x00000070                __U0CTL = 0x70
                0x00000071                __U0TCTL = 0x71
                0x00000072                __U0RCTL = 0x72
                0x00000073                __U0MCTL = 0x73
                0x00000074                __U0BR0 = 0x74
                0x00000075                __U0BR1 = 0x75
                0x00000076                __U0RXBUF = 0x76
                0x00000077                __U0TXBUF = 0x77
                0x00000078                __U1CTL = 0x78
                0x00000079                __U1TCTL = 0x79
                0x0000007a                __U1RCTL = 0x7a
                0x0000007b                __U1MCTL = 0x7b
                0x0000007c                __U1BR0 = 0x7c
                0x0000007d                __U1BR1 = 0x7d
                0x0000007e                __U1RXBUF = 0x7e
                0x0000007f                __U1TXBUF = 0x7f
                0x00000050                __I2CIE = 0x50
                0x00000051                __I2CIFG = 0x51
                0x00000052                __I2CNDAT = 0x52
                0x00000071                __I2CTCTL = 0x71
                0x00000072                __I2CDCTL = 0x72
                0x00000073                __I2CPSC = 0x73
                0x00000074                __I2CSCLH = 0x74
                0x00000075                __I2CSCLL = 0x75
                0x00000076                __I2CDRB = 0x76
                0x00000076                __I2CDRW = 0x76
                0x00000118                __I2COA = 0x118
                0x0000011a                __I2CSA = 0x11a
                0x0000011c                __I2CIV = 0x11c
                0x0000012e                __TAIV = 0x12e
                0x00000160                __TACTL = 0x160
                0x00000162                __TACCTL0 = 0x162
                0x00000164                __TACCTL1 = 0x164
                0x00000166                __TACCTL2 = 0x166
                0x00000170                __TAR = 0x170
                0x00000172                __TACCR0 = 0x172
                0x00000174                __TACCR1 = 0x174
                0x00000176                __TACCR2 = 0x176
                0x0000011e                __TBIV = 0x11e
                0x00000180                __TBCTL = 0x180
                0x00000182                __TBCCTL0 = 0x182
                0x00000184                __TBCCTL1 = 0x184
                0x00000186                __TBCCTL2 = 0x186
                0x00000188                __TBCCTL3 = 0x188
                0x0000018a                __TBCCTL4 = 0x18a
                0x0000018c                __TBCCTL5 = 0x18c
                0x0000018e                __TBCCTL6 = 0x18e
                0x00000190                __TBR = 0x190
                0x00000192                __TBCCR0 = 0x192
                0x00000194                __TBCCR1 = 0x194
                0x00000196                __TBCCR2 = 0x196
                0x00000198                __TBCCR3 = 0x198
                0x0000019a                __TBCCR4 = 0x19a
                0x0000019c                __TBCCR5 = 0x19c
                0x0000019e                __TBCCR6 = 0x19e
                0x00000056                __DCOCTL = 0x56
                0x00000057                __BCSCTL1 = 0x57
                0x00000058                __BCSCTL2 = 0x58
                0x00000055                __SVSCTL = 0x55
                0x00000128                __FCTL1 = 0x128
                0x0000012a                __FCTL2 = 0x12a
                0x0000012c                __FCTL3 = 0x12c
                0x00000059                __CACTL1 = 0x59
                0x0000005a                __CACTL2 = 0x5a
                0x0000005b                __CAPD = 0x5b
                0x000001a0                __ADC12CTL0 = 0x1a0
                0x000001a2                __ADC12CTL1 = 0x1a2
                0x000001a4                __ADC12IFG = 0x1a4
                0x000001a6                __ADC12IE = 0x1a6
                0x000001a8                __ADC12IV = 0x1a8
                0x00000140                __ADC12MEM0 = 0x140
                0x00000142                __ADC12MEM1 = 0x142
                0x00000144                __ADC12MEM2 = 0x144
                0x00000146                __ADC12MEM3 = 0x146
                0x00000148                __ADC12MEM4 = 0x148
                0x0000014a                __ADC12MEM5 = 0x14a
                0x0000014c                __ADC12MEM6 = 0x14c
                0x0000014e                __ADC12MEM7 = 0x14e
                0x00000150                __ADC12MEM8 = 0x150
                0x00000152                __ADC12MEM9 = 0x152
                0x00000154                __ADC12MEM10 = 0x154
                0x00000156                __ADC12MEM11 = 0x156
                0x00000158                __ADC12MEM12 = 0x158
                0x0000015a                __ADC12MEM13 = 0x15a
                0x0000015c                __ADC12MEM14 = 0x15c
                0x0000015e                __ADC12MEM15 = 0x15e
                0x00000080                __ADC12MCTL0 = 0x80
                0x00000081                __ADC12MCTL1 = 0x81
                0x00000082                __ADC12MCTL2 = 0x82
                0x00000083                __ADC12MCTL3 = 0x83
                0x00000084                __ADC12MCTL4 = 0x84
                0x00000085                __ADC12MCTL5 = 0x85
                0x00000086                __ADC12MCTL6 = 0x86
                0x00000087                __ADC12MCTL7 = 0x87
                0x00000088                __ADC12MCTL8 = 0x88
                0x00000089                __ADC12MCTL9 = 0x89
                0x0000008a                __ADC12MCTL10 = 0x8a
                0x0000008b                __ADC12MCTL11 = 0x8b
                0x0000008c                __ADC12MCTL12 = 0x8c
                0x0000008d                __ADC12MCTL13 = 0x8d
                0x0000008e                __ADC12MCTL14 = 0x8e
                0x0000008f                __ADC12MCTL15 = 0x8f
                0x000001c0                __DAC12_0CTL = 0x1c0
                0x000001c2                __DAC12_1CTL = 0x1c2
                0x000001c8                __DAC12_0DAT = 0x1c8
                0x000001ca                __DAC12_1DAT = 0x1ca
                0x00000122                __DMACTL0 = 0x122
                0x00000124                __DMACTL1 = 0x124
                0x000001e0                __DMA0CTL = 0x1e0
                0x000001e8                __DMA1CTL = 0x1e8
                0x000001f0                __DMA2CTL = 0x1f0
                0x000001e2                __DMA0SA = 0x1e2
                0x000001e4                __DMA0DA = 0x1e4
                0x000001e6                __DMA0SZ = 0x1e6
                0x000001ea                __DMA1SA = 0x1ea
                0x000001ec                __DMA1DA = 0x1ec
                0x000001ee                __DMA1SZ = 0x1ee
                0x000001f2                __DMA2SA = 0x1f2
                0x000001f4                __DMA2DA = 0x1f4
                0x000001f6                __DMA2SZ = 0x1f6

.hash
 *(.hash)

.dynsym
 *(.dynsym)

.dynstr
 *(.dynstr)

.gnu.version
 *(.gnu.version)

.gnu.version_d
 *(.gnu.version_d)

.gnu.version_r
 *(.gnu.version_r)

.rel.init
 *(.rel.init)

.rela.init
 *(.rela.init)

.rel.text
 *(.rel.text)
 *(.rel.text.*)
 *(.rel.gnu.linkonce.t*)

.rela.text
 *(.rela.text)
 *(.rela.text.*)
 *(.rela.gnu.linkonce.t*)

.rel.fini
 *(.rel.fini)

.rela.fini
 *(.rela.fini)

.rel.rodata
 *(.rel.rodata)
 *(.rel.rodata.*)
 *(.rel.gnu.linkonce.r*)

.rela.rodata
 *(.rela.rodata)
 *(.rela.rodata.*)
 *(.rela.gnu.linkonce.r*)

.rel.data
 *(.rel.data)
 *(.rel.data.*)
 *(.rel.gnu.linkonce.d*)

.rela.data
 *(.rela.data)
 *(.rela.data.*)
 *(.rela.gnu.linkonce.d*)

.rel.ctors
 *(.rel.ctors)

.rela.ctors
 *(.rela.ctors)

.rel.dtors
 *(.rel.dtors)

.rela.dtors
 *(.rela.dtors)

.rel.got
 *(.rel.got)

.rela.got
 *(.rela.got)

.rel.bss
 *(.rel.bss)

.rela.bss
 *(.rela.bss)

.rel.plt
 *(.rel.plt)

.rela.plt
 *(.rela.plt)

.text           0x00004000     0x4d9a
                0x00004000                . = ALIGN (0x2)
 *(.init)
 *(.init0)
 .init0         0x00004000        0x0 /usr/bin/../lib/gcc/msp430/4.5.3/mmpy-16/libcrt0.a(_reset_vector__.o)
                0x00004000                _reset_vector__
 *(.init1)
 *(.init2)
 .init2         0x00004000        0x4 /usr/bin/../lib/gcc/msp430/4.5.3/mmpy-16/libcrt0.a(__init_stack.o)
                0x00004000                __init_stack
 *(.init3)
 .init3         0x00004004        0xa /usr/bin/../lib/gcc/msp430/4.5.3/mmpy-16/libcrt0.a(__low_level_init.o)
                0x00004004                __low_level_init
 *(.init4)
 .init4         0x0000400e       0x16 /usr/bin/../lib/gcc/msp430/4.5.3/mmpy-16/libcrt0.a(_copy_data.o)
                0x0000400e                __do_copy_data
 .init4         0x00004024       0x14 /usr/bin/../lib/gcc/msp430/4.5.3/mmpy-16/libcrt0.a(_clear_bss.o)
                0x00004024                __do_clear_bss
 *(.init5)
 *(.init6)
 *(.init7)
 *(.init8)
 *(.init9)
 .init9         0x00004038      0x302 obj_sky/contiki-sky-main.o
                0x00004038                main
 *(.fini9)
 .fini9         0x0000433a        0x0 /usr/bin/../lib/gcc/msp430/4.5.3/mmpy-16/libcrt0.a(__stop_progExec__.o)
                0x0000433a                __stop_progExec__
 *(.fini8)
 *(.fini7)
 *(.fini6)
 *(.fini5)
 *(.fini4)
 *(.fini3)
 *(.fini2)
 *(.fini1)
 *(.fini0)
 .fini0         0x0000433a        0x6 /usr/bin/../lib/gcc/msp430/4.5.3/mmpy-16/libcrt0.a(_endless_loop__.o)
                0x0000433a                _endless_loop__
 *(.fini)
                0x00004340                . = ALIGN (0x2)
                0x00004340                __ctors_start = .
 *(.ctors)
                0x00004340                __ctors_end = .
                0x00004340                __dtors_start = .
 *(.dtors)
                0x00004340                __dtors_end = .
                0x00004340                . = ALIGN (0x2)
 *(.text)
 .text          0x00004340        0x4 /usr/bin/../lib/gcc/msp430/4.5.3/mmpy-16/crt0ivtbl16.o
                0x00004340                __isr_14
                0x00004340                __isr_11
                0x00004340                __isr_2
                0x00004340                __isr_7
                0x00004340                __isr_0
                0x00004340                __isr_8
                0x00004340                __isr_3
                0x00004340                __isr_12
                0x00004340                __isr_13
                0x00004340                __isr_9
 .text          0x00004344       0x22 blink.co
                0x00004360                autostart_processes
 .text          0x00004366       0xd4 obj_sky/contiki-sky-main.o
 .text          0x0000443a        0x2 contiki-sky.a(rimeaddr.o)
                0x0000443a                rimeaddr_null
 .text          0x0000443c        0xc contiki-sky.a(rime.o)
                0x00004442                rime_driver
 .text          0x00004448        0x4 contiki-sky.a(broadcast-annou)
 .text          0x0000444c        0x8 contiki-sky.a(broadcast.o)
 .text          0x00004454        0x2 contiki-sky.a(abc.o)
 .text          0x00004456       0x10 contiki-sky.a(chameleon-bitop)
                0x00004456                chameleon_bitopt
 .text          0x00004466       0x14 contiki-sky.a(csma.o)
                0x0000446c                csma_driver
 .text          0x0000447a       0x46 contiki-sky.a(contikimac.o)
                0x000044b0                contikimac_driver
 .text          0x000044c0        0xe contiki-sky.a(serial-line.o)
 .text          0x000044ce        0xc contiki-sky.a(etimer.o)
 .text          0x000044da        0xf contiki-sky.a(ctimer.o)
 *fill*         0x000044e9        0x1 00
 .text          0x000044ea       0x10 contiki-sky.a(button-sensor.o)
                0x000044f2                button_sensor
 .text          0x000044fa        0x8 contiki-sky.a(sensors.o)
 .text          0x00004502       0x22 contiki-sky.a(cc2420.o)
                0x00004510                cc2420_driver
 .text          0x00004524        0x4 contiki-sky.a(framer-802154.o)
                0x00004524                framer_802154
 .text          0x00004528        0x2 contiki-sky.a(frame802154.o)
 .text          0x0000452a      0x104 /usr/bin/../lib/gcc/msp430/4.5.3/../../../../msp430/lib/mmpy-16/libc.a(memcpy.o)
                0x0000452a                memcpy
 .text          0x0000462e       0x66 /usr/bin/../lib/gcc/msp430/4.5.3/../../../../msp430/lib/mmpy-16/libc.a(memset.o)
                0x0000462e                memset
 .text          0x00004694       0x20 /usr/bin/../lib/gcc/msp430/4.5.3/../../../../msp430/lib/mmpy-16/libc.a(printf.o)
                0x00004694                printf
                0x000046a6                vprintf
 .text          0x000046b4      0x476 /usr/bin/../lib/gcc/msp430/4.5.3/../../../../msp430/lib/mmpy-16/libc.a(vuprintf.o)
                0x000047c0                vuprintf
 .text          0x00004b2a       0x2c /usr/bin/../lib/gcc/msp430/4.5.3/../../../../msp430/lib/mmpy-16/libc.a(puts.o)
                0x00004b2a                puts
 .text          0x00004b56      0x134 /usr/bin/../lib/gcc/msp430/4.5.3/../../../../msp430/lib/mmpy-16/libc.a(rand.o)
                0x00004b56                rand_r
                0x00004bea                rand
                0x00004c80                srand
                0x00004c8a                . = ALIGN (0x2)
 *(.text.*)
 .text.process_thread_blink_process
                0x00004c8a       0x52 blink.co
 .text.process_thread_sky_shell_process
                0x00004cdc       0x2e blink.co
 .text.rimeaddr_copy
                0x00004d0a        0xc contiki-sky.a(rimeaddr.o)
                0x00004d0a                rimeaddr_copy
 .text.rimeaddr_cmp
                0x00004d16       0x1a contiki-sky.a(rimeaddr.o)
                0x00004d16                rimeaddr_cmp
 .text.rimeaddr_set_node_addr
                0x00004d30       0x10 contiki-sky.a(rimeaddr.o)
                0x00004d30                rimeaddr_set_node_addr
 .text.input    0x00004d40       0x42 contiki-sky.a(rime.o)
 .text.init     0x00004d82       0x2e contiki-sky.a(rime.o)
 .text.packet_sent
                0x00004db0       0x44 contiki-sky.a(rime.o)
 .text.rime_output
                0x00004df4       0x28 contiki-sky.a(rime.o)
                0x00004df4                rime_output
 .text.announcement_init
                0x00004e1c        0xa contiki-sky.a(announcement.o)
                0x00004e1c                announcement_init
 .text.announcement_register_observer_callback
                0x00004e26        0x6 contiki-sky.a(announcement.o)
                0x00004e26                announcement_register_observer_callback
 .text.announcement_list
                0x00004e2c        0xa contiki-sky.a(announcement.o)
                0x00004e2c                announcement_list
 .text.announcement_heard
                0x00004e36       0x42 contiki-sky.a(announcement.o)
                0x00004e36                announcement_heard
 .text.adv_packet_sent
                0x00004e78        0x2 contiki-sky.a(broadcast-annou)
 .text.adv_packet_received
                0x00004e7a       0x6c contiki-sky.a(broadcast-annou)
 .text.set_timers
                0x00004ee6       0x60 contiki-sky.a(broadcast-annou)
 .text.new_announcement
                0x00004f46       0x18 contiki-sky.a(broadcast-annou)
 .text.send_timer
                0x00004f5e       0x38 contiki-sky.a(broadcast-annou)
 .text.send_adv
                0x00004f96       0x66 contiki-sky.a(broadcast-annou)
 .text.broadcast_announcement_init
                0x00004ffc       0x48 contiki-sky.a(broadcast-annou)
                0x00004ffc                broadcast_announcement_init
 .text.sent_by_abc
                0x00005044       0x10 contiki-sky.a(broadcast.o)
 .text.recv_from_abc
                0x00005054       0x20 contiki-sky.a(broadcast.o)
 .text.broadcast_open
                0x00005074       0x2a contiki-sky.a(broadcast.o)
                0x00005074                broadcast_open
 .text.broadcast_send
                0x0000509e       0x1a contiki-sky.a(broadcast.o)
                0x0000509e                broadcast_send
 .text.abc_open
                0x000050b8       0x26 contiki-sky.a(abc.o)
                0x000050b8                abc_open
 .text.abc_send
                0x000050de        0x6 contiki-sky.a(abc.o)
                0x000050de                abc_send
 .text.abc_input
                0x000050e4        0x8 contiki-sky.a(abc.o)
                0x000050e4                abc_input
 .text.abc_sent
                0x000050ec       0x10 contiki-sky.a(abc.o)
                0x000050ec                abc_sent
 .text.chameleon_init
                0x000050fc        0x6 contiki-sky.a(chameleon.o)
                0x000050fc                chameleon_init
 .text.chameleon_parse
                0x00005102       0x10 contiki-sky.a(chameleon.o)
                0x00005102                chameleon_parse
 .text.chameleon_create
                0x00005112       0x1c contiki-sky.a(chameleon.o)
                0x00005112                chameleon_create
 .text.chameleon_hdrsize
                0x0000512e        0x6 contiki-sky.a(chameleon.o)
                0x0000512e                chameleon_hdrsize
 .text.channel_init
                0x00005134        0xa contiki-sky.a(channel.o)
                0x00005134                channel_init
 .text.channel_open
                0x0000513e       0x10 contiki-sky.a(channel.o)
                0x0000513e                channel_open
 .text.channel_lookup
                0x0000514e       0x20 contiki-sky.a(channel.o)
                0x0000514e                channel_lookup
 .text.channel_set_attributes
                0x0000516e       0x24 contiki-sky.a(channel.o)
                0x0000516e                channel_set_attributes
 .text.header_size
                0x00005192       0x16 contiki-sky.a(chameleon-bitop)
 .text.get_bits_in_byte
                0x000051a8       0x30 contiki-sky.a(chameleon-bitop)
                0x000051a8                get_bits_in_byte
 .text.get_bits
                0x000051d8       0xaa contiki-sky.a(chameleon-bitop)
                0x000051d8                get_bits
 .text.unpack_header
                0x00005282       0xde contiki-sky.a(chameleon-bitop)
 .text.set_bits_in_byte
                0x00005360       0x26 contiki-sky.a(chameleon-bitop)
                0x00005360                set_bits_in_byte
 .text.set_bits
                0x00005386       0xb0 contiki-sky.a(chameleon-bitop)
                0x00005386                set_bits
 .text.pack_header
                0x00005436       0xb8 contiki-sky.a(chameleon-bitop)
 .text.input_packet
                0x000054ee        0x6 contiki-sky.a(csma.o)
 .text.on       0x000054f4        0x6 contiki-sky.a(csma.o)
 .text.off      0x000054fa        0x6 contiki-sky.a(csma.o)
 .text.channel_check_interval
                0x00005500        0xc contiki-sky.a(csma.o)
 .text.transmit_packet_list
                0x0000550c       0x24 contiki-sky.a(csma.o)
 .text.send_packet
                0x00005530      0x172 contiki-sky.a(csma.o)
 .text.free_first_packet
                0x000056a2       0x98 contiki-sky.a(csma.o)
 .text.packet_sent
                0x0000573a       0xfe contiki-sky.a(csma.o)
 .text.init     0x00005838       0x1a contiki-sky.a(csma.o)
 .text.on       0x00005852       0x16 contiki-sky.a(contikimac.o)
 .text.off      0x00005868       0x1e contiki-sky.a(contikimac.o)
 .text.recv_burst_off
                0x00005886        0xa contiki-sky.a(contikimac.o)
 .text.turn_off
                0x00005890       0x20 contiki-sky.a(contikimac.o)
 .text.duty_cycle
                0x000058b0        0x6 contiki-sky.a(contikimac.o)
 .text.turn_on  0x000058b6       0x30 contiki-sky.a(contikimac.o)
 .text.schedule_powercycle_fixed
                0x000058e6       0x4c contiki-sky.a(contikimac.o)
 .text.powercycle_turn_radio_off
                0x00005932       0x2c contiki-sky.a(contikimac.o)
 .text.powercycle
                0x0000595e      0x1cc contiki-sky.a(contikimac.o)
 .text.input_packet
                0x00005b2a      0x118 contiki-sky.a(contikimac.o)
 .text.send_packet
                0x00005c42      0x2de contiki-sky.a(contikimac.o)
 .text.qsend_list
                0x00005f20       0x88 contiki-sky.a(contikimac.o)
 .text.qsend_packet
                0x00005fa8       0x26 contiki-sky.a(contikimac.o)
 .text.init     0x00005fce       0x32 contiki-sky.a(contikimac.o)
 .text.send_packet
                0x00006000       0x44 contiki-sky.a(phase.o)
 .text.find_neighbor
                0x00006044       0x32 contiki-sky.a(phase.o)
                0x00006044                find_neighbor
 .text.phase_update
                0x00006076       0xb8 contiki-sky.a(phase.o)
                0x00006076                phase_update
 .text.phase_wait
                0x0000612e      0x114 contiki-sky.a(phase.o)
                0x0000612e                phase_wait
 .text.phase_init
                0x00006242       0x20 contiki-sky.a(phase.o)
                0x00006242                phase_init
 .text.call_process
                0x00006262       0x4c contiki-sky.a(process.o)
 .text.exit_process
                0x000062ae       0x94 contiki-sky.a(process.o)
 .text.do_poll  0x00006342       0x30 contiki-sky.a(process.o)
 .text.process_alloc_event
                0x00006372        0xe contiki-sky.a(process.o)
                0x00006372                process_alloc_event
 .text.process_init
                0x00006380       0x1c contiki-sky.a(process.o)
                0x00006380                process_init
 .text.process_run
                0x0000639c       0x9c contiki-sky.a(process.o)
                0x0000639c                process_run
 .text.process_nevents
                0x00006438        0xc contiki-sky.a(process.o)
                0x00006438                process_nevents
 .text.process_post
                0x00006444       0x54 contiki-sky.a(process.o)
                0x00006444                process_post
 .text.process_post_synch
                0x00006498       0x12 contiki-sky.a(process.o)
                0x00006498                process_post_synch
 .text.process_start
                0x000064aa       0x32 contiki-sky.a(process.o)
                0x000064aa                process_start
 .text.process_poll
                0x000064dc       0x1a contiki-sky.a(process.o)
                0x000064dc                process_poll
 .text.autostart_start
                0x000064f6       0x18 contiki-sky.a(autostart.o)
                0x000064f6                autostart_start
 .text.compower_accumulate
                0x0000650e       0x72 contiki-sky.a(compower.o)
                0x0000650e                compower_accumulate
 .text.compower_clear
                0x00006580       0x12 contiki-sky.a(compower.o)
                0x00006580                compower_clear
 .text.compower_attrconv
                0x00006592       0x10 contiki-sky.a(compower.o)
                0x00006592                compower_attrconv
 .text.process_thread_serial_line_process
                0x000065a2       0xa6 contiki-sky.a(serial-line.o)
 .text.serial_line_input_byte
                0x00006648       0x46 contiki-sky.a(serial-line.o)
                0x00006648                serial_line_input_byte
 .text.serial_line_init
                0x0000668e       0x1c contiki-sky.a(serial-line.o)
                0x0000668e                serial_line_init
 .text.memb_init
                0x000066aa       0x36 contiki-sky.a(memb.o)
                0x000066aa                memb_init
 .text.memb_alloc
                0x000066e0       0x3e contiki-sky.a(memb.o)
                0x000066e0                memb_alloc
 .text.memb_free
                0x0000671e       0x3a contiki-sky.a(memb.o)
                0x0000671e                memb_free
 .text.memb_inmemb
                0x00006758       0x2e contiki-sky.a(memb.o)
                0x00006758                memb_inmemb
 .text.timer_set
                0x00006786       0x1c contiki-sky.a(timer.o)
                0x00006786                timer_set
 .text.timer_reset
                0x000067a2        0xe contiki-sky.a(timer.o)
                0x000067a2                timer_reset
 .text.timer_expired
                0x000067b0       0x2e contiki-sky.a(timer.o)
                0x000067b0                timer_expired
 .text.list_init
                0x000067de        0x6 contiki-sky.a(list.o)
                0x000067de                list_init
 .text.list_head
                0x000067e4        0x4 contiki-sky.a(list.o)
                0x000067e4                list_head
 .text.list_tail
                0x000067e8       0x14 contiki-sky.a(list.o)
                0x000067e8                list_tail
 .text.list_chop
                0x000067fc       0x2a contiki-sky.a(list.o)
                0x000067fc                list_chop
 .text.list_pop
                0x00006826        0xe contiki-sky.a(list.o)
                0x00006826                list_pop
 .text.list_remove
                0x00006834       0x2e contiki-sky.a(list.o)
                0x00006834                list_remove
 .text.list_push
                0x00006862       0x1a contiki-sky.a(list.o)
                0x00006862                list_push
 .text.list_add
                0x0000687c       0x2a contiki-sky.a(list.o)
                0x0000687c                list_add
 .text.list_length
                0x000068a6       0x10 contiki-sky.a(list.o)
                0x000068a6                list_length
 .text.list_item_next
                0x000068b6        0x8 contiki-sky.a(list.o)
                0x000068b6                list_item_next
 .text.update_time
                0x000068be       0x78 contiki-sky.a(etimer.o)
 .text.etimer_request_poll
                0x00006936        0xa contiki-sky.a(etimer.o)
                0x00006936                etimer_request_poll
 .text.process_thread_etimer_process
                0x00006940       0xce contiki-sky.a(etimer.o)
 .text.add_timer
                0x00006a0e       0x38 contiki-sky.a(etimer.o)
 .text.etimer_set
                0x00006a46       0x12 contiki-sky.a(etimer.o)
                0x00006a46                etimer_set
 .text.etimer_reset
                0x00006a58       0x12 contiki-sky.a(etimer.o)
                0x00006a58                etimer_reset
 .text.etimer_pending
                0x00006a6a        0xe contiki-sky.a(etimer.o)
                0x00006a6a                etimer_pending
 .text.etimer_next_expiration_time
                0x00006a78       0x16 contiki-sky.a(etimer.o)
                0x00006a78                etimer_next_expiration_time
 .text.etimer_stop
                0x00006a8e       0x3c contiki-sky.a(etimer.o)
                0x00006a8e                etimer_stop
 .text.process_thread_ctimer_process
                0x00006aca       0xa4 contiki-sky.a(ctimer.o)
 .text.ctimer_init
                0x00006b6e       0x18 contiki-sky.a(ctimer.o)
                0x00006b6e                ctimer_init
 .text.ctimer_set
                0x00006b86       0x5a contiki-sky.a(ctimer.o)
                0x00006b86                ctimer_set
 .text.ctimer_reset
                0x00006be0       0x3a contiki-sky.a(ctimer.o)
                0x00006be0                ctimer_reset
 .text.ctimer_stop
                0x00006c1a       0x28 contiki-sky.a(ctimer.o)
                0x00006c1a                ctimer_stop
 .text.energest_init
                0x00006c42       0x2a contiki-sky.a(energest.o)
                0x00006c42                energest_init
 .text.energest_type_time
                0x00006c6c       0x44 contiki-sky.a(energest.o)
                0x00006c6c                energest_type_time
 .text.energest_type_set
                0x00006cb0        0xe contiki-sky.a(energest.o)
                0x00006cb0                energest_type_set
 .text.energest_flush
                0x00006cbe       0x4a contiki-sky.a(energest.o)
                0x00006cbe                energest_flush
 .text.rtimer_init
                0x00006d08        0x6 contiki-sky.a(rtimer.o)
                0x00006d08                rtimer_init
 .text.rtimer_set
                0x00006d0e       0x24 contiki-sky.a(rtimer.o)
                0x00006d0e                rtimer_set
 .text.rtimer_run_next
                0x00006d32       0x26 contiki-sky.a(rtimer.o)
                0x00006d32                rtimer_run_next
 .text.random_init
                0x00006d58        0x6 contiki-sky.a(random.o)
                0x00006d58                random_init
 .text.random_rand
                0x00006d5e        0x6 contiki-sky.a(random.o)
                0x00006d5e                random_rand
 .text.ringbuf_init
                0x00006d64       0x14 contiki-sky.a(ringbuf.o)
                0x00006d64                ringbuf_init
 .text.ringbuf_put
                0x00006d78       0x3c contiki-sky.a(ringbuf.o)
                0x00006d78                ringbuf_put
 .text.ringbuf_get
                0x00006db4       0x32 contiki-sky.a(ringbuf.o)
                0x00006db4                ringbuf_get
 .text.packetbuf_copyto_hdr
                0x00006de6       0x1c contiki-sky.a(packetbuf.o)
                0x00006de6                packetbuf_copyto_hdr
 .text.packetbuf_copyto
                0x00006e02       0x52 contiki-sky.a(packetbuf.o)
                0x00006e02                packetbuf_copyto
 .text.packetbuf_hdr_remove
                0x00006e54        0x6 contiki-sky.a(packetbuf.o)
                0x00006e54                packetbuf_hdr_remove
 .text.packetbuf_hdrreduce
                0x00006e5a       0x1a contiki-sky.a(packetbuf.o)
                0x00006e5a                packetbuf_hdrreduce
 .text.packetbuf_set_datalen
                0x00006e74        0x6 contiki-sky.a(packetbuf.o)
                0x00006e74                packetbuf_set_datalen
 .text.packetbuf_dataptr
                0x00006e7a        0xa contiki-sky.a(packetbuf.o)
                0x00006e7a                packetbuf_dataptr
 .text.packetbuf_hdrptr
                0x00006e84        0xa contiki-sky.a(packetbuf.o)
                0x00006e84                packetbuf_hdrptr
 .text.packetbuf_is_reference
                0x00006e8e        0xe contiki-sky.a(packetbuf.o)
                0x00006e8e                packetbuf_is_reference
 .text.packetbuf_compact
                0x00006e9c       0x48 contiki-sky.a(packetbuf.o)
                0x00006e9c                packetbuf_compact
 .text.packetbuf_reference_ptr
                0x00006ee4        0x6 contiki-sky.a(packetbuf.o)
                0x00006ee4                packetbuf_reference_ptr
 .text.packetbuf_datalen
                0x00006eea        0x6 contiki-sky.a(packetbuf.o)
                0x00006eea                packetbuf_datalen
 .text.packetbuf_totlen
                0x00006ef0       0x10 contiki-sky.a(packetbuf.o)
                0x00006ef0                packetbuf_totlen
 .text.packetbuf_hdralloc
                0x00006f00       0x2e contiki-sky.a(packetbuf.o)
                0x00006f00                packetbuf_hdralloc
 .text.packetbuf_attr_clear
                0x00006f2e       0x2e contiki-sky.a(packetbuf.o)
                0x00006f2e                packetbuf_attr_clear
 .text.packetbuf_clear
                0x00006f5c       0x20 contiki-sky.a(packetbuf.o)
                0x00006f5c                packetbuf_clear
 .text.packetbuf_copyfrom
                0x00006f7c       0x2e contiki-sky.a(packetbuf.o)
                0x00006f7c                packetbuf_copyfrom
 .text.packetbuf_attr_copyto
                0x00006faa       0x20 contiki-sky.a(packetbuf.o)
                0x00006faa                packetbuf_attr_copyto
 .text.packetbuf_attr_copyfrom
                0x00006fca       0x2c contiki-sky.a(packetbuf.o)
                0x00006fca                packetbuf_attr_copyfrom
 .text.queuebuf_init
                0x00006ff6       0x1a contiki-sky.a(queuebuf.o)
                0x00006ff6                queuebuf_init
 .text.queuebuf_new_from_packetbuf
                0x00007010       0x80 contiki-sky.a(queuebuf.o)
                0x00007010                queuebuf_new_from_packetbuf
 .text.queuebuf_update_attr_from_packetbuf
                0x00007090       0x12 contiki-sky.a(queuebuf.o)
                0x00007090                queuebuf_update_attr_from_packetbuf
 .text.queuebuf_free
                0x000070a2       0x46 contiki-sky.a(queuebuf.o)
                0x000070a2                queuebuf_free
 .text.queuebuf_to_packetbuf
                0x000070e8       0x70 contiki-sky.a(queuebuf.o)
                0x000070e8                queuebuf_to_packetbuf
 .text.init_platform
                0x00007158        0xc contiki-sky.a(contiki-sky-pla)
                0x00007158                init_platform
 .text.status   0x00007164       0x16 contiki-sky.a(button-sensor.o)
 .text.configure
                0x0000717a       0x4a contiki-sky.a(button-sensor.o)
 .text.value    0x000071c4       0x26 contiki-sky.a(button-sensor.o)
 .text.irq_p2   0x000071ea       0x92 contiki-sky.a(button-sensor.o)
                0x000071ea                irq_p2
                0x000071ea                __isr_1
 .text.crc8_add
                0x0000727c       0x1a contiki-sky.a(ds2411.o)
 .text.owreadb  0x00007296       0x56 contiki-sky.a(ds2411.o)
 .text.ds2411_init
                0x000072ec      0x10a contiki-sky.a(ds2411.o)
                0x000072ec                ds2411_init
 .text.wait_ready
                0x000073f6       0x4e contiki-sky.a(xmem.o)
 .text.xmem_init
                0x00007444       0x3c contiki-sky.a(xmem.o)
                0x00007444                xmem_init
 .text.xmem_pread
                0x00007480       0xdc contiki-sky.a(xmem.o)
                0x00007480                xmem_pread
 .text.node_id_restore
                0x0000755c       0x38 contiki-sky.a(node-id.o)
                0x0000755c                node_id_restore
 .text.get_sensor_index
                0x00007594       0x22 contiki-sky.a(sensors.o)
 .text.process_thread_sensors_process
                0x000075b6       0xc2 contiki-sky.a(sensors.o)
 .text.sensors_changed
                0x00007678       0x14 contiki-sky.a(sensors.o)
                0x00007678                sensors_changed
 .text.strobe   0x0000768c       0x1e contiki-sky.a(cc2420.o)
 .text.status   0x000076aa       0x24 contiki-sky.a(cc2420.o)
 .text.getreg   0x000076ce       0x50 contiki-sky.a(cc2420.o)
 .text.setreg   0x0000771e       0x48 contiki-sky.a(cc2420.o)
 .text.set_txpower
                0x00007766       0x2a contiki-sky.a(cc2420.o)
 .text.cc2420_receiving_packet
                0x00007790       0x10 contiki-sky.a(cc2420.o)
 .text.pending_packet
                0x000077a0        0x8 contiki-sky.a(cc2420.o)
 .text.on       0x000077a8       0x46 contiki-sky.a(cc2420.o)
 .text.flushrx  0x000077ee       0x74 contiki-sky.a(cc2420.o)
 .text.off      0x00007862       0x78 contiki-sky.a(cc2420.o)
 .text.RELEASE_LOCK
                0x000078da       0x28 contiki-sky.a(cc2420.o)
 .text.cc2420_prepare
                0x00007902       0x8a contiki-sky.a(cc2420.o)
 .text.cc2420_on
                0x0000798c       0x22 contiki-sky.a(cc2420.o)
                0x0000798c                cc2420_on
 .text.cc2420_off
                0x000079ae       0x30 contiki-sky.a(cc2420.o)
                0x000079ae                cc2420_off
 .text.cc2420_cca
                0x000079de       0x7a contiki-sky.a(cc2420.o)
 .text.getrxdata
                0x00007a58       0x4e contiki-sky.a(cc2420.o)
 .text.cc2420_read
                0x00007aa6      0x11a contiki-sky.a(cc2420.o)
 .text.process_thread_cc2420_process
                0x00007bc0       0x50 contiki-sky.a(cc2420.o)
 .text.cc2420_set_channel
                0x00007c10       0x7a contiki-sky.a(cc2420.o)
                0x00007c10                cc2420_set_channel
 .text.cc2420_set_pan_addr
                0x00007c8a      0x13a contiki-sky.a(cc2420.o)
                0x00007c8a                cc2420_set_pan_addr
 .text.cc2420_init
                0x00007dc4       0xd4 contiki-sky.a(cc2420.o)
                0x00007dc4                cc2420_init
 .text.cc2420_interrupt
                0x00007e98       0x20 contiki-sky.a(cc2420.o)
                0x00007e98                cc2420_interrupt
 .text.cc2420_get_txpower
                0x00007eb8       0x1e contiki-sky.a(cc2420.o)
                0x00007eb8                cc2420_get_txpower
 .text.cc2420_transmit
                0x00007ed6      0x1ac contiki-sky.a(cc2420.o)
 .text.cc2420_send
                0x00008082       0x12 contiki-sky.a(cc2420.o)
 .text.cc2420_port1_interrupt
                0x00008094       0x6a contiki-sky.a(cc2420-arch.o)
                0x00008094                __isr_4
                0x00008094                cc2420_port1_interrupt
 .text.cc2420_arch_init
                0x000080fe       0x1a contiki-sky.a(cc2420-arch.o)
                0x000080fe                cc2420_arch_init
 .text.handle_rxdma_timer
                0x00008118       0x42 contiki-sky.a(uart1.o)
 .text.uart1_active
                0x0000815a       0x18 contiki-sky.a(uart1.o)
                0x0000815a                uart1_active
 .text.uart1_set_input
                0x00008172       0x20 contiki-sky.a(uart1.o)
                0x00008172                uart1_set_input
 .text.uart1_writeb
                0x00008192       0x1a contiki-sky.a(uart1.o)
                0x00008192                uart1_writeb
 .text.uart1_init
                0x000081ac       0xee contiki-sky.a(uart1.o)
                0x000081ac                uart1_init
 .text.putchar  0x0000829a        0xe contiki-sky.a(uart1-putchar.o)
                0x0000829a                putchar
 .text.msp430_init_dco
                0x000082a8       0x74 contiki-sky.a(msp430.o)
                0x000082a8                msp430_init_dco
 .text.msp430_add_lpm_req
                0x0000831c        0xa contiki-sky.a(msp430.o)
                0x0000831c                msp430_add_lpm_req
 .text.msp430_cpu_init
                0x00008326       0x2a contiki-sky.a(msp430.o)
                0x00008326                msp430_cpu_init
 .text.splhigh_
                0x00008350        0x8 contiki-sky.a(msp430.o)
                0x00008350                splhigh_
 .text.msp430_sync_dco
                0x00008358       0x60 contiki-sky.a(msp430.o)
                0x00008358                msp430_sync_dco
 .text.timera1  0x000083b8       0xee contiki-sky.a(clock.o)
                0x000083b8                __isr_5
                0x000083b8                timera1
 .text.clock_time
                0x000084a6       0x1a contiki-sky.a(clock.o)
                0x000084a6                clock_time
 .text.clock_init
                0x000084c0       0x28 contiki-sky.a(clock.o)
                0x000084c0                clock_init
 .text.clock_delay
                0x000084e8        0xc contiki-sky.a(clock.o)
                0x000084e8                clock_delay
 .text.show_leds
                0x000084f4      0x10c contiki-sky.a(leds.o)
 .text.leds_init
                0x00008600        0xe contiki-sky.a(leds.o)
                0x00008600                leds_init
 .text.leds_on  0x0000860e       0x14 contiki-sky.a(leds.o)
                0x0000860e                leds_on
 .text.leds_off
                0x00008622       0x14 contiki-sky.a(leds.o)
                0x00008622                leds_off
 .text.leds_arch_init
                0x00008636        0xe contiki-sky.a(leds-arch.o)
                0x00008636                leds_arch_init
 .text.leds_arch_set
                0x00008644       0x3a contiki-sky.a(leds-arch.o)
                0x00008644                leds_arch_set
 .text.watchdog_interrupt
                0x0000867e        0x6 contiki-sky.a(watchdog.o)
                0x0000867e                __isr_10
                0x0000867e                watchdog_interrupt
 .text.watchdog_start
                0x00008684       0x14 contiki-sky.a(watchdog.o)
                0x00008684                watchdog_start
 .text.watchdog_periodic
                0x00008698       0x12 contiki-sky.a(watchdog.o)
                0x00008698                watchdog_periodic
 .text.watchdog_stop
                0x000086aa       0x16 contiki-sky.a(watchdog.o)
                0x000086aa                watchdog_stop
 .text.watchdog_init
                0x000086c0       0x14 contiki-sky.a(watchdog.o)
                0x000086c0                watchdog_init
 .text.rtimer_arch_init
                0x000086d4        0xe contiki-sky.a(rtimer-arch.o)
                0x000086d4                rtimer_arch_init
 .text.rtimer_arch_now
                0x000086e2        0xe contiki-sky.a(rtimer-arch.o)
                0x000086e2                rtimer_arch_now
 .text.timera0  0x000086f0       0x76 contiki-sky.a(rtimer-arch.o)
                0x000086f0                __isr_6
                0x000086f0                timera0
 .text.rtimer_arch_schedule
                0x00008766        0x6 contiki-sky.a(rtimer-arch.o)
                0x00008766                rtimer_arch_schedule
 .text.mac_call_sent_callback
                0x0000876c       0x14 contiki-sky.a(mac.o)
                0x0000876c                mac_call_sent_callback
 .text.parse    0x00008780       0xa8 contiki-sky.a(framer-802154.o)
 .text.create   0x00008828      0x10e contiki-sky.a(framer-802154.o)
 .text.spi_init
                0x00008936       0x32 contiki-sky.a(spi.o)
                0x00008936                spi_init
 .text.field_len
                0x00008968       0x98 contiki-sky.a(frame802154.o)
 .text.frame802154_hdrlen
                0x00008a00       0x26 contiki-sky.a(frame802154.o)
                0x00008a00                frame802154_hdrlen
 .text.frame802154_create
                0x00008a26      0x16c contiki-sky.a(frame802154.o)
                0x00008a26                frame802154_create
 .text.frame802154_parse
                0x00008b92      0x1a0 contiki-sky.a(frame802154.o)
                0x00008b92                frame802154_parse
 .text.libgcc   0x00008d32       0x20 /usr/bin/../lib/gcc/msp430/4.5.3/mmpy-16/libgcc.a(_mulsi3.o)
                0x00008d32                __mulsi3
 .text.libgcc   0x00008d52       0x1c /usr/bin/../lib/gcc/msp430/4.5.3/mmpy-16/libgcc.a(_udivmodhi4.o)
                0x00008d52                __udivmodhi4
 .text.libgcc   0x00008d6e       0x2a /usr/bin/../lib/gcc/msp430/4.5.3/mmpy-16/libgcc.a(_udivmodsi4.o)
                0x00008d6e                __udivmodsi4
 .text.crt0     0x00008d98        0x2 /usr/bin/../lib/gcc/msp430/4.5.3/mmpy-16/libcrt0.a(_unexpected_.o)
                0x00008d98                _unexpected_
                0x00008d9a                _etext = .

.data           0x00001100       0x96 load address 0x00008d9a
                0x00001100                . = ALIGN (0x2)
                0x00001100                PROVIDE (__data_start, .)
 *(.data)
 .data          0x00001100       0x14 blink.co
                0x00001100                sky_shell_process
                0x0000110a                blink_process
 .data          0x00001114       0x18 contiki-sky.a(csma.o)
 .data          0x0000112c        0xe contiki-sky.a(contikimac.o)
                0x0000112c                phase_list
 .data          0x0000113a        0x8 contiki-sky.a(phase.o)
 .data          0x00001142        0xa contiki-sky.a(serial-line.o)
                0x00001142                serial_line_process
 .data          0x0000114c        0xa contiki-sky.a(etimer.o)
                0x0000114c                etimer_process
 .data          0x00001156        0xa contiki-sky.a(ctimer.o)
                0x00001156                ctimer_process
 .data          0x00001160       0x18 contiki-sky.a(queuebuf.o)
 .data          0x00001178        0x4 contiki-sky.a(contiki-sky-pla)
                0x00001178                sensors
 .data          0x0000117c        0xa contiki-sky.a(sensors.o)
                0x0000117c                sensors_process
 .data          0x00001186        0xa contiki-sky.a(cc2420.o)
                0x00001186                cc2420_process
 .data          0x00001190        0x2 contiki-sky.a(msp430.o)
 .data          0x00001192        0x4 /usr/bin/../lib/gcc/msp430/4.5.3/../../../../msp430/lib/mmpy-16/libc.a(rand.o)
 *(SORT(.data.*))
                0x00001196                . = ALIGN (0x2)
 *(.gnu.linkonce.d*)
                0x00001196                . = ALIGN (0x2)
                0x00001196                _edata = .
                0x00008d9a                PROVIDE (__data_load_start, LOADADDR (.data))
                0x00000096                PROVIDE (__data_size, SIZEOF (.data))

.bss            0x00001196     0x1524 load address 0x00008e30
                0x00001196                PROVIDE (__bss_start, .)
 *(.bss)
 .bss           0x00001196        0xe blink.co
 .bss           0x000011a4        0xc obj_sky/contiki-sky-main.o
 .bss           0x000011b0        0x2 contiki-sky.a(rime.o)
 .bss           0x000011b2        0x6 contiki-sky.a(announcement.o)
 .bss           0x000011b8       0x46 contiki-sky.a(broadcast-annou)
 .bss           0x000011fe        0x2 contiki-sky.a(channel.o)
 .bss           0x00001200      0x126 contiki-sky.a(csma.o)
 .bss           0x00001326      0x27a contiki-sky.a(contikimac.o)
 .bss           0x000015a0       0xe8 contiki-sky.a(phase.o)
 .bss           0x00001688       0x42 contiki-sky.a(process.o)
                0x00001688                process_list
                0x0000168a                process_current
 .bss           0x000016ca        0x8 contiki-sky.a(compower.o)
 .bss           0x000016d2      0x10a contiki-sky.a(serial-line.o)
 .bss           0x000017dc        0x6 contiki-sky.a(etimer.o)
 .bss           0x000017e2        0x4 contiki-sky.a(ctimer.o)
 .bss           0x000017e6        0x2 contiki-sky.a(rtimer.o)
 .bss           0x000017e8       0xba contiki-sky.a(packetbuf.o)
 .bss           0x000018a2      0xc4e contiki-sky.a(queuebuf.o)
 .bss           0x000024f0        0x8 contiki-sky.a(button-sensor.o)
 .bss           0x000024f8        0x2 contiki-sky.a(node-id.o)
                0x000024f8                node_id
 .bss           0x000024fa        0x6 contiki-sky.a(sensors.o)
 .bss           0x00002500        0xa contiki-sky.a(cc2420.o)
 .bss           0x0000250a       0x9a contiki-sky.a(uart1.o)
 .bss           0x000025a4        0xa contiki-sky.a(clock.o)
 .bss           0x000025ae        0x2 contiki-sky.a(leds.o)
 .bss           0x000025b0        0x2 contiki-sky.a(watchdog.o)
 .bss           0x000025b2        0x2 contiki-sky.a(framer-802154.o)
 *(SORT(.bss.*))
 *(COMMON)
 COMMON         0x000025b4        0x2 contiki-sky.a(rimeaddr.o)
                0x000025b4                rimeaddr_node_addr
 COMMON         0x000025b6       0x48 contiki-sky.a(rimestats.o)
                0x000025b6                rimestats
 COMMON         0x000025fe        0x1 contiki-sky.a(process.o)
                0x000025fe                process_maxevents
 *fill*         0x000025ff        0x1 00
 COMMON         0x00002600        0x8 contiki-sky.a(compower.o)
                0x00002600                compower_idle_activity
 COMMON         0x00002608        0x1 contiki-sky.a(serial-line.o)
                0x00002608                serial_line_event_message
 *fill*         0x00002609        0x1 00
 COMMON         0x0000260a       0x56 contiki-sky.a(energest.o)
                0x0000260a                energest_total_time
                0x0000263a                energest_total_count
                0x0000263c                energest_current_mode
                0x00002648                energest_current_time
 COMMON         0x00002660       0x38 contiki-sky.a(packetbuf.o)
                0x00002660                packetbuf_addrs
                0x00002668                packetbuf_attrs
 COMMON         0x00002698        0x2 contiki-sky.a(contiki-sky-pla)
                0x00002698                sensors_flags
 COMMON         0x0000269a        0x8 contiki-sky.a(ds2411.o)
                0x0000269a                ds2411_id
 COMMON         0x000026a2        0x1 contiki-sky.a(sensors.o)
                0x000026a2                sensors_event
 *fill*         0x000026a3        0x1 00
 COMMON         0x000026a4       0x14 contiki-sky.a(cc2420.o)
                0x000026a4                cc2420_last_rssi
                0x000026a6                cc2420_packets_read
                0x000026a8                cc2420_packets_seen
                0x000026aa                cc2420_sfd_start_time
                0x000026ac                cc2420_time_of_departure
                0x000026ae                cc2420_time_of_arrival
                0x000026b0                cc2420_last_correlation
                0x000026b2                cc2420_authority_level_of_sender
                0x000026b4                cc2420_sfd_counter
                0x000026b6                cc2420_sfd_end_time
 COMMON         0x000026b8        0x2 contiki-sky.a(msp430.o)
                0x000026b8                msp430_dco_required
                0x000026ba                PROVIDE (__bss_end, .)
                0x000026ba                _end = .
                0x00001524                PROVIDE (__bss_size, SIZEOF (.bss))

.noinit         0x000026ba        0x0 load address 0x00008e30
                0x000026ba                PROVIDE (__noinit_start, .)
 *(.noinit)
 *(.noinit.*)
 *(COMMON)
                0x000026ba                PROVIDE (__noinit_end, .)
                0x000026ba                _end = .

.infomem        0x00001000        0x0
 *(.infomem)
                0x00001000                . = ALIGN (0x2)
 *(.infomem.*)

.vectors        0x0000ffe0       0x20
                0x0000ffe0                PROVIDE (__vectors_start, .)
 *(.vectors*)
 .vectors       0x0000ffe0       0x20 /usr/bin/../lib/gcc/msp430/4.5.3/mmpy-16/crt0ivtbl16.o
                0x0000ffe0                __ivtbl_16
                0x00010000                _vectors_end = .

.fartext        0x00000000        0x0
                0x00000000                . = ALIGN (0x2)
 *(.fartext)
                0x00000000                . = ALIGN (0x2)
 *(.fartext.*)
                0x00000000                _efartext = .

.profiler
 *(.profiler)

.stab
 *(.stab)

.stabstr
 *(.stabstr)

.stab.excl
 *(.stab.excl)

.stab.exclstr
 *(.stab.exclstr)

.stab.index
 *(.stab.index)

.stab.indexstr
 *(.stab.indexstr)

.comment
 *(.comment)

.debug
 *(.debug)

.line
 *(.line)

.debug_srcinfo
 *(.debug_srcinfo)

.debug_sfnames
 *(.debug_sfnames)

.debug_aranges  0x00000000      0x868
 *(.debug_aranges)
 .debug_aranges
                0x00000000       0x18 blink.co
 .debug_aranges
                0x00000018       0x18 obj_sky/contiki-sky-main.o
 .debug_aranges
                0x00000030       0x1c contiki-sky.a(rimeaddr.o)
 .debug_aranges
                0x0000004c       0x28 contiki-sky.a(rime.o)
 .debug_aranges
                0x00000074       0x3c contiki-sky.a(announcement.o)
 .debug_aranges
                0x000000b0       0x34 contiki-sky.a(broadcast-annou)
 .debug_aranges
                0x000000e4       0x24 contiki-sky.a(broadcast.o)
 .debug_aranges
                0x00000108       0x24 contiki-sky.a(abc.o)
 .debug_aranges
                0x0000012c       0x20 contiki-sky.a(chameleon.o)
 .debug_aranges
                0x0000014c       0x24 contiki-sky.a(channel.o)
 .debug_aranges
                0x00000170       0x2c contiki-sky.a(chameleon-bitop)
 .debug_aranges
                0x0000019c       0x34 contiki-sky.a(csma.o)
 .debug_aranges
                0x000001d0       0x4c contiki-sky.a(contikimac.o)
 .debug_aranges
                0x0000021c       0x28 contiki-sky.a(phase.o)
 .debug_aranges
                0x00000244       0x44 contiki-sky.a(process.o)
 .debug_aranges
                0x00000288       0x18 contiki-sky.a(autostart.o)
 .debug_aranges
                0x000002a0       0x24 contiki-sky.a(compower.o)
 .debug_aranges
                0x000002c4       0x1c contiki-sky.a(serial-line.o)
 .debug_aranges
                0x000002e0       0x20 contiki-sky.a(memb.o)
 .debug_aranges
                0x00000300       0x24 contiki-sky.a(timer.o)
 .debug_aranges
                0x00000324       0x40 contiki-sky.a(list.o)
 .debug_aranges
                0x00000364       0x48 contiki-sky.a(etimer.o)
 .debug_aranges
                0x000003ac       0x2c contiki-sky.a(ctimer.o)
 .debug_aranges
                0x000003d8       0x24 contiki-sky.a(energest.o)
 .debug_aranges
                0x000003fc       0x1c contiki-sky.a(rtimer.o)
 .debug_aranges
                0x00000418       0x18 contiki-sky.a(random.o)
 .debug_aranges
                0x00000430       0x24 contiki-sky.a(ringbuf.o)
 .debug_aranges
                0x00000454       0x64 contiki-sky.a(packetbuf.o)
 .debug_aranges
                0x000004b8       0x38 contiki-sky.a(queuebuf.o)
 .debug_aranges
                0x000004f0       0x14 contiki-sky.a(contiki-sky-pla)
 .debug_aranges
                0x00000504       0x20 contiki-sky.a(button-sensor.o)
 .debug_aranges
                0x00000524       0x1c contiki-sky.a(ds2411.o)
 .debug_aranges
                0x00000540       0x28 contiki-sky.a(xmem.o)
 .debug_aranges
                0x00000568       0x18 contiki-sky.a(node-id.o)
 .debug_aranges
                0x00000580       0x28 contiki-sky.a(sensors.o)
 .debug_aranges
                0x000005a8       0x88 contiki-sky.a(cc2420.o)
 .debug_aranges
                0x00000630       0x18 contiki-sky.a(cc2420-arch.o)
 .debug_aranges
                0x00000648       0x24 contiki-sky.a(uart1.o)
 .debug_aranges
                0x0000066c       0x14 contiki-sky.a(uart1-putchar.o)
 .debug_aranges
                0x00000680       0x2c contiki-sky.a(msp430.o)
 .debug_aranges
                0x000006ac       0x3c contiki-sky.a(clock.o)
 .debug_aranges
                0x000006e8       0x30 contiki-sky.a(leds.o)
 .debug_aranges
                0x00000718       0x1c contiki-sky.a(leds-arch.o)
 .debug_aranges
                0x00000734       0x28 contiki-sky.a(watchdog.o)
 .debug_aranges
                0x0000075c       0x20 contiki-sky.a(rtimer-arch.o)
 .debug_aranges
                0x0000077c       0x14 contiki-sky.a(mac.o)
 .debug_aranges
                0x00000790       0x18 contiki-sky.a(framer-802154.o)
 .debug_aranges
                0x000007a8       0x14 contiki-sky.a(spi.o)
 .debug_aranges
                0x000007bc       0x20 contiki-sky.a(frame802154.o)
 .debug_aranges
                0x000007dc       0x14 /usr/bin/../lib/gcc/msp430/4.5.3/../../../../msp430/lib/mmpy-16/libc.a(strncmp.o)
 .debug_aranges
                0x000007f0       0x14 /usr/bin/../lib/gcc/msp430/4.5.3/../../../../msp430/lib/mmpy-16/libc.a(memcpy.o)
 .debug_aranges
                0x00000804       0x14 /usr/bin/../lib/gcc/msp430/4.5.3/../../../../msp430/lib/mmpy-16/libc.a(memset.o)
 .debug_aranges
                0x00000818       0x14 /usr/bin/../lib/gcc/msp430/4.5.3/../../../../msp430/lib/mmpy-16/libc.a(printf.o)
 .debug_aranges
                0x0000082c       0x14 /usr/bin/../lib/gcc/msp430/4.5.3/../../../../msp430/lib/mmpy-16/libc.a(vuprintf.o)
 .debug_aranges
                0x00000840       0x14 /usr/bin/../lib/gcc/msp430/4.5.3/../../../../msp430/lib/mmpy-16/libc.a(puts.o)
 .debug_aranges
                0x00000854       0x14 /usr/bin/../lib/gcc/msp430/4.5.3/../../../../msp430/lib/mmpy-16/libc.a(rand.o)

.debug_pubnames
                0x00000000     0x19c4
 *(.debug_pubnames)
 .debug_pubnames
                0x00000000       0x52 blink.co
 .debug_pubnames
                0x00000052       0x27 obj_sky/contiki-sky-main.o
 .debug_pubnames
                0x00000079       0x79 contiki-sky.a(rimeaddr.o)
 .debug_pubnames
                0x000000f2       0x5f contiki-sky.a(rime.o)
 .debug_pubnames
                0x00000151       0x20 contiki-sky.a(rimestats.o)
 .debug_pubnames
                0x00000171      0x144 contiki-sky.a(announcement.o)
 .debug_pubnames
                0x000002b5       0x7d contiki-sky.a(broadcast-annou)
 .debug_pubnames
                0x00000332       0x4c contiki-sky.a(broadcast.o)
 .debug_pubnames
                0x0000037e       0x55 contiki-sky.a(abc.o)
 .debug_pubnames
                0x000003d3       0x64 contiki-sky.a(chameleon.o)
 .debug_pubnames
                0x00000437       0x74 contiki-sky.a(channel.o)
 .debug_pubnames
                0x000004ab       0x6b contiki-sky.a(chameleon-bitop)
 .debug_pubnames
                0x00000516       0x22 contiki-sky.a(csma.o)
 .debug_pubnames
                0x00000538       0x52 contiki-sky.a(contikimac.o)
 .debug_pubnames
                0x0000058a       0x64 contiki-sky.a(phase.o)
 .debug_pubnames
                0x000005ee      0x10d contiki-sky.a(process.o)
 .debug_pubnames
                0x000006fb       0x39 contiki-sky.a(autostart.o)
 .debug_pubnames
                0x00000734       0x9e contiki-sky.a(compower.o)
 .debug_pubnames
                0x000007d2       0x78 contiki-sky.a(serial-line.o)
 .debug_pubnames
                0x0000084a       0x4d contiki-sky.a(memb.o)
 .debug_pubnames
                0x00000897       0x68 contiki-sky.a(timer.o)
 .debug_pubnames
                0x000008ff       0xc3 contiki-sky.a(list.o)
 .debug_pubnames
                0x000009c2      0x109 contiki-sky.a(etimer.o)
 .debug_pubnames
                0x00000acb       0x8b contiki-sky.a(ctimer.o)
 .debug_pubnames
                0x00000b56       0xec contiki-sky.a(energest.o)
 .debug_pubnames
                0x00000c42       0x45 contiki-sky.a(rtimer.o)
 .debug_pubnames
                0x00000c87       0x32 contiki-sky.a(random.o)
 .debug_pubnames
                0x00000cb9       0x69 contiki-sky.a(ringbuf.o)
 .debug_pubnames
                0x00000d22      0x22c contiki-sky.a(packetbuf.o)
 .debug_pubnames
                0x00000f4e       0xff contiki-sky.a(queuebuf.o)
 .debug_pubnames
                0x0000104d       0x42 contiki-sky.a(contiki-sky-pla)
 .debug_pubnames
                0x0000108f       0x2f contiki-sky.a(button-sensor.o)
 .debug_pubnames
                0x000010be       0x30 contiki-sky.a(ds2411.o)
 .debug_pubnames
                0x000010ee       0x4e contiki-sky.a(xmem.o)
 .debug_pubnames
                0x0000113c       0x43 contiki-sky.a(node-id.o)
 .debug_pubnames
                0x0000117f       0x80 contiki-sky.a(sensors.o)
 .debug_pubnames
                0x000011ff      0x236 contiki-sky.a(cc2420.o)
 .debug_pubnames
                0x00001435       0x42 contiki-sky.a(cc2420-arch.o)
 .debug_pubnames
                0x00001477       0x57 contiki-sky.a(uart1.o)
 .debug_pubnames
                0x000014ce       0x1e contiki-sky.a(uart1-putchar.o)
 .debug_pubnames
                0x000014ec       0xad contiki-sky.a(msp430.o)
 .debug_pubnames
                0x00001599       0xc5 contiki-sky.a(clock.o)
 .debug_pubnames
                0x0000165e       0x75 contiki-sky.a(leds.o)
 .debug_pubnames
                0x000016d3       0x49 contiki-sky.a(leds-arch.o)
 .debug_pubnames
                0x0000171c       0x8a contiki-sky.a(watchdog.o)
 .debug_pubnames
                0x000017a6       0x60 contiki-sky.a(rtimer-arch.o)
 .debug_pubnames
                0x00001806       0x2d contiki-sky.a(mac.o)
 .debug_pubnames
                0x00001833       0x24 contiki-sky.a(framer-802154.o)
 .debug_pubnames
                0x00001857       0x2c contiki-sky.a(spi.o)
 .debug_pubnames
                0x00001883       0x56 contiki-sky.a(frame802154.o)
 .debug_pubnames
                0x000018d9       0x1e /usr/bin/../lib/gcc/msp430/4.5.3/../../../../msp430/lib/mmpy-16/libc.a(strncmp.o)
 .debug_pubnames
                0x000018f7       0x1d /usr/bin/../lib/gcc/msp430/4.5.3/../../../../msp430/lib/mmpy-16/libc.a(memcpy.o)
 .debug_pubnames
                0x00001914       0x1d /usr/bin/../lib/gcc/msp430/4.5.3/../../../../msp430/lib/mmpy-16/libc.a(memset.o)
 .debug_pubnames
                0x00001931       0x29 /usr/bin/../lib/gcc/msp430/4.5.3/../../../../msp430/lib/mmpy-16/libc.a(printf.o)
 .debug_pubnames
                0x0000195a       0x1f /usr/bin/../lib/gcc/msp430/4.5.3/../../../../msp430/lib/mmpy-16/libc.a(vuprintf.o)
 .debug_pubnames
                0x00001979       0x1b /usr/bin/../lib/gcc/msp430/4.5.3/../../../../msp430/lib/mmpy-16/libc.a(puts.o)
 .debug_pubnames
                0x00001994       0x30 /usr/bin/../lib/gcc/msp430/4.5.3/../../../../msp430/lib/mmpy-16/libc.a(rand.o)

.debug_info     0x00000000     0xe818
 *(.debug_info)
 .debug_info    0x00000000      0x3c0 blink.co
 .debug_info    0x000003c0      0x7dc obj_sky/contiki-sky-main.o
 .debug_info    0x00000b9c      0x1bc contiki-sky.a(rimeaddr.o)
 .debug_info    0x00000d58      0x5ef contiki-sky.a(rime.o)
 .debug_info    0x00001347      0x13c contiki-sky.a(rimestats.o)
 .debug_info    0x00001483      0x3a5 contiki-sky.a(announcement.o)
 .debug_info    0x00001828      0x88b contiki-sky.a(broadcast-annou)
 .debug_info    0x000020b3      0x5c2 contiki-sky.a(broadcast.o)
 .debug_info    0x00002675      0x491 contiki-sky.a(abc.o)
 .debug_info    0x00002b06      0x405 contiki-sky.a(chameleon.o)
 .debug_info    0x00002f0b      0x2d3 contiki-sky.a(channel.o)
 .debug_info    0x000031de      0x781 contiki-sky.a(chameleon-bitop)
 .debug_info    0x0000395f      0xbc4 contiki-sky.a(csma.o)
 .debug_info    0x00004523     0x1108 contiki-sky.a(contikimac.o)
 .debug_info    0x0000562b      0x89a contiki-sky.a(phase.o)
 .debug_info    0x00005ec5      0x51b contiki-sky.a(process.o)
 .debug_info    0x000063e0      0x1ad contiki-sky.a(autostart.o)
 .debug_info    0x0000658d      0x41f contiki-sky.a(compower.o)
 .debug_info    0x000069ac      0x357 contiki-sky.a(serial-line.o)
 .debug_info    0x00006d03      0x194 contiki-sky.a(memb.o)
 .debug_info    0x00006e97      0x169 contiki-sky.a(timer.o)
 .debug_info    0x00007000      0x2ef contiki-sky.a(list.o)
 .debug_info    0x000072ef      0x494 contiki-sky.a(etimer.o)
 .debug_info    0x00007783      0x4a3 contiki-sky.a(ctimer.o)
 .debug_info    0x00007c26      0x26e contiki-sky.a(energest.o)
 .debug_info    0x00007e94      0x203 contiki-sky.a(rtimer.o)
 .debug_info    0x00008097       0xa0 contiki-sky.a(random.o)
 .debug_info    0x00008137      0x1a9 contiki-sky.a(ringbuf.o)
 .debug_info    0x000082e0      0x5fb contiki-sky.a(packetbuf.o)
 .debug_info    0x000088db      0x6df contiki-sky.a(queuebuf.o)
 .debug_info    0x00008fba      0x2b5 contiki-sky.a(contiki-sky-pla)
 .debug_info    0x0000926f      0x492 contiki-sky.a(button-sensor.o)
 .debug_info    0x00009701      0x2cb contiki-sky.a(ds2411.o)
 .debug_info    0x000099cc      0x527 contiki-sky.a(xmem.o)
 .debug_info    0x00009ef3       0xe4 contiki-sky.a(node-id.o)
 .debug_info    0x00009fd7      0x401 contiki-sky.a(sensors.o)
 .debug_info    0x0000a3d8     0x1420 contiki-sky.a(cc2420.o)
 .debug_info    0x0000b7f8      0x2a9 contiki-sky.a(cc2420-arch.o)
 .debug_info    0x0000baa1      0x62e contiki-sky.a(uart1.o)
 .debug_info    0x0000c0cf       0x8b contiki-sky.a(uart1-putchar.o)
 .debug_info    0x0000c15a      0x407 contiki-sky.a(msp430.o)
 .debug_info    0x0000c561      0x436 contiki-sky.a(clock.o)
 .debug_info    0x0000c997      0x29c contiki-sky.a(leds.o)
 .debug_info    0x0000cc33      0x10d contiki-sky.a(leds-arch.o)
 .debug_info    0x0000cd40      0x1b8 contiki-sky.a(watchdog.o)
 .debug_info    0x0000cef8      0x251 contiki-sky.a(rtimer-arch.o)
 .debug_info    0x0000d149      0x10c contiki-sky.a(mac.o)
 .debug_info    0x0000d255      0x63c contiki-sky.a(framer-802154.o)
 .debug_info    0x0000d891      0x1a4 contiki-sky.a(spi.o)
 .debug_info    0x0000da35      0x490 contiki-sky.a(frame802154.o)
 .debug_info    0x0000dec5       0xbd /usr/bin/../lib/gcc/msp430/4.5.3/../../../../msp430/lib/mmpy-16/libc.a(strncmp.o)
 .debug_info    0x0000df82      0x113 /usr/bin/../lib/gcc/msp430/4.5.3/../../../../msp430/lib/mmpy-16/libc.a(memcpy.o)
 .debug_info    0x0000e095       0xfe /usr/bin/../lib/gcc/msp430/4.5.3/../../../../msp430/lib/mmpy-16/libc.a(memset.o)
 .debug_info    0x0000e193      0x103 /usr/bin/../lib/gcc/msp430/4.5.3/../../../../msp430/lib/mmpy-16/libc.a(printf.o)
 .debug_info    0x0000e296      0x3b5 /usr/bin/../lib/gcc/msp430/4.5.3/../../../../msp430/lib/mmpy-16/libc.a(vuprintf.o)
 .debug_info    0x0000e64b       0x96 /usr/bin/../lib/gcc/msp430/4.5.3/../../../../msp430/lib/mmpy-16/libc.a(puts.o)
 .debug_info    0x0000e6e1      0x137 /usr/bin/../lib/gcc/msp430/4.5.3/../../../../msp430/lib/mmpy-16/libc.a(rand.o)
 *(.gnu.linkonce.wi.*)

.debug_abbrev   0x00000000     0x57d8
 *(.debug_abbrev)
 .debug_abbrev  0x00000000      0x19c blink.co
 .debug_abbrev  0x0000019c      0x272 obj_sky/contiki-sky-main.o
 .debug_abbrev  0x0000040e      0x174 contiki-sky.a(rimeaddr.o)
 .debug_abbrev  0x00000582      0x1ee contiki-sky.a(rime.o)
 .debug_abbrev  0x00000770       0x5b contiki-sky.a(rimestats.o)
 .debug_abbrev  0x000007cb      0x181 contiki-sky.a(announcement.o)
 .debug_abbrev  0x0000094c      0x252 contiki-sky.a(broadcast-annou)
 .debug_abbrev  0x00000b9e      0x222 contiki-sky.a(broadcast.o)
 .debug_abbrev  0x00000dc0      0x1a8 contiki-sky.a(abc.o)
 .debug_abbrev  0x00000f68      0x1e5 contiki-sky.a(chameleon.o)
 .debug_abbrev  0x0000114d      0x180 contiki-sky.a(channel.o)
 .debug_abbrev  0x000012cd      0x28c contiki-sky.a(chameleon-bitop)
 .debug_abbrev  0x00001559      0x36c contiki-sky.a(csma.o)
 .debug_abbrev  0x000018c5      0x3aa contiki-sky.a(contikimac.o)
 .debug_abbrev  0x00001c6f      0x22f contiki-sky.a(phase.o)
 .debug_abbrev  0x00001e9e      0x2f6 contiki-sky.a(process.o)
 .debug_abbrev  0x00002194       0xf5 contiki-sky.a(autostart.o)
 .debug_abbrev  0x00002289      0x20f contiki-sky.a(compower.o)
 .debug_abbrev  0x00002498      0x1d5 contiki-sky.a(serial-line.o)
 .debug_abbrev  0x0000266d       0xea contiki-sky.a(memb.o)
 .debug_abbrev  0x00002757       0xf8 contiki-sky.a(timer.o)
 .debug_abbrev  0x0000284f      0x151 contiki-sky.a(list.o)
 .debug_abbrev  0x000029a0      0x229 contiki-sky.a(etimer.o)
 .debug_abbrev  0x00002bc9      0x1dc contiki-sky.a(ctimer.o)
 .debug_abbrev  0x00002da5      0x144 contiki-sky.a(energest.o)
 .debug_abbrev  0x00002ee9      0x139 contiki-sky.a(rtimer.o)
 .debug_abbrev  0x00003022       0x67 contiki-sky.a(random.o)
 .debug_abbrev  0x00003089      0x109 contiki-sky.a(ringbuf.o)
 .debug_abbrev  0x00003192      0x25b contiki-sky.a(packetbuf.o)
 .debug_abbrev  0x000033ed      0x232 contiki-sky.a(queuebuf.o)
 .debug_abbrev  0x0000361f      0x12a contiki-sky.a(contiki-sky-pla)
 .debug_abbrev  0x00003749      0x188 contiki-sky.a(button-sensor.o)
 .debug_abbrev  0x000038d1      0x1b3 contiki-sky.a(ds2411.o)
 .debug_abbrev  0x00003a84      0x204 contiki-sky.a(xmem.o)
 .debug_abbrev  0x00003c88       0x93 contiki-sky.a(node-id.o)
 .debug_abbrev  0x00003d1b      0x1eb contiki-sky.a(sensors.o)
 .debug_abbrev  0x00003f06      0x410 contiki-sky.a(cc2420.o)
 .debug_abbrev  0x00004316      0x13d contiki-sky.a(cc2420-arch.o)
 .debug_abbrev  0x00004453      0x1d5 contiki-sky.a(uart1.o)
 .debug_abbrev  0x00004628       0x50 contiki-sky.a(uart1-putchar.o)
 .debug_abbrev  0x00004678      0x190 contiki-sky.a(msp430.o)
 .debug_abbrev  0x00004808      0x1b3 contiki-sky.a(clock.o)
 .debug_abbrev  0x000049bb      0x137 contiki-sky.a(leds.o)
 .debug_abbrev  0x00004af2       0xa6 contiki-sky.a(leds-arch.o)
 .debug_abbrev  0x00004b98       0xd9 contiki-sky.a(watchdog.o)
 .debug_abbrev  0x00004c71      0x135 contiki-sky.a(rtimer-arch.o)
 .debug_abbrev  0x00004da6       0xa0 contiki-sky.a(mac.o)
 .debug_abbrev  0x00004e46      0x220 contiki-sky.a(framer-802154.o)
 .debug_abbrev  0x00005066       0x7f contiki-sky.a(spi.o)
 .debug_abbrev  0x000050e5      0x18d contiki-sky.a(frame802154.o)
 .debug_abbrev  0x00005272       0x6d /usr/bin/../lib/gcc/msp430/4.5.3/../../../../msp430/lib/mmpy-16/libc.a(strncmp.o)
 .debug_abbrev  0x000052df       0x97 /usr/bin/../lib/gcc/msp430/4.5.3/../../../../msp430/lib/mmpy-16/libc.a(memcpy.o)
 .debug_abbrev  0x00005376       0x8d /usr/bin/../lib/gcc/msp430/4.5.3/../../../../msp430/lib/mmpy-16/libc.a(memset.o)
 .debug_abbrev  0x00005403       0xce /usr/bin/../lib/gcc/msp430/4.5.3/../../../../msp430/lib/mmpy-16/libc.a(printf.o)
 .debug_abbrev  0x000054d1      0x1cb /usr/bin/../lib/gcc/msp430/4.5.3/../../../../msp430/lib/mmpy-16/libc.a(vuprintf.o)
 .debug_abbrev  0x0000569c       0x60 /usr/bin/../lib/gcc/msp430/4.5.3/../../../../msp430/lib/mmpy-16/libc.a(puts.o)
 .debug_abbrev  0x000056fc       0xdc /usr/bin/../lib/gcc/msp430/4.5.3/../../../../msp430/lib/mmpy-16/libc.a(rand.o)

.debug_line     0x00000000     0x938b
 *(.debug_line)
 .debug_line    0x00000000      0x1bf blink.co
 .debug_line    0x000001bf      0x4a2 obj_sky/contiki-sky-main.o
 .debug_line    0x00000661      0x13a contiki-sky.a(rimeaddr.o)
 .debug_line    0x0000079b      0x2dc contiki-sky.a(rime.o)
 .debug_line    0x00000a77       0x9e contiki-sky.a(rimestats.o)
 .debug_line    0x00000b15      0x2b3 contiki-sky.a(announcement.o)
 .debug_line    0x00000dc8      0x3e2 contiki-sky.a(broadcast-annou)
 .debug_line    0x000011aa      0x235 contiki-sky.a(broadcast.o)
 .debug_line    0x000013df      0x205 contiki-sky.a(abc.o)
 .debug_line    0x000015e4      0x1de contiki-sky.a(chameleon.o)
 .debug_line    0x000017c2      0x215 contiki-sky.a(channel.o)
 .debug_line    0x000019d7      0x434 contiki-sky.a(chameleon-bitop)
 .debug_line    0x00001e0b      0x571 contiki-sky.a(csma.o)
 .debug_line    0x0000237c      0xabf contiki-sky.a(contikimac.o)
 .debug_line    0x00002e3b      0x47b contiki-sky.a(phase.o)
 .debug_line    0x000032b6      0x3e9 contiki-sky.a(process.o)
 .debug_line    0x0000369f       0xf5 contiki-sky.a(autostart.o)
 .debug_line    0x00003794      0x239 contiki-sky.a(compower.o)
 .debug_line    0x000039cd      0x26d contiki-sky.a(serial-line.o)
 .debug_line    0x00003c3a      0x166 contiki-sky.a(memb.o)
 .debug_line    0x00003da0      0x15c contiki-sky.a(timer.o)
 .debug_line    0x00003efc      0x2a8 contiki-sky.a(list.o)
 .debug_line    0x000041a4      0x3d2 contiki-sky.a(etimer.o)
 .debug_line    0x00004576      0x338 contiki-sky.a(ctimer.o)
 .debug_line    0x000048ae      0x16e contiki-sky.a(energest.o)
 .debug_line    0x00004a1c      0x120 contiki-sky.a(rtimer.o)
 .debug_line    0x00004b3c       0x8b contiki-sky.a(random.o)
 .debug_line    0x00004bc7      0x19c contiki-sky.a(ringbuf.o)
 .debug_line    0x00004d63      0x455 contiki-sky.a(packetbuf.o)
 .debug_line    0x000051b8      0x362 contiki-sky.a(queuebuf.o)
 .debug_line    0x0000551a      0x158 contiki-sky.a(contiki-sky-pla)
 .debug_line    0x00005672      0x2b9 contiki-sky.a(button-sensor.o)
 .debug_line    0x0000592b      0x2b7 contiki-sky.a(ds2411.o)
 .debug_line    0x00005be2      0x3bd contiki-sky.a(xmem.o)
 .debug_line    0x00005f9f       0xd5 contiki-sky.a(node-id.o)
 .debug_line    0x00006074      0x237 contiki-sky.a(sensors.o)
 .debug_line    0x000062ab      0xd51 contiki-sky.a(cc2420.o)
 .debug_line    0x00006ffc      0x1df contiki-sky.a(cc2420-arch.o)
 .debug_line    0x000071db      0x2fd contiki-sky.a(uart1.o)
 .debug_line    0x000074d8       0xc5 contiki-sky.a(uart1-putchar.o)
 .debug_line    0x0000759d      0x2ea contiki-sky.a(msp430.o)
 .debug_line    0x00007887      0x33c contiki-sky.a(clock.o)
 .debug_line    0x00007bc3      0x1fa contiki-sky.a(leds.o)
 .debug_line    0x00007dbd      0x153 contiki-sky.a(leds-arch.o)
 .debug_line    0x00007f10      0x19f contiki-sky.a(watchdog.o)
 .debug_line    0x000080af      0x1a0 contiki-sky.a(rtimer-arch.o)
 .debug_line    0x0000824f       0xb0 contiki-sky.a(mac.o)
 .debug_line    0x000082ff      0x2f7 contiki-sky.a(framer-802154.o)
 .debug_line    0x000085f6       0xf3 contiki-sky.a(spi.o)
 .debug_line    0x000086e9      0x3f7 contiki-sky.a(frame802154.o)
 .debug_line    0x00008ae0       0xcf /usr/bin/../lib/gcc/msp430/4.5.3/../../../../msp430/lib/mmpy-16/libc.a(strncmp.o)
 .debug_line    0x00008baf      0x197 /usr/bin/../lib/gcc/msp430/4.5.3/../../../../msp430/lib/mmpy-16/libc.a(memcpy.o)
 .debug_line    0x00008d46      0x133 /usr/bin/../lib/gcc/msp430/4.5.3/../../../../msp430/lib/mmpy-16/libc.a(memset.o)
 .debug_line    0x00008e79       0xbc /usr/bin/../lib/gcc/msp430/4.5.3/../../../../msp430/lib/mmpy-16/libc.a(printf.o)
 .debug_line    0x00008f35      0x382 /usr/bin/../lib/gcc/msp430/4.5.3/../../../../msp430/lib/mmpy-16/libc.a(vuprintf.o)
 .debug_line    0x000092b7       0x5d /usr/bin/../lib/gcc/msp430/4.5.3/../../../../msp430/lib/mmpy-16/libc.a(puts.o)
 .debug_line    0x00009314       0x77 /usr/bin/../lib/gcc/msp430/4.5.3/../../../../msp430/lib/mmpy-16/libc.a(rand.o)

.debug_frame    0x00000000     0x1c62
 *(.debug_frame)
 .debug_frame   0x00000000       0x36 blink.co
 .debug_frame   0x00000036       0xb6 obj_sky/contiki-sky-main.o
 .debug_frame   0x000000ec       0x36 contiki-sky.a(rimeaddr.o)
 .debug_frame   0x00000122       0x8a contiki-sky.a(rime.o)
 .debug_frame   0x000001ac       0xe8 contiki-sky.a(announcement.o)
 .debug_frame   0x00000294       0xea contiki-sky.a(broadcast-annou)
 .debug_frame   0x0000037e       0x6c contiki-sky.a(broadcast.o)
 .debug_frame   0x000003ea       0x5e contiki-sky.a(abc.o)
 .debug_frame   0x00000448       0x48 contiki-sky.a(chameleon.o)
 .debug_frame   0x00000490       0x5e contiki-sky.a(channel.o)
 .debug_frame   0x000004ee       0xea contiki-sky.a(chameleon-bitop)
 .debug_frame   0x000005d8       0xf6 contiki-sky.a(csma.o)
 .debug_frame   0x000006ce      0x182 contiki-sky.a(contikimac.o)
 .debug_frame   0x00000850       0xc4 contiki-sky.a(phase.o)
 .debug_frame   0x00000914       0xe8 contiki-sky.a(process.o)
 .debug_frame   0x000009fc       0x36 contiki-sky.a(autostart.o)
 .debug_frame   0x00000a32       0x5e contiki-sky.a(compower.o)
 .debug_frame   0x00000a90       0x40 contiki-sky.a(serial-line.o)
 .debug_frame   0x00000ad0       0x60 contiki-sky.a(memb.o)
 .debug_frame   0x00000b30       0x6a contiki-sky.a(timer.o)
 .debug_frame   0x00000b9a       0xb6 contiki-sky.a(list.o)
 .debug_frame   0x00000c50       0xf8 contiki-sky.a(etimer.o)
 .debug_frame   0x00000d48       0xaa contiki-sky.a(ctimer.o)
 .debug_frame   0x00000df2       0x72 contiki-sky.a(energest.o)
 .debug_frame   0x00000e64       0x36 contiki-sky.a(rtimer.o)
 .debug_frame   0x00000e9a       0x2a contiki-sky.a(random.o)
 .debug_frame   0x00000ec4       0x62 contiki-sky.a(ringbuf.o)
 .debug_frame   0x00000f26      0x158 contiki-sky.a(packetbuf.o)
 .debug_frame   0x0000107e       0xb2 contiki-sky.a(queuebuf.o)
 .debug_frame   0x00001130       0x1e contiki-sky.a(contiki-sky-pla)
 .debug_frame   0x0000114e       0x70 contiki-sky.a(button-sensor.o)
 .debug_frame   0x000011be       0x54 contiki-sky.a(ds2411.o)
 .debug_frame   0x00001212       0xc4 contiki-sky.a(xmem.o)
 .debug_frame   0x000012d6       0x32 contiki-sky.a(node-id.o)
 .debug_frame   0x00001308       0x84 contiki-sky.a(sensors.o)
 .debug_frame   0x0000138c      0x24e contiki-sky.a(cc2420.o)
 .debug_frame   0x000015da       0x52 contiki-sky.a(cc2420-arch.o)
 .debug_frame   0x0000162c       0x6c contiki-sky.a(uart1.o)
 .debug_frame   0x00001698       0x24 contiki-sky.a(uart1-putchar.o)
 .debug_frame   0x000016bc       0x76 contiki-sky.a(msp430.o)
 .debug_frame   0x00001732       0xdc contiki-sky.a(clock.o)
 .debug_frame   0x0000180e       0x96 contiki-sky.a(leds.o)
 .debug_frame   0x000018a4       0x36 contiki-sky.a(leds-arch.o)
 .debug_frame   0x000018da       0x5a contiki-sky.a(watchdog.o)
 .debug_frame   0x00001934       0x6a contiki-sky.a(rtimer-arch.o)
 .debug_frame   0x0000199e       0x24 contiki-sky.a(mac.o)
 .debug_frame   0x000019c2       0x40 contiki-sky.a(framer-802154.o)
 .debug_frame   0x00001a02       0x1e contiki-sky.a(spi.o)
 .debug_frame   0x00001a20       0x9a contiki-sky.a(frame802154.o)
 .debug_frame   0x00001aba       0x24 /usr/bin/../lib/gcc/msp430/4.5.3/../../../../msp430/lib/mmpy-16/libc.a(strncmp.o)
 .debug_frame   0x00001ade       0x32 /usr/bin/../lib/gcc/msp430/4.5.3/../../../../msp430/lib/mmpy-16/libc.a(memcpy.o)
 .debug_frame   0x00001b10       0x32 /usr/bin/../lib/gcc/msp430/4.5.3/../../../../msp430/lib/mmpy-16/libc.a(memset.o)
 .debug_frame   0x00001b42       0x2a /usr/bin/../lib/gcc/msp430/4.5.3/../../../../msp430/lib/mmpy-16/libc.a(printf.o)
 .debug_frame   0x00001b6c       0x82 /usr/bin/../lib/gcc/msp430/4.5.3/../../../../msp430/lib/mmpy-16/libc.a(vuprintf.o)
 .debug_frame   0x00001bee       0x24 /usr/bin/../lib/gcc/msp430/4.5.3/../../../../msp430/lib/mmpy-16/libc.a(puts.o)
 .debug_frame   0x00001c12       0x50 /usr/bin/../lib/gcc/msp430/4.5.3/../../../../msp430/lib/mmpy-16/libc.a(rand.o)

.debug_str      0x00000000     0x3d01
 *(.debug_str)
 .debug_str     0x00000000      0x2f4 blink.co
                                0x386 (size before relaxing)
 .debug_str     0x000002f4      0x217 obj_sky/contiki-sky-main.o
                                0x49f (size before relaxing)
 .debug_str     0x0000050b       0x8a contiki-sky.a(rimeaddr.o)
                                0x136 (size before relaxing)
 .debug_str     0x00000595      0x1af contiki-sky.a(rime.o)
                                0x359 (size before relaxing)
 .debug_str     0x00000744       0x3a contiki-sky.a(rimestats.o)
                                 0xeb (size before relaxing)
 .debug_str     0x0000077e      0x1b9 contiki-sky.a(announcement.o)
                                0x2c1 (size before relaxing)
 .debug_str     0x00000937      0x1e1 contiki-sky.a(broadcast-annou)
                                0x540 (size before relaxing)
 .debug_str     0x00000b18      0x361 contiki-sky.a(broadcast.o)
                                0x644 (size before relaxing)
 .debug_str     0x00000e79       0x63 contiki-sky.a(abc.o)
                                0x5d5 (size before relaxing)
 .debug_str     0x00000edc       0xb1 contiki-sky.a(chameleon.o)
                                0x4c5 (size before relaxing)
 .debug_str     0x00000f8d       0xa5 contiki-sky.a(channel.o)
                                0x1e7 (size before relaxing)
 .debug_str     0x00001032       0xde contiki-sky.a(chameleon-bitop)
                                0x55c (size before relaxing)
 .debug_str     0x00001110      0x218 contiki-sky.a(csma.o)
                                0x7e7 (size before relaxing)
 .debug_str     0x00001328      0x406 contiki-sky.a(contikimac.o)
                                0xa6b (size before relaxing)
 .debug_str     0x0000172e      0x11b contiki-sky.a(phase.o)
                                0x41c (size before relaxing)
 .debug_str     0x00001849      0x189 contiki-sky.a(process.o)
                                0x27e (size before relaxing)
 .debug_str     0x000019d2       0x54 contiki-sky.a(autostart.o)
                                0x136 (size before relaxing)
 .debug_str     0x00001a26       0xab contiki-sky.a(compower.o)
                                0x5ee (size before relaxing)
 .debug_str     0x00001ad1       0xce contiki-sky.a(serial-line.o)
                                0x31c (size before relaxing)
 .debug_str     0x00001b9f       0x60 contiki-sky.a(memb.o)
                                 0xfb (size before relaxing)
 .debug_str     0x00001bff       0x41 contiki-sky.a(timer.o)
                                0x120 (size before relaxing)
 .debug_str     0x00001c40       0xc2 contiki-sky.a(list.o)
                                 0xe9 (size before relaxing)
 .debug_str     0x00001d02      0x14d contiki-sky.a(etimer.o)
                                0x28b (size before relaxing)
 .debug_str     0x00001e4f       0xd3 contiki-sky.a(ctimer.o)
                                0x346 (size before relaxing)
 .debug_str     0x00001f22       0xb5 contiki-sky.a(energest.o)
                                0x2c9 (size before relaxing)
 .debug_str     0x00001fd7       0x6e contiki-sky.a(rtimer.o)
                                0x29f (size before relaxing)
 .debug_str     0x00002045       0x4f contiki-sky.a(random.o)
                                 0xda (size before relaxing)
 .debug_str     0x00002094       0x76 contiki-sky.a(ringbuf.o)
                                0x133 (size before relaxing)
 .debug_str     0x0000210a      0x1f9 contiki-sky.a(packetbuf.o)
                                0x723 (size before relaxing)
 .debug_str     0x00002303      0x1a4 contiki-sky.a(queuebuf.o)
                                0x6f1 (size before relaxing)
 .debug_str     0x000024a7       0x89 contiki-sky.a(contiki-sky-pla)
                                0x2b2 (size before relaxing)
 .debug_str     0x00002530      0x120 contiki-sky.a(button-sensor.o)
                                0x3b7 (size before relaxing)
 .debug_str     0x00002650       0x73 contiki-sky.a(ds2411.o)
                                0x25f (size before relaxing)
 .debug_str     0x000026c3      0x102 contiki-sky.a(xmem.o)
                                0x348 (size before relaxing)
 .debug_str     0x000027c5       0x56 contiki-sky.a(node-id.o)
                                 0xe4 (size before relaxing)
 .debug_str     0x0000281b       0xb5 contiki-sky.a(sensors.o)
                                0x331 (size before relaxing)
 .debug_str     0x000028d0      0x7d5 contiki-sky.a(cc2420.o)
                                0xfd1 (size before relaxing)
 .debug_str     0x000030a5       0x63 contiki-sky.a(cc2420-arch.o)
                                0x2fd (size before relaxing)
 .debug_str     0x00003108      0x15c contiki-sky.a(uart1.o)
                                0x41f (size before relaxing)
 .debug_str     0x00003264       0x47 contiki-sky.a(uart1-putchar.o)
                                 0xd2 (size before relaxing)
 .debug_str     0x000032ab      0x156 contiki-sky.a(msp430.o)
                                0x385 (size before relaxing)
 .debug_str     0x00003401       0xf4 contiki-sky.a(clock.o)
                                0x35b (size before relaxing)
 .debug_str     0x000034f5       0x86 contiki-sky.a(leds.o)
                                0x2a9 (size before relaxing)
 .debug_str     0x0000357b       0x76 contiki-sky.a(leds-arch.o)
                                0x112 (size before relaxing)
 .debug_str     0x000035f1       0xa9 contiki-sky.a(watchdog.o)
                                0x277 (size before relaxing)
 .debug_str     0x0000369a       0x92 contiki-sky.a(rtimer-arch.o)
                                0x2bc (size before relaxing)
 .debug_str     0x0000372c       0x4a contiki-sky.a(mac.o)
                                0x14b (size before relaxing)
 .debug_str     0x00003776      0x1ad contiki-sky.a(framer-802154.o)
                                0x610 (size before relaxing)
 .debug_str     0x00003923       0x75 contiki-sky.a(spi.o)
                                0x143 (size before relaxing)
 .debug_str     0x00003998       0xe4 contiki-sky.a(frame802154.o)
                                0x2f9 (size before relaxing)
 .debug_str     0x00003a7c       0x6a /usr/bin/../lib/gcc/msp430/4.5.3/../../../../msp430/lib/mmpy-16/libc.a(strncmp.o)
                                 0xf5 (size before relaxing)
 .debug_str     0x00003ae6       0x2d /usr/bin/../lib/gcc/msp430/4.5.3/../../../../msp430/lib/mmpy-16/libc.a(memcpy.o)
                                0x10e (size before relaxing)
 .debug_str     0x00003b13       0x26 /usr/bin/../lib/gcc/msp430/4.5.3/../../../../msp430/lib/mmpy-16/libc.a(memset.o)
                                0x10c (size before relaxing)
 .debug_str     0x00003b39       0x40 /usr/bin/../lib/gcc/msp430/4.5.3/../../../../msp430/lib/mmpy-16/libc.a(printf.o)
                                0x122 (size before relaxing)
 .debug_str     0x00003b79      0x14e /usr/bin/../lib/gcc/msp430/4.5.3/../../../../msp430/lib/mmpy-16/libc.a(vuprintf.o)
                                0x27e (size before relaxing)
 .debug_str     0x00003cc7       0x15 /usr/bin/../lib/gcc/msp430/4.5.3/../../../../msp430/lib/mmpy-16/libc.a(puts.o)
                                 0xe8 (size before relaxing)
 .debug_str     0x00003cdc       0x25 /usr/bin/../lib/gcc/msp430/4.5.3/../../../../msp430/lib/mmpy-16/libc.a(rand.o)
                                0x107 (size before relaxing)

.debug_loc      0x00000000     0x4821
 *(.debug_loc)
 .debug_loc     0x00000000       0xcc blink.co
 .debug_loc     0x000000cc      0x1a2 obj_sky/contiki-sky-main.o
 .debug_loc     0x0000026e       0x66 contiki-sky.a(rimeaddr.o)
 .debug_loc     0x000002d4      0x142 contiki-sky.a(rime.o)
 .debug_loc     0x00000416      0x1ae contiki-sky.a(announcement.o)
 .debug_loc     0x000005c4      0x1db contiki-sky.a(broadcast-annou)
 .debug_loc     0x0000079f       0xf0 contiki-sky.a(broadcast.o)
 .debug_loc     0x0000088f       0xb2 contiki-sky.a(abc.o)
 .debug_loc     0x00000941       0x7a contiki-sky.a(chameleon.o)
 .debug_loc     0x000009bb       0xc2 contiki-sky.a(channel.o)
 .debug_loc     0x00000a7d      0x431 contiki-sky.a(chameleon-bitop)
 .debug_loc     0x00000eae      0x318 contiki-sky.a(csma.o)
 .debug_loc     0x000011c6      0x653 contiki-sky.a(contikimac.o)
 .debug_loc     0x00001819      0x2f7 contiki-sky.a(phase.o)
 .debug_loc     0x00001b10      0x224 contiki-sky.a(process.o)
 .debug_loc     0x00001d34       0x56 contiki-sky.a(autostart.o)
 .debug_loc     0x00001d8a       0x58 contiki-sky.a(compower.o)
 .debug_loc     0x00001de2       0xbf contiki-sky.a(serial-line.o)
 .debug_loc     0x00001ea1      0x12f contiki-sky.a(memb.o)
 .debug_loc     0x00001fd0       0xb9 contiki-sky.a(timer.o)
 .debug_loc     0x00002089      0x1c3 contiki-sky.a(list.o)
 .debug_loc     0x0000224c      0x285 contiki-sky.a(etimer.o)
 .debug_loc     0x000024d1      0x21a contiki-sky.a(ctimer.o)
 .debug_loc     0x000026eb       0xa2 contiki-sky.a(energest.o)
 .debug_loc     0x0000278d       0x5b contiki-sky.a(rtimer.o)
 .debug_loc     0x000027e8        0xb contiki-sky.a(random.o)
 .debug_loc     0x000027f3       0xab contiki-sky.a(ringbuf.o)
 .debug_loc     0x0000289e      0x1f7 contiki-sky.a(packetbuf.o)
 .debug_loc     0x00002a95      0x151 contiki-sky.a(queuebuf.o)
 .debug_loc     0x00002be6       0xc3 contiki-sky.a(button-sensor.o)
 .debug_loc     0x00002ca9      0x151 contiki-sky.a(ds2411.o)
 .debug_loc     0x00002dfa      0x2da contiki-sky.a(xmem.o)
 .debug_loc     0x000030d4       0x33 contiki-sky.a(node-id.o)
 .debug_loc     0x00003107      0x155 contiki-sky.a(sensors.o)
 .debug_loc     0x0000325c      0x626 contiki-sky.a(cc2420.o)
 .debug_loc     0x00003882       0x4c contiki-sky.a(cc2420-arch.o)
 .debug_loc     0x000038ce       0xa7 contiki-sky.a(uart1.o)
 .debug_loc     0x00003975       0x2d contiki-sky.a(uart1-putchar.o)
 .debug_loc     0x000039a2       0x8c contiki-sky.a(msp430.o)
 .debug_loc     0x00003a2e       0xf4 contiki-sky.a(clock.o)
 .debug_loc     0x00003b22       0xc3 contiki-sky.a(leds.o)
 .debug_loc     0x00003be5        0xb contiki-sky.a(leds-arch.o)
 .debug_loc     0x00003bf0       0x4c contiki-sky.a(rtimer-arch.o)
 .debug_loc     0x00003c3c       0x55 contiki-sky.a(mac.o)
 .debug_loc     0x00003c91       0xc3 contiki-sky.a(framer-802154.o)
 .debug_loc     0x00003d54      0x26a contiki-sky.a(frame802154.o)
 .debug_loc     0x00003fbe       0x63 /usr/bin/../lib/gcc/msp430/4.5.3/../../../../msp430/lib/mmpy-16/libc.a(strncmp.o)
 .debug_loc     0x00004021      0x1d6 /usr/bin/../lib/gcc/msp430/4.5.3/../../../../msp430/lib/mmpy-16/libc.a(memcpy.o)
 .debug_loc     0x000041f7       0xeb /usr/bin/../lib/gcc/msp430/4.5.3/../../../../msp430/lib/mmpy-16/libc.a(memset.o)
 .debug_loc     0x000042e2       0x24 /usr/bin/../lib/gcc/msp430/4.5.3/../../../../msp430/lib/mmpy-16/libc.a(printf.o)
 .debug_loc     0x00004306      0x49c /usr/bin/../lib/gcc/msp430/4.5.3/../../../../msp430/lib/mmpy-16/libc.a(vuprintf.o)
 .debug_loc     0x000047a2       0x2d /usr/bin/../lib/gcc/msp430/4.5.3/../../../../msp430/lib/mmpy-16/libc.a(puts.o)
 .debug_loc     0x000047cf       0x52 /usr/bin/../lib/gcc/msp430/4.5.3/../../../../msp430/lib/mmpy-16/libc.a(rand.o)

.debug_macinfo
 *(.debug_macinfo)

.debug_pubtypes
                0x00000000     0x1d01
 *(.debug_pubtypes)
 .debug_pubtypes
                0x00000000       0x99 blink.co
 .debug_pubtypes
                0x00000099      0x15c obj_sky/contiki-sky-main.o
 .debug_pubtypes
                0x000001f5       0x2d contiki-sky.a(rimeaddr.o)
 .debug_pubtypes
                0x00000222       0xf7 contiki-sky.a(rime.o)
 .debug_pubtypes
                0x00000319       0x20 contiki-sky.a(rimestats.o)
 .debug_pubtypes
                0x00000339       0x8c contiki-sky.a(announcement.o)
 .debug_pubtypes
                0x000003c5      0x1e1 contiki-sky.a(broadcast-annou)
 .debug_pubtypes
                0x000005a6       0xf4 contiki-sky.a(broadcast.o)
 .debug_pubtypes
                0x0000069a       0xc9 contiki-sky.a(abc.o)
 .debug_pubtypes
                0x00000763       0xad contiki-sky.a(chameleon.o)
 .debug_pubtypes
                0x00000810       0xa3 contiki-sky.a(channel.o)
 .debug_pubtypes
                0x000008b3       0xbc contiki-sky.a(chameleon-bitop)
 .debug_pubtypes
                0x0000096f      0x177 contiki-sky.a(csma.o)
 .debug_pubtypes
                0x00000ae6      0x1dd contiki-sky.a(contikimac.o)
 .debug_pubtypes
                0x00000cc3      0x183 contiki-sky.a(phase.o)
 .debug_pubtypes
                0x00000e46       0x7d contiki-sky.a(process.o)
 .debug_pubtypes
                0x00000ec3       0x55 contiki-sky.a(autostart.o)
 .debug_pubtypes
                0x00000f18       0xaa contiki-sky.a(compower.o)
 .debug_pubtypes
                0x00000fc2       0x7f contiki-sky.a(serial-line.o)
 .debug_pubtypes
                0x00001041       0x1b contiki-sky.a(memb.o)
 .debug_pubtypes
                0x0000105c       0x2d contiki-sky.a(timer.o)
 .debug_pubtypes
                0x00001089       0x26 contiki-sky.a(list.o)
 .debug_pubtypes
                0x000010af       0x7b contiki-sky.a(etimer.o)
 .debug_pubtypes
                0x0000112a       0xa3 contiki-sky.a(ctimer.o)
 .debug_pubtypes
                0x000011cd       0x46 contiki-sky.a(energest.o)
 .debug_pubtypes
                0x00001213       0x58 contiki-sky.a(rtimer.o)
 .debug_pubtypes
                0x0000126b       0x12 contiki-sky.a(random.o)
 .debug_pubtypes
                0x0000127d       0x2a contiki-sky.a(ringbuf.o)
 .debug_pubtypes
                0x000012a7       0x87 contiki-sky.a(packetbuf.o)
 .debug_pubtypes
                0x0000132e       0xc0 contiki-sky.a(queuebuf.o)
 .debug_pubtypes
                0x000013ee       0x7a contiki-sky.a(contiki-sky-pla)
 .debug_pubtypes
                0x00001468       0x74 contiki-sky.a(button-sensor.o)
 .debug_pubtypes
                0x000014dc       0x24 contiki-sky.a(ds2411.o)
 .debug_pubtypes
                0x00001500       0x46 contiki-sky.a(xmem.o)
 .debug_pubtypes
                0x00001546       0x12 contiki-sky.a(node-id.o)